OpenJDK 64-Bit Server VM (25.292-b10) for linux-amd64 JRE (1.8.0_292-8u292-b10-0ubuntu1~18.04-b10), built on Apr 21 2021 11:46:09 by "buildd" with gcc 7.5.0
Memory: 4k page, physical 8049124k(6576924k free), swap 499996k(499996k free)
CommandLine flags: -XX:+HeapDumpOnOutOfMemoryError -XX:HeapDumpPath=./volcadoerror.dump -XX:InitialHeapSize=35651584 -XX:MaxHeapSize=35651584 -XX:+PrintGC -XX:+PrintGCTimeStamps -XX:+UseCompressedClassPointers -XX:+UseCompressedOops -XX:+UseParallelGC 
0.107: [GC (Allocation Failure)  9206K->6873K(33792K), 0.0182032 secs]
0.139: [GC (Allocation Failure)  16089K->13774K(33792K), 0.0190598 secs]
0.169: [GC (Allocation Failure)  22990K->23019K(33792K), 0.0451536 secs]
0.214: [Full GC (Ergonomics)  23019K->20841K(33792K), 0.1392143 secs]
0.360: [Full GC (Ergonomics)  30057K->26862K(33792K), 0.1521908 secs]
0.514: [Full GC (Ergonomics)  28399K->28399K(33792K), 0.0835343 secs]
0.597: [Full GC (Ergonomics)  28399K->28399K(33792K), 0.0793256 secs]
0.677: [Full GC (Ergonomics)  28399K->28399K(33792K), 0.0784766 secs]
0.756: [Full GC (Ergonomics)  28400K->28400K(33792K), 0.0765181 secs]
0.832: [Full GC (Ergonomics)  28402K->28402K(33792K), 0.0755679 secs]
0.908: [Full GC (Ergonomics)  28403K->28403K(33792K), 0.0754846 secs]
0.984: [Full GC (Ergonomics)  28405K->28405K(33792K), 0.0759401 secs]
1.061: [Full GC (Ergonomics)  28406K->28406K(33792K), 0.0749382 secs]
1.136: [Full GC (Ergonomics)  28408K->28408K(33792K), 0.0752137 secs]
1.211: [Full GC (Ergonomics)  28409K->28409K(33792K), 0.0788990 secs]
1.290: [Full GC (Ergonomics)  28411K->28411K(33792K), 0.0753789 secs]
1.366: [Full GC (Ergonomics)  28412K->28412K(33792K), 0.0821305 secs]
1.448: [Full GC (Ergonomics)  28414K->28414K(33792K), 0.0765238 secs]
1.525: [Full GC (Ergonomics)  28415K->28415K(33792K), 0.0770537 secs]
1.602: [Full GC (Ergonomics)  28417K->28417K(33792K), 0.0754867 secs]
1.678: [Full GC (Ergonomics)  28418K->28418K(33792K), 0.0782253 secs]
1.756: [Full GC (Ergonomics)  28420K->28420K(33792K), 0.0765610 secs]
1.833: [Full GC (Ergonomics)  28421K->28421K(33792K), 0.0763545 secs]
1.909: [Full GC (Ergonomics)  28423K->28423K(33792K), 0.0758108 secs]
1.985: [Full GC (Ergonomics)  28424K->28424K(33792K), 0.0766331 secs]
2.063: [Full GC (Ergonomics)  28426K->28426K(33792K), 0.0761167 secs]
2.139: [Full GC (Ergonomics)  28427K->28427K(33792K), 0.0759443 secs]
2.216: [Full GC (Ergonomics)  28429K->28429K(33792K), 0.0761704 secs]
2.292: [Full GC (Ergonomics)  28430K->28430K(33792K), 0.0762267 secs]
2.369: [Full GC (Ergonomics)  28432K->28432K(33792K), 0.0779646 secs]
2.448: [Full GC (Ergonomics)  28433K->28433K(33792K), 0.0748224 secs]
2.523: [Full GC (Ergonomics)  28435K->28435K(33792K), 0.0782016 secs]
2.602: [Full GC (Ergonomics)  28436K->28436K(33792K), 0.0768292 secs]
2.679: [Full GC (Ergonomics)  28438K->28438K(33792K), 0.0752765 secs]
2.754: [Full GC (Ergonomics)  28439K->28439K(33792K), 0.0758420 secs]
2.831: [Full GC (Ergonomics)  28441K->28441K(33792K), 0.0753327 secs]
2.906: [Full GC (Ergonomics)  28442K->28442K(33792K), 0.0755078 secs]
2.982: [Full GC (Ergonomics)  28444K->28444K(33792K), 0.0903189 secs]
3.073: [Full GC (Ergonomics)  28445K->28445K(33792K), 0.0752898 secs]
3.148: [Full GC (Ergonomics)  28447K->28447K(33792K), 0.0766647 secs]
3.225: [Full GC (Ergonomics)  28448K->28448K(33792K), 0.0775075 secs]
3.303: [Full GC (Ergonomics)  28450K->28450K(33792K), 0.0756305 secs]
3.379: [Full GC (Ergonomics)  28451K->28451K(33792K), 0.0751591 secs]
3.455: [Full GC (Ergonomics)  28453K->28453K(33792K), 0.0773567 secs]
3.532: [Full GC (Ergonomics)  28454K->28454K(33792K), 0.0783856 secs]
3.611: [Full GC (Ergonomics)  28456K->28456K(33792K), 0.0759437 secs]
3.687: [Full GC (Ergonomics)  28457K->28457K(33792K), 0.0756738 secs]
3.763: [Full GC (Ergonomics)  28459K->28459K(33792K), 0.0776095 secs]
3.841: [Full GC (Ergonomics)  28460K->28460K(33792K), 0.0776829 secs]
3.919: [Full GC (Ergonomics)  28462K->28462K(33792K), 0.0768080 secs]
3.996: [Full GC (Ergonomics)  28463K->28463K(33792K), 0.0774153 secs]
4.073: [Full GC (Ergonomics)  28465K->28465K(33792K), 0.0787811 secs]
4.152: [Full GC (Ergonomics)  28466K->28466K(33792K), 0.0759407 secs]
4.228: [Full GC (Ergonomics)  28468K->28468K(33792K), 0.0778222 secs]
4.306: [Full GC (Ergonomics)  28469K->28469K(33792K), 0.0769897 secs]
4.383: [Full GC (Ergonomics)  28471K->28471K(33792K), 0.0766797 secs]
4.460: [Full GC (Ergonomics)  28472K->28472K(33792K), 0.0778034 secs]
4.538: [Full GC (Ergonomics)  28474K->28474K(33792K), 0.0746378 secs]
4.613: [Full GC (Ergonomics)  28475K->28475K(33792K), 0.0766903 secs]
4.690: [Full GC (Ergonomics)  28477K->28477K(33792K), 0.0795292 secs]
4.770: [Full GC (Ergonomics)  28478K->28478K(33792K), 0.0770748 secs]
4.847: [Full GC (Ergonomics)  28480K->28480K(33792K), 0.0771590 secs]
4.924: [Full GC (Ergonomics)  28481K->28481K(33792K), 0.0807431 secs]
5.005: [Full GC (Ergonomics)  28483K->28483K(33792K), 0.0772325 secs]
5.083: [Full GC (Ergonomics)  28484K->28484K(33792K), 0.0807079 secs]
5.164: [Full GC (Ergonomics)  28486K->28486K(33792K), 0.0777712 secs]
5.242: [Full GC (Ergonomics)  28487K->28487K(33792K), 0.0774288 secs]
5.319: [Full GC (Ergonomics)  28489K->28489K(33792K), 0.0765617 secs]
5.397: [Full GC (Ergonomics)  28490K->28490K(33792K), 0.0749377 secs]
5.472: [Full GC (Ergonomics)  28492K->28492K(33792K), 0.0755064 secs]
5.548: [Full GC (Ergonomics)  28493K->28493K(33792K), 0.0770787 secs]
5.626: [Full GC (Ergonomics)  28495K->28495K(33792K), 0.0761364 secs]
5.702: [Full GC (Ergonomics)  28496K->28496K(33792K), 0.0774486 secs]
5.781: [Full GC (Ergonomics)  28498K->28498K(33792K), 0.0754763 secs]
5.857: [Full GC (Ergonomics)  28499K->28499K(33792K), 0.0757886 secs]
5.933: [Full GC (Ergonomics)  28501K->28501K(33792K), 0.0773976 secs]
6.011: [Full GC (Ergonomics)  28502K->28502K(33792K), 0.0748754 secs]
6.087: [Full GC (Ergonomics)  28504K->28490K(33792K), 0.0931966 secs]
6.180: [Full GC (Ergonomics)  28492K->28492K(33792K), 0.0774162 secs]
6.258: [Full GC (Ergonomics)  28493K->28493K(33792K), 0.0765243 secs]
6.335: [Full GC (Ergonomics)  28495K->28495K(33792K), 0.0775207 secs]
6.413: [Full GC (Ergonomics)  28496K->28496K(33792K), 0.0773671 secs]
6.490: [Full GC (Ergonomics)  28498K->28498K(33792K), 0.0772052 secs]
6.569: [Full GC (Ergonomics)  28499K->28499K(33792K), 0.0758451 secs]
6.646: [Full GC (Ergonomics)  28501K->28501K(33792K), 0.0762058 secs]
6.723: [Full GC (Ergonomics)  28502K->28502K(33792K), 0.0771282 secs]
6.800: [Full GC (Ergonomics)  28504K->28504K(33792K), 0.0776514 secs]
6.878: [Full GC (Ergonomics)  28505K->28505K(33792K), 0.0766542 secs]
6.955: [Full GC (Ergonomics)  28507K->28507K(33792K), 0.0758994 secs]
7.031: [Full GC (Ergonomics)  28508K->28508K(33792K), 0.0780553 secs]
7.110: [Full GC (Ergonomics)  28510K->28510K(33792K), 0.0781319 secs]
7.188: [Full GC (Ergonomics)  28511K->28511K(33792K), 0.0761773 secs]
7.264: [Full GC (Ergonomics)  28513K->28513K(33792K), 0.0774745 secs]
7.342: [Full GC (Ergonomics)  28514K->28514K(33792K), 0.0766181 secs]
7.419: [Full GC (Ergonomics)  28516K->28516K(33792K), 0.0765441 secs]
7.496: [Full GC (Ergonomics)  28517K->28517K(33792K), 0.0791689 secs]
7.576: [Full GC (Ergonomics)  28519K->28519K(33792K), 0.0753747 secs]
7.654: [Full GC (Ergonomics)  28520K->28520K(33792K), 0.0819799 secs]
7.736: [Full GC (Ergonomics)  28522K->28522K(33792K), 0.0775154 secs]
7.814: [Full GC (Ergonomics)  28523K->28523K(33792K), 0.0773513 secs]
7.891: [Full GC (Ergonomics)  28525K->28525K(33792K), 0.0779090 secs]
7.970: [Full GC (Ergonomics)  28526K->28526K(33792K), 0.0765704 secs]
8.047: [Full GC (Ergonomics)  28528K->28528K(33792K), 0.0769445 secs]
8.124: [Full GC (Ergonomics)  28529K->28529K(33792K), 0.0760997 secs]
8.200: [Full GC (Ergonomics)  28531K->28531K(33792K), 0.0763906 secs]
8.277: [Full GC (Ergonomics)  28532K->28532K(33792K), 0.0794463 secs]
8.356: [Full GC (Ergonomics)  28534K->28534K(33792K), 0.0768610 secs]
8.435: [Full GC (Ergonomics)  28535K->28535K(33792K), 0.0751889 secs]
8.510: [Full GC (Ergonomics)  28537K->28537K(33792K), 0.0762833 secs]
8.587: [Full GC (Ergonomics)  28538K->28538K(33792K), 0.0760659 secs]
8.663: [Full GC (Ergonomics)  28540K->28540K(33792K), 0.0763588 secs]
8.739: [Full GC (Ergonomics)  28541K->28541K(33792K), 0.0772955 secs]
8.818: [Full GC (Ergonomics)  28543K->28543K(33792K), 0.0862408 secs]
8.904: [Full GC (Ergonomics)  28544K->28544K(33792K), 0.0799467 secs]
8.985: [Full GC (Ergonomics)  28546K->28546K(33792K), 0.0758960 secs]
9.061: [Full GC (Ergonomics)  28547K->28547K(33792K), 0.0766488 secs]
9.138: [Full GC (Ergonomics)  28549K->28549K(33792K), 0.0764582 secs]
9.214: [Full GC (Ergonomics)  28550K->28550K(33792K), 0.0777656 secs]
9.293: [Full GC (Ergonomics)  28552K->28552K(33792K), 0.0864486 secs]
9.379: [Full GC (Ergonomics)  28553K->28553K(33792K), 0.0784915 secs]
9.458: [Full GC (Ergonomics)  28555K->28555K(33792K), 0.0763959 secs]
9.535: [Full GC (Ergonomics)  28556K->28556K(33792K), 0.0864276 secs]
9.621: [Full GC (Ergonomics)  28558K->28558K(33792K), 0.0765915 secs]
9.698: [Full GC (Ergonomics)  28559K->28559K(33792K), 0.0765730 secs]
9.775: [Full GC (Ergonomics)  28561K->28561K(33792K), 0.0778956 secs]
9.853: [Full GC (Ergonomics)  28562K->28562K(33792K), 0.0779280 secs]
9.931: [Full GC (Ergonomics)  28564K->28564K(33792K), 0.0779196 secs]
10.009: [Full GC (Ergonomics)  28565K->28565K(33792K), 0.0769673 secs]
10.086: [Full GC (Ergonomics)  28567K->28567K(33792K), 0.0766727 secs]
10.163: [Full GC (Ergonomics)  28568K->28568K(33792K), 0.0781297 secs]
10.242: [Full GC (Ergonomics)  28570K->28570K(33792K), 0.0809735 secs]
10.323: [Full GC (Ergonomics)  28571K->28571K(33792K), 0.0771073 secs]
10.400: [Full GC (Ergonomics)  28573K->28573K(33792K), 0.0764333 secs]
10.477: [Full GC (Ergonomics)  28574K->28574K(33792K), 0.0791377 secs]
10.556: [Full GC (Ergonomics)  28576K->28576K(33792K), 0.0810254 secs]
10.637: [Full GC (Ergonomics)  28577K->28577K(33792K), 0.0770878 secs]
10.714: [Full GC (Ergonomics)  28579K->28579K(33792K), 0.0771261 secs]
10.792: [Full GC (Ergonomics)  28580K->28580K(33792K), 0.0770612 secs]
10.869: [Full GC (Ergonomics)  28582K->28582K(33792K), 0.0775667 secs]
10.947: [Full GC (Ergonomics)  28583K->28583K(33792K), 0.0774736 secs]
11.024: [Full GC (Ergonomics)  28585K->28585K(33792K), 0.0949932 secs]
11.120: [Full GC (Ergonomics)  28586K->28586K(33792K), 0.0763815 secs]
11.197: [Full GC (Ergonomics)  28588K->28588K(33792K), 0.0768908 secs]
11.274: [Full GC (Ergonomics)  28589K->28589K(33792K), 0.0763255 secs]
11.350: [Full GC (Ergonomics)  28591K->28591K(33792K), 0.0771288 secs]
11.428: [Full GC (Ergonomics)  28592K->28592K(33792K), 0.0790903 secs]
11.507: [Full GC (Ergonomics)  28594K->28594K(33792K), 0.0773740 secs]
11.585: [Full GC (Ergonomics)  28595K->28595K(33792K), 0.0762507 secs]
11.662: [Full GC (Ergonomics)  28597K->28597K(33792K), 0.0770277 secs]
11.739: [Full GC (Ergonomics)  28598K->28598K(33792K), 0.0767185 secs]
11.816: [Full GC (Ergonomics)  28600K->28600K(33792K), 0.0772157 secs]
11.893: [Full GC (Ergonomics)  28601K->28601K(33792K), 0.0849623 secs]
11.978: [Full GC (Ergonomics)  28603K->28603K(33792K), 0.0768465 secs]
12.055: [Full GC (Ergonomics)  28604K->28604K(33792K), 0.0775345 secs]
12.133: [Full GC (Ergonomics)  28606K->28606K(33792K), 0.0776203 secs]
12.211: [Full GC (Ergonomics)  28607K->28607K(33792K), 0.0781529 secs]
12.289: [Full GC (Ergonomics)  28609K->28609K(33792K), 0.0773635 secs]
12.367: [Full GC (Ergonomics)  28610K->28610K(33792K), 0.0758482 secs]
12.443: [Full GC (Ergonomics)  28612K->28612K(33792K), 0.0771315 secs]
12.520: [Full GC (Ergonomics)  28613K->28613K(33792K), 0.0793169 secs]
12.600: [Full GC (Ergonomics)  28615K->28615K(33792K), 0.1058841 secs]
12.706: [Full GC (Ergonomics)  28616K->28616K(33792K), 0.0759856 secs]
12.782: [Full GC (Ergonomics)  28618K->28618K(33792K), 0.0774508 secs]
12.860: [Full GC (Ergonomics)  28619K->28619K(33792K), 0.0772904 secs]
12.937: [Full GC (Ergonomics)  28621K->28621K(33792K), 0.0779168 secs]
13.015: [Full GC (Ergonomics)  28622K->28622K(33792K), 0.0863029 secs]
13.102: [Full GC (Ergonomics)  28624K->28624K(33792K), 0.0774881 secs]
13.179: [Full GC (Ergonomics)  28625K->28625K(33792K), 0.0773267 secs]
13.257: [Full GC (Ergonomics)  28627K->28627K(33792K), 0.0771677 secs]
13.334: [Full GC (Ergonomics)  28628K->28628K(33792K), 0.0778083 secs]
13.412: [Full GC (Ergonomics)  28630K->28630K(33792K), 0.0770885 secs]
13.489: [Full GC (Ergonomics)  28631K->28631K(33792K), 0.0776121 secs]
13.567: [Full GC (Ergonomics)  28633K->28633K(33792K), 0.0764325 secs]
13.644: [Full GC (Ergonomics)  28634K->28634K(33792K), 0.0771320 secs]
13.721: [Full GC (Ergonomics)  28636K->28636K(33792K), 0.0775249 secs]
13.799: [Full GC (Ergonomics)  28637K->28637K(33792K), 0.0772357 secs]
13.877: [Full GC (Ergonomics)  28639K->28639K(33792K), 0.0767527 secs]
13.954: [Full GC (Ergonomics)  28640K->28640K(33792K), 0.0807992 secs]
14.035: [Full GC (Ergonomics)  28642K->28642K(33792K), 0.0768149 secs]
14.112: [Full GC (Ergonomics)  28643K->28643K(33792K), 0.0760777 secs]
14.189: [Full GC (Ergonomics)  28645K->28645K(33792K), 0.0769893 secs]
14.266: [Full GC (Ergonomics)  28646K->28646K(33792K), 0.0766779 secs]
14.343: [Full GC (Ergonomics)  28648K->28648K(33792K), 0.0774288 secs]
14.421: [Full GC (Ergonomics)  28649K->28649K(33792K), 0.0778076 secs]
14.499: [Full GC (Ergonomics)  28651K->28651K(33792K), 0.0768958 secs]
14.576: [Full GC (Ergonomics)  28652K->28652K(33792K), 0.0757656 secs]
14.653: [Full GC (Ergonomics)  28654K->28654K(33792K), 0.0758388 secs]
14.730: [Full GC (Ergonomics)  28655K->28655K(33792K), 0.0802758 secs]
14.810: [Full GC (Ergonomics)  28657K->28657K(33792K), 0.0774849 secs]
14.888: [Full GC (Ergonomics)  28658K->28658K(33792K), 0.0771416 secs]
14.965: [Full GC (Ergonomics)  28660K->28660K(33792K), 0.0814563 secs]
15.047: [Full GC (Ergonomics)  28661K->28661K(33792K), 0.0758832 secs]
15.123: [Full GC (Ergonomics)  28663K->28663K(33792K), 0.0795186 secs]
15.203: [Full GC (Ergonomics)  28664K->28664K(33792K), 0.0791711 secs]
15.282: [Full GC (Ergonomics)  28666K->28666K(33792K), 0.0906701 secs]
15.373: [Full GC (Ergonomics)  28667K->28667K(33792K), 0.0784404 secs]
15.453: [Full GC (Ergonomics)  28669K->28669K(33792K), 0.0762319 secs]
15.529: [Full GC (Ergonomics)  28670K->28670K(33792K), 0.0776614 secs]
15.607: [Full GC (Ergonomics)  28672K->28672K(33792K), 0.0762666 secs]
15.684: [Full GC (Ergonomics)  28673K->28673K(33792K), 0.0756636 secs]
15.760: [Full GC (Ergonomics)  28675K->28675K(33792K), 0.0758646 secs]
15.836: [Full GC (Ergonomics)  28676K->28676K(33792K), 0.0764981 secs]
15.912: [Full GC (Ergonomics)  28678K->28678K(33792K), 0.0753562 secs]
15.988: [Full GC (Ergonomics)  28679K->28679K(33792K), 0.0749845 secs]
16.063: [Full GC (Ergonomics)  28681K->28681K(33792K), 0.0758171 secs]
16.139: [Full GC (Ergonomics)  28682K->28682K(33792K), 0.0765816 secs]
16.216: [Full GC (Ergonomics)  28684K->28684K(33792K), 0.0801150 secs]
16.296: [Full GC (Ergonomics)  28685K->28685K(33792K), 0.0766947 secs]
16.373: [Full GC (Ergonomics)  28687K->28687K(33792K), 0.0776996 secs]
16.451: [Full GC (Ergonomics)  28688K->28688K(33792K), 0.0774616 secs]
16.529: [Full GC (Ergonomics)  28690K->28690K(33792K), 0.0766388 secs]
16.606: [Full GC (Ergonomics)  28691K->28691K(33792K), 0.0759681 secs]
16.682: [Full GC (Ergonomics)  28693K->28693K(33792K), 0.0758648 secs]
16.758: [Full GC (Ergonomics)  28694K->28694K(33792K), 0.0759788 secs]
16.834: [Full GC (Ergonomics)  28696K->28696K(33792K), 0.0760602 secs]
16.910: [Full GC (Ergonomics)  28697K->28697K(33792K), 0.0756863 secs]
16.986: [Full GC (Ergonomics)  28699K->28699K(33792K), 0.0864248 secs]
17.073: [Full GC (Ergonomics)  28700K->28700K(33792K), 0.0762655 secs]
17.149: [Full GC (Ergonomics)  28702K->28702K(33792K), 0.0763371 secs]
17.226: [Full GC (Ergonomics)  28703K->28703K(33792K), 0.0779376 secs]
17.304: [Full GC (Ergonomics)  28705K->28705K(33792K), 0.0765307 secs]
17.380: [Full GC (Ergonomics)  28706K->28706K(33792K), 0.0769600 secs]
17.458: [Full GC (Ergonomics)  28708K->28708K(33792K), 0.0763268 secs]
17.534: [Full GC (Ergonomics)  28709K->28709K(33792K), 0.0781221 secs]
17.612: [Full GC (Ergonomics)  28711K->28711K(33792K), 0.0761355 secs]
17.689: [Full GC (Ergonomics)  28712K->28712K(33792K), 0.0764104 secs]
17.765: [Full GC (Ergonomics)  28714K->28714K(33792K), 0.0762432 secs]
17.842: [Full GC (Ergonomics)  28715K->28715K(33792K), 0.0761350 secs]
17.918: [Full GC (Ergonomics)  28717K->28717K(33792K), 0.0776775 secs]
17.996: [Full GC (Ergonomics)  28718K->28718K(33792K), 0.0759701 secs]
18.072: [Full GC (Ergonomics)  28720K->28720K(33792K), 0.0757840 secs]
18.148: [Full GC (Ergonomics)  28721K->28721K(33792K), 0.0755011 secs]
18.224: [Full GC (Ergonomics)  28723K->28723K(33792K), 0.0763525 secs]
18.300: [Full GC (Ergonomics)  28724K->28724K(33792K), 0.0773153 secs]
18.378: [Full GC (Ergonomics)  28726K->28726K(33792K), 0.0766945 secs]
18.455: [Full GC (Ergonomics)  28727K->28727K(33792K), 0.0790380 secs]
18.534: [Full GC (Ergonomics)  28729K->28729K(33792K), 0.0756727 secs]
18.610: [Full GC (Ergonomics)  28730K->28730K(33792K), 0.0750813 secs]
18.685: [Full GC (Ergonomics)  28732K->28732K(33792K), 0.0760716 secs]
18.761: [Full GC (Ergonomics)  28733K->28733K(33792K), 0.0762867 secs]
18.838: [Full GC (Ergonomics)  28735K->28735K(33792K), 0.0754523 secs]
18.914: [Full GC (Ergonomics)  28736K->28736K(33792K), 0.0772837 secs]
18.991: [Full GC (Ergonomics)  28738K->28738K(33792K), 0.0760552 secs]
19.067: [Full GC (Ergonomics)  28739K->28739K(33792K), 0.0764108 secs]
19.144: [Full GC (Ergonomics)  28741K->28741K(33792K), 0.0758954 secs]
19.220: [Full GC (Ergonomics)  28742K->28742K(33792K), 0.0770536 secs]
19.297: [Full GC (Ergonomics)  28744K->28744K(33792K), 0.0773169 secs]
19.375: [Full GC (Ergonomics)  28745K->28745K(33792K), 0.0770242 secs]
19.452: [Full GC (Ergonomics)  28747K->28747K(33792K), 0.0766253 secs]
19.529: [Full GC (Ergonomics)  28748K->28748K(33792K), 0.0766882 secs]
19.606: [Full GC (Ergonomics)  28750K->28750K(33792K), 0.0764588 secs]
19.682: [Full GC (Ergonomics)  28751K->28751K(33792K), 0.0766417 secs]
19.759: [Full GC (Ergonomics)  28753K->28753K(33792K), 0.0765926 secs]
19.837: [Full GC (Ergonomics)  28754K->28754K(33792K), 0.0753109 secs]
19.913: [Full GC (Ergonomics)  28756K->28756K(33792K), 0.0765101 secs]
19.989: [Full GC (Ergonomics)  28757K->28757K(33792K), 0.0761845 secs]
20.066: [Full GC (Ergonomics)  28759K->28759K(33792K), 0.0769145 secs]
20.143: [Full GC (Ergonomics)  28760K->28760K(33792K), 0.0769303 secs]
20.220: [Full GC (Ergonomics)  28762K->28762K(33792K), 0.0768042 secs]
20.297: [Full GC (Ergonomics)  28763K->28763K(33792K), 0.0769061 secs]
20.374: [Full GC (Ergonomics)  28765K->28765K(33792K), 0.0771047 secs]
20.453: [Full GC (Ergonomics)  28766K->28766K(33792K), 0.0754404 secs]
20.528: [Full GC (Ergonomics)  28768K->28768K(33792K), 0.0765934 secs]
20.605: [Full GC (Ergonomics)  28769K->28769K(33792K), 0.0757562 secs]
20.681: [Full GC (Ergonomics)  28771K->28771K(33792K), 0.0760075 secs]
20.757: [Full GC (Ergonomics)  28772K->28772K(33792K), 0.0760125 secs]
20.833: [Full GC (Ergonomics)  28774K->28774K(33792K), 0.0765538 secs]
20.910: [Full GC (Ergonomics)  28775K->28775K(33792K), 0.0772457 secs]
20.989: [Full GC (Ergonomics)  28777K->28777K(33792K), 0.0771244 secs]
21.066: [Full GC (Ergonomics)  28778K->28778K(33792K), 0.0761064 secs]
21.142: [Full GC (Ergonomics)  28780K->28780K(33792K), 0.0771551 secs]
21.220: [Full GC (Ergonomics)  28781K->28781K(33792K), 0.0771564 secs]
21.297: [Full GC (Ergonomics)  28783K->28783K(33792K), 0.0790747 secs]
21.376: [Full GC (Ergonomics)  28784K->28784K(33792K), 0.0771501 secs]
21.454: [Full GC (Ergonomics)  28786K->28786K(33792K), 0.0769455 secs]
21.531: [Full GC (Ergonomics)  28787K->28787K(33792K), 0.0772613 secs]
21.608: [Full GC (Ergonomics)  28789K->28789K(33792K), 0.0774635 secs]
21.686: [Full GC (Ergonomics)  28790K->28790K(33792K), 0.0759070 secs]
21.762: [Full GC (Ergonomics)  28792K->28792K(33792K), 0.0770740 secs]
21.839: [Full GC (Ergonomics)  28793K->28793K(33792K), 0.0762126 secs]
21.916: [Full GC (Ergonomics)  28795K->28795K(33792K), 0.0771562 secs]
21.993: [Full GC (Ergonomics)  28796K->28796K(33792K), 0.0774869 secs]
22.071: [Full GC (Ergonomics)  28798K->28798K(33792K), 0.0764110 secs]
22.147: [Full GC (Ergonomics)  28799K->28799K(33792K), 0.0770156 secs]
22.225: [Full GC (Ergonomics)  28801K->28801K(33792K), 0.0759171 secs]
22.301: [Full GC (Ergonomics)  28802K->28802K(33792K), 0.0775184 secs]
22.378: [Full GC (Ergonomics)  28804K->28804K(33792K), 0.0784529 secs]
22.457: [Full GC (Ergonomics)  28805K->28805K(33792K), 0.0767080 secs]
22.534: [Full GC (Ergonomics)  28807K->28807K(33792K), 0.0770784 secs]
22.611: [Full GC (Ergonomics)  28808K->28808K(33792K), 0.0767379 secs]
22.688: [Full GC (Ergonomics)  28810K->28810K(33792K), 0.0764238 secs]
22.765: [Full GC (Ergonomics)  28811K->28811K(33792K), 0.0769241 secs]
22.842: [Full GC (Ergonomics)  28813K->28813K(33792K), 0.0764446 secs]
22.919: [Full GC (Ergonomics)  28814K->28814K(33792K), 0.0762515 secs]
22.995: [Full GC (Ergonomics)  28816K->28816K(33792K), 0.0771950 secs]
23.072: [Full GC (Ergonomics)  28817K->28817K(33792K), 0.0776156 secs]
23.150: [Full GC (Ergonomics)  28819K->28819K(33792K), 0.0759389 secs]
23.226: [Full GC (Ergonomics)  28820K->28820K(33792K), 0.0767975 secs]
23.303: [Full GC (Ergonomics)  28822K->28822K(33792K), 0.0794704 secs]
23.383: [Full GC (Ergonomics)  28823K->28823K(33792K), 0.0772962 secs]
23.460: [Full GC (Ergonomics)  28825K->28825K(33792K), 0.0765516 secs]
23.537: [Full GC (Ergonomics)  28826K->28826K(33792K), 0.1217250 secs]
23.659: [Full GC (Ergonomics)  28828K->28828K(33792K), 0.0820455 secs]
23.741: [Full GC (Ergonomics)  28829K->28829K(33792K), 0.0768954 secs]
23.818: [Full GC (Ergonomics)  28831K->28831K(33792K), 0.0771472 secs]
23.896: [Full GC (Ergonomics)  28832K->28832K(33792K), 0.0825949 secs]
23.979: [Full GC (Ergonomics)  28834K->28834K(33792K), 0.0757635 secs]
24.054: [Full GC (Ergonomics)  28835K->28835K(33792K), 0.0766634 secs]
24.132: [Full GC (Ergonomics)  28837K->28837K(33792K), 0.0754201 secs]
24.208: [Full GC (Ergonomics)  28838K->28838K(33792K), 0.0871810 secs]
24.295: [Full GC (Ergonomics)  28840K->28840K(33792K), 0.0917593 secs]
24.387: [Full GC (Ergonomics)  28841K->28841K(33792K), 0.0774575 secs]
24.465: [Full GC (Ergonomics)  28843K->28843K(33792K), 0.0775188 secs]
24.543: [Full GC (Ergonomics)  28844K->28844K(33792K), 0.0770951 secs]
24.620: [Full GC (Ergonomics)  28846K->28846K(33792K), 0.0777593 secs]
24.698: [Full GC (Ergonomics)  28847K->28847K(33792K), 0.0766217 secs]
24.775: [Full GC (Ergonomics)  28849K->28849K(33792K), 0.0775207 secs]
24.853: [Full GC (Ergonomics)  28850K->28850K(33792K), 0.0764901 secs]
24.929: [Full GC (Ergonomics)  28852K->28852K(33792K), 0.0761737 secs]
25.006: [Full GC (Ergonomics)  28853K->28853K(33792K), 0.0769096 secs]
25.083: [Full GC (Ergonomics)  28855K->28855K(33792K), 0.0782324 secs]
25.161: [Full GC (Ergonomics)  28856K->28856K(33792K), 0.0769550 secs]
25.238: [Full GC (Ergonomics)  28858K->28858K(33792K), 0.0782738 secs]
25.317: [Full GC (Ergonomics)  28859K->28859K(33792K), 0.0777275 secs]
25.395: [Full GC (Ergonomics)  28861K->28861K(33792K), 0.0850128 secs]
25.480: [Full GC (Ergonomics)  28862K->28862K(33792K), 0.0771482 secs]
25.557: [Full GC (Ergonomics)  28864K->28864K(33792K), 0.0772789 secs]
25.635: [Full GC (Ergonomics)  28865K->28865K(33792K), 0.0770333 secs]
25.712: [Full GC (Ergonomics)  28867K->28867K(33792K), 0.0772157 secs]
25.789: [Full GC (Ergonomics)  28868K->28868K(33792K), 0.0766389 secs]
25.866: [Full GC (Ergonomics)  28870K->28870K(33792K), 0.0763502 secs]
25.943: [Full GC (Ergonomics)  28871K->28871K(33792K), 0.0769434 secs]
26.020: [Full GC (Ergonomics)  28873K->28873K(33792K), 0.0767363 secs]
26.097: [Full GC (Ergonomics)  28874K->28874K(33792K), 0.0777687 secs]
26.179: [Full GC (Ergonomics)  28876K->28876K(33792K), 0.0800025 secs]
26.259: [Full GC (Ergonomics)  28877K->28877K(33792K), 0.0783921 secs]
26.338: [Full GC (Ergonomics)  28879K->28879K(33792K), 0.0782002 secs]
26.416: [Full GC (Ergonomics)  28880K->28880K(33792K), 0.0785309 secs]
26.495: [Full GC (Ergonomics)  28882K->28882K(33792K), 0.0771475 secs]
26.573: [Full GC (Ergonomics)  28883K->28883K(33792K), 0.0773750 secs]
26.650: [Full GC (Ergonomics)  28885K->28885K(33792K), 0.0761488 secs]
26.727: [Full GC (Ergonomics)  28886K->28886K(33792K), 0.0773779 secs]
26.804: [Full GC (Ergonomics)  28888K->28888K(33792K), 0.0770287 secs]
26.881: [Full GC (Ergonomics)  28889K->28889K(33792K), 0.0840072 secs]
26.966: [Full GC (Ergonomics)  28891K->28891K(33792K), 0.0785654 secs]
27.044: [Full GC (Ergonomics)  28892K->28892K(33792K), 0.0775962 secs]
27.124: [Full GC (Ergonomics)  28894K->28894K(33792K), 0.0771318 secs]
27.201: [Full GC (Ergonomics)  28895K->28895K(33792K), 0.0774715 secs]
27.280: [Full GC (Ergonomics)  28897K->28897K(33792K), 0.0766823 secs]
27.357: [Full GC (Ergonomics)  28898K->28898K(33792K), 0.0781986 secs]
27.435: [Full GC (Ergonomics)  28900K->28900K(33792K), 0.0773525 secs]
27.513: [Full GC (Ergonomics)  28901K->28901K(33792K), 0.0775878 secs]
27.591: [Full GC (Ergonomics)  28903K->28903K(33792K), 0.0778763 secs]
27.669: [Full GC (Ergonomics)  28904K->28904K(33792K), 0.0781575 secs]
27.747: [Full GC (Ergonomics)  28906K->28906K(33792K), 0.0768707 secs]
27.824: [Full GC (Ergonomics)  28907K->28907K(33792K), 0.0779279 secs]
27.903: [Full GC (Ergonomics)  28909K->28909K(33792K), 0.0757344 secs]
27.979: [Full GC (Ergonomics)  28910K->28910K(33792K), 0.0771161 secs]
28.056: [Full GC (Ergonomics)  28912K->28912K(33792K), 0.0777399 secs]
28.134: [Full GC (Ergonomics)  28913K->28913K(33792K), 0.0774246 secs]
28.212: [Full GC (Ergonomics)  28915K->28915K(33792K), 0.0785613 secs]
28.290: [Full GC (Ergonomics)  28916K->28916K(33792K), 0.0777694 secs]
28.368: [Full GC (Ergonomics)  28918K->28918K(33792K), 0.0832269 secs]
28.452: [Full GC (Ergonomics)  28919K->28919K(33792K), 0.0777047 secs]
28.530: [Full GC (Ergonomics)  28921K->28921K(33792K), 0.0780681 secs]
28.608: [Full GC (Ergonomics)  28922K->28922K(33792K), 0.0804694 secs]
28.689: [Full GC (Ergonomics)  28924K->28924K(33792K), 0.0794799 secs]
28.768: [Full GC (Ergonomics)  28925K->28925K(33792K), 0.0779169 secs]
28.846: [Full GC (Ergonomics)  28927K->28927K(33792K), 0.0770504 secs]
28.924: [Full GC (Ergonomics)  28928K->28928K(33792K), 0.0769709 secs]
29.001: [Full GC (Ergonomics)  28930K->28930K(33792K), 0.0774180 secs]
29.078: [Full GC (Ergonomics)  28931K->28931K(33792K), 0.0771312 secs]
29.156: [Full GC (Ergonomics)  28933K->28933K(33792K), 0.0779451 secs]
29.234: [Full GC (Ergonomics)  28934K->28934K(33792K), 0.0776445 secs]
29.312: [Full GC (Ergonomics)  28936K->28936K(33792K), 0.0792190 secs]
29.392: [Full GC (Ergonomics)  28937K->28937K(33792K), 0.0779616 secs]
29.470: [Full GC (Ergonomics)  28939K->28939K(33792K), 0.0771852 secs]
29.547: [Full GC (Ergonomics)  28940K->28940K(33792K), 0.0770665 secs]
29.624: [Full GC (Ergonomics)  28942K->28942K(33792K), 0.0788600 secs]
29.703: [Full GC (Ergonomics)  28943K->28943K(33792K), 0.0767293 secs]
29.780: [Full GC (Ergonomics)  28945K->28945K(33792K), 0.0766009 secs]
29.857: [Full GC (Ergonomics)  28946K->28946K(33792K), 0.0780788 secs]
29.935: [Full GC (Ergonomics)  28948K->28948K(33792K), 0.0779453 secs]
30.014: [Full GC (Ergonomics)  28949K->28949K(33792K), 0.0779394 secs]
30.093: [Full GC (Ergonomics)  28951K->28951K(33792K), 0.0771773 secs]
30.170: [Full GC (Ergonomics)  28952K->28952K(33792K), 0.0798140 secs]
30.250: [Full GC (Ergonomics)  28954K->28954K(33792K), 0.0802571 secs]
30.331: [Full GC (Ergonomics)  28955K->28955K(33792K), 0.0775146 secs]
30.408: [Full GC (Ergonomics)  28957K->28957K(33792K), 0.0767939 secs]
30.485: [Full GC (Ergonomics)  28958K->28958K(33792K), 0.0778145 secs]
30.563: [Full GC (Ergonomics)  28960K->28960K(33792K), 0.0780713 secs]
30.642: [Full GC (Ergonomics)  28961K->28961K(33792K), 0.0781009 secs]
30.720: [Full GC (Ergonomics)  28963K->28963K(33792K), 0.0826358 secs]
30.803: [Full GC (Ergonomics)  28964K->28964K(33792K), 0.0787207 secs]
30.882: [Full GC (Ergonomics)  28966K->28966K(33792K), 0.0781828 secs]
30.961: [Full GC (Ergonomics)  28967K->28967K(33792K), 0.0763761 secs]
31.038: [Full GC (Ergonomics)  28969K->28969K(33792K), 0.0806777 secs]
31.119: [Full GC (Ergonomics)  28970K->28970K(33792K), 0.0783868 secs]
31.198: [Full GC (Ergonomics)  28972K->28972K(33792K), 0.0774210 secs]
31.275: [Full GC (Ergonomics)  28973K->28973K(33792K), 0.0780502 secs]
31.354: [Full GC (Ergonomics)  28975K->28975K(33792K), 0.0787221 secs]
31.434: [Full GC (Ergonomics)  28976K->28976K(33792K), 0.0853496 secs]
31.520: [Full GC (Ergonomics)  28978K->28978K(33792K), 0.0761700 secs]
31.596: [Full GC (Ergonomics)  28979K->28979K(33792K), 0.0777779 secs]
31.675: [Full GC (Ergonomics)  28981K->28981K(33792K), 0.0768707 secs]
31.752: [Full GC (Ergonomics)  28982K->28982K(33792K), 0.0771153 secs]
31.830: [Full GC (Ergonomics)  28984K->28984K(33792K), 0.0770918 secs]
31.907: [Full GC (Ergonomics)  28985K->28985K(33792K), 0.0812391 secs]
31.988: [Full GC (Ergonomics)  28987K->28987K(33792K), 0.0771535 secs]
32.066: [Full GC (Ergonomics)  28988K->28988K(33792K), 0.0775644 secs]
32.143: [Full GC (Ergonomics)  28990K->28990K(33792K), 0.0786586 secs]
32.222: [Full GC (Ergonomics)  28991K->28991K(33792K), 0.0773319 secs]
32.300: [Full GC (Ergonomics)  28993K->28993K(33792K), 0.0780197 secs]
32.378: [Full GC (Ergonomics)  28994K->28994K(33792K), 0.0786926 secs]
32.457: [Full GC (Ergonomics)  28996K->28996K(33792K), 0.0779884 secs]
32.535: [Full GC (Ergonomics)  28997K->28997K(33792K), 0.0785035 secs]
32.614: [Full GC (Ergonomics)  28999K->28999K(33792K), 0.0779192 secs]
32.692: [Full GC (Ergonomics)  29000K->29000K(33792K), 0.0848260 secs]
32.777: [Full GC (Ergonomics)  29002K->29002K(33792K), 0.0782639 secs]
32.855: [Full GC (Ergonomics)  29003K->29003K(33792K), 0.0777390 secs]
32.933: [Full GC (Ergonomics)  29005K->29005K(33792K), 0.0774203 secs]
33.011: [Full GC (Ergonomics)  29006K->29006K(33792K), 0.0767114 secs]
33.088: [Full GC (Ergonomics)  29008K->29008K(33792K), 0.0785391 secs]
33.167: [Full GC (Ergonomics)  29009K->29009K(33792K), 0.0774114 secs]
33.245: [Full GC (Ergonomics)  29011K->29011K(33792K), 0.0763847 secs]
33.322: [Full GC (Ergonomics)  29012K->29012K(33792K), 0.0792187 secs]
33.401: [Full GC (Ergonomics)  29014K->29014K(33792K), 0.0780380 secs]
33.479: [Full GC (Ergonomics)  29015K->29015K(33792K), 0.0783293 secs]
33.558: [Full GC (Ergonomics)  29017K->29017K(33792K), 0.0809019 secs]
33.639: [Full GC (Ergonomics)  29018K->29018K(33792K), 0.0775126 secs]
33.717: [Full GC (Ergonomics)  29020K->29020K(33792K), 0.0786134 secs]
33.796: [Full GC (Ergonomics)  29021K->29021K(33792K), 0.0783338 secs]
33.875: [Full GC (Ergonomics)  29023K->29023K(33792K), 0.0769495 secs]
33.952: [Full GC (Ergonomics)  29024K->29024K(33792K), 0.0802980 secs]
34.033: [Full GC (Ergonomics)  29026K->29026K(33792K), 0.0780113 secs]
34.111: [Full GC (Ergonomics)  29027K->29027K(33792K), 0.0775877 secs]
34.189: [Full GC (Ergonomics)  29029K->29029K(33792K), 0.0786781 secs]
34.268: [Full GC (Ergonomics)  29030K->29030K(33792K), 0.0797660 secs]
34.348: [Full GC (Ergonomics)  29032K->29032K(33792K), 0.0779245 secs]
34.426: [Full GC (Ergonomics)  29033K->29033K(33792K), 0.0775194 secs]
34.504: [Full GC (Ergonomics)  29035K->29035K(33792K), 0.0789627 secs]
34.583: [Full GC (Ergonomics)  29036K->29036K(33792K), 0.0789227 secs]
34.662: [Full GC (Ergonomics)  29038K->29038K(33792K), 0.0787703 secs]
34.741: [Full GC (Ergonomics)  29039K->29039K(33792K), 0.0784958 secs]
34.820: [Full GC (Ergonomics)  29041K->29041K(33792K), 0.0784246 secs]
34.898: [Full GC (Ergonomics)  29042K->29042K(33792K), 0.0781534 secs]
34.977: [Full GC (Ergonomics)  29044K->29044K(33792K), 0.0777836 secs]
35.056: [Full GC (Ergonomics)  29045K->29045K(33792K), 0.0766976 secs]
35.134: [Full GC (Ergonomics)  29047K->29047K(33792K), 0.0768484 secs]
35.211: [Full GC (Ergonomics)  29048K->29048K(33792K), 0.0795175 secs]
35.290: [Full GC (Ergonomics)  29050K->29050K(33792K), 0.0799402 secs]
35.371: [Full GC (Ergonomics)  29051K->29051K(33792K), 0.0790210 secs]
35.451: [Full GC (Ergonomics)  29053K->29053K(33792K), 0.0769489 secs]
35.528: [Full GC (Ergonomics)  29054K->29054K(33792K), 0.0795918 secs]
35.608: [Full GC (Ergonomics)  29056K->29056K(33792K), 0.0791943 secs]
35.687: [Full GC (Ergonomics)  29057K->29057K(33792K), 0.0782784 secs]
35.766: [Full GC (Ergonomics)  29059K->29059K(33792K), 0.0774411 secs]
35.843: [Full GC (Ergonomics)  29060K->29060K(33792K), 0.0778017 secs]
35.921: [Full GC (Ergonomics)  29062K->29062K(33792K), 0.0776115 secs]
35.999: [Full GC (Ergonomics)  29063K->29063K(33792K), 0.0788654 secs]
36.079: [Full GC (Ergonomics)  29065K->29065K(33792K), 0.0776862 secs]
36.156: [Full GC (Ergonomics)  29066K->29066K(33792K), 0.0781534 secs]
36.235: [Full GC (Ergonomics)  29068K->29068K(33792K), 0.0791901 secs]
36.314: [Full GC (Ergonomics)  29069K->29069K(33792K), 0.0784096 secs]
36.393: [Full GC (Ergonomics)  29071K->29071K(33792K), 0.0796655 secs]
36.473: [Full GC (Ergonomics)  29072K->29072K(33792K), 0.0781349 secs]
36.551: [Full GC (Ergonomics)  29074K->29074K(33792K), 0.0783688 secs]
36.630: [Full GC (Ergonomics)  29075K->29075K(33792K), 0.0789258 secs]
36.709: [Full GC (Ergonomics)  29077K->29077K(33792K), 0.0779335 secs]
36.787: [Full GC (Ergonomics)  29078K->29078K(33792K), 0.0802660 secs]
36.868: [Full GC (Ergonomics)  29080K->29080K(33792K), 0.0772330 secs]
36.946: [Full GC (Ergonomics)  29081K->29081K(33792K), 0.0790551 secs]
37.025: [Full GC (Ergonomics)  29083K->29083K(33792K), 0.0782729 secs]
37.103: [Full GC (Ergonomics)  29084K->29084K(33792K), 0.0787485 secs]
37.182: [Full GC (Ergonomics)  29086K->29086K(33792K), 0.0767734 secs]
37.259: [Full GC (Ergonomics)  29087K->29087K(33792K), 0.0793487 secs]
37.339: [Full GC (Ergonomics)  29089K->29089K(33792K), 0.0792476 secs]
37.418: [Full GC (Ergonomics)  29090K->29090K(33792K), 0.0784936 secs]
37.498: [Full GC (Ergonomics)  29092K->29092K(33792K), 0.0772137 secs]
37.576: [Full GC (Ergonomics)  29093K->29093K(33792K), 0.0793950 secs]
37.655: [Full GC (Ergonomics)  29095K->29095K(33792K), 0.0792740 secs]
37.735: [Full GC (Ergonomics)  29096K->29096K(33792K), 0.0778160 secs]
37.813: [Full GC (Ergonomics)  29098K->29098K(33792K), 0.0776515 secs]
37.890: [Full GC (Ergonomics)  29099K->29099K(33792K), 0.0789632 secs]
37.970: [Full GC (Ergonomics)  29101K->29101K(33792K), 0.0788898 secs]
38.049: [Full GC (Ergonomics)  29102K->29102K(33792K), 0.0791704 secs]
38.128: [Full GC (Ergonomics)  29104K->29104K(33792K), 0.0778512 secs]
38.206: [Full GC (Ergonomics)  29105K->29105K(33792K), 0.0782522 secs]
38.285: [Full GC (Ergonomics)  29107K->29107K(33792K), 0.0786899 secs]
38.363: [Full GC (Ergonomics)  29108K->29108K(33792K), 0.0803151 secs]
38.445: [Full GC (Ergonomics)  29110K->29110K(33792K), 0.0776772 secs]
38.523: [Full GC (Ergonomics)  29111K->29111K(33792K), 0.0799027 secs]
38.603: [Full GC (Ergonomics)  29113K->29113K(33792K), 0.0796456 secs]
38.683: [Full GC (Ergonomics)  29114K->29114K(33792K), 0.0778138 secs]
38.761: [Full GC (Ergonomics)  29116K->29116K(33792K), 0.0785534 secs]
38.840: [Full GC (Ergonomics)  29117K->29117K(33792K), 0.0880985 secs]
38.928: [Full GC (Ergonomics)  29119K->29119K(33792K), 0.0796639 secs]
39.008: [Full GC (Ergonomics)  29120K->29120K(33792K), 0.0781924 secs]
39.086: [Full GC (Ergonomics)  29122K->29122K(33792K), 0.0778799 secs]
39.164: [Full GC (Ergonomics)  29123K->29123K(33792K), 0.0787743 secs]
39.243: [Full GC (Ergonomics)  29125K->29125K(33792K), 0.0788889 secs]
39.322: [Full GC (Ergonomics)  29126K->29126K(33792K), 0.0980482 secs]
39.421: [Full GC (Ergonomics)  29128K->29128K(33792K), 0.0869692 secs]
39.508: [Full GC (Ergonomics)  29129K->29129K(33792K), 0.0789334 secs]
39.587: [Full GC (Ergonomics)  29131K->29131K(33792K), 0.0840066 secs]
39.671: [Full GC (Ergonomics)  29132K->29132K(33792K), 0.0787457 secs]
39.750: [Full GC (Ergonomics)  29134K->29134K(33792K), 0.0783214 secs]
39.828: [Full GC (Ergonomics)  29135K->29135K(33792K), 0.0787896 secs]
39.907: [Full GC (Ergonomics)  29137K->29137K(33792K), 0.0785160 secs]
39.987: [Full GC (Ergonomics)  29138K->29138K(33792K), 0.0782936 secs]
40.066: [Full GC (Ergonomics)  29140K->29140K(33792K), 0.0782749 secs]
40.144: [Full GC (Ergonomics)  29141K->29141K(33792K), 0.0788150 secs]
40.224: [Full GC (Ergonomics)  29143K->29143K(33792K), 0.0774597 secs]
40.302: [Full GC (Ergonomics)  29144K->29144K(33792K), 0.0824581 secs]
40.385: [Full GC (Ergonomics)  29146K->29146K(33792K), 0.0797207 secs]
40.465: [Full GC (Ergonomics)  29147K->29147K(33792K), 0.0774271 secs]
40.544: [Full GC (Ergonomics)  29149K->29149K(33792K), 0.0782885 secs]
40.623: [Full GC (Ergonomics)  29150K->29150K(33792K), 0.0790680 secs]
40.702: [Full GC (Ergonomics)  29152K->29152K(33792K), 0.0783406 secs]
40.780: [Full GC (Ergonomics)  29153K->29153K(33792K), 0.0783847 secs]
40.859: [Full GC (Ergonomics)  29155K->29155K(33792K), 0.0798710 secs]
40.940: [Full GC (Ergonomics)  29156K->29156K(33792K), 0.0778854 secs]
41.018: [Full GC (Ergonomics)  29158K->29158K(33792K), 0.0784869 secs]
41.100: [Full GC (Ergonomics)  29159K->29159K(33792K), 0.0801246 secs]
41.180: [Full GC (Ergonomics)  29161K->29161K(33792K), 0.0792958 secs]
41.261: [Full GC (Ergonomics)  29162K->29162K(33792K), 0.0777051 secs]
41.339: [Full GC (Ergonomics)  29164K->29164K(33792K), 0.0900871 secs]
41.429: [Full GC (Ergonomics)  29165K->29165K(33792K), 0.0788237 secs]
41.508: [Full GC (Ergonomics)  29167K->29167K(33792K), 0.0791716 secs]
41.588: [Full GC (Ergonomics)  29168K->29168K(33792K), 0.0814097 secs]
41.669: [Full GC (Ergonomics)  29170K->29170K(33792K), 0.0799062 secs]
41.749: [Full GC (Ergonomics)  29171K->29171K(33792K), 0.0784045 secs]
41.828: [Full GC (Ergonomics)  29173K->29173K(33792K), 0.0778101 secs]
41.906: [Full GC (Ergonomics)  29174K->29174K(33792K), 0.0793090 secs]
41.985: [Full GC (Ergonomics)  29176K->29176K(33792K), 0.0791481 secs]
42.065: [Full GC (Ergonomics)  29177K->29177K(33792K), 0.0800766 secs]
42.145: [Full GC (Ergonomics)  29179K->29179K(33792K), 0.0796231 secs]
42.225: [Full GC (Ergonomics)  29180K->29180K(33792K), 0.0782941 secs]
42.304: [Full GC (Ergonomics)  29182K->29182K(33792K), 0.0804531 secs]
42.384: [Full GC (Ergonomics)  29183K->29183K(33792K), 0.0790465 secs]
42.464: [Full GC (Ergonomics)  29185K->29185K(33792K), 0.0776810 secs]
42.541: [Full GC (Ergonomics)  29186K->29186K(33792K), 0.0780315 secs]
42.620: [Full GC (Ergonomics)  29188K->29188K(33792K), 0.0769918 secs]
42.697: [Full GC (Ergonomics)  29189K->29189K(33792K), 0.0785512 secs]
42.776: [Full GC (Ergonomics)  29191K->29191K(33792K), 0.0768049 secs]
42.853: [Full GC (Ergonomics)  29192K->29192K(33792K), 0.0770121 secs]
42.930: [Full GC (Ergonomics)  29194K->29194K(33792K), 0.0765948 secs]
43.007: [Full GC (Ergonomics)  29195K->29195K(33792K), 0.0778784 secs]
43.085: [Full GC (Ergonomics)  29197K->29197K(33792K), 0.0776761 secs]
43.162: [Full GC (Ergonomics)  29198K->29198K(33792K), 0.0782957 secs]
43.242: [Full GC (Ergonomics)  29200K->29200K(33792K), 0.0774508 secs]
43.320: [Full GC (Ergonomics)  29201K->29201K(33792K), 0.0782713 secs]
43.398: [Full GC (Ergonomics)  29203K->29203K(33792K), 0.0788178 secs]
43.477: [Full GC (Ergonomics)  29204K->29204K(33792K), 0.0781200 secs]
43.556: [Full GC (Ergonomics)  29206K->29206K(33792K), 0.0809547 secs]
43.637: [Full GC (Ergonomics)  29207K->29207K(33792K), 0.0776533 secs]
43.715: [Full GC (Ergonomics)  29209K->29209K(33792K), 0.0777895 secs]
43.793: [Full GC (Ergonomics)  29210K->29210K(33792K), 0.0788775 secs]
43.872: [Full GC (Ergonomics)  29212K->29212K(33792K), 0.0767555 secs]
43.949: [Full GC (Ergonomics)  29213K->29213K(33792K), 0.0768871 secs]
44.026: [Full GC (Ergonomics)  29215K->29215K(33792K), 0.0769423 secs]
44.103: [Full GC (Ergonomics)  29216K->29216K(33792K), 0.0775720 secs]
44.181: [Full GC (Ergonomics)  29218K->29218K(33792K), 0.0780473 secs]
44.259: [Full GC (Ergonomics)  29219K->29219K(33792K), 0.0791592 secs]
44.338: [Full GC (Ergonomics)  29221K->29221K(33792K), 0.0775678 secs]
44.416: [Full GC (Ergonomics)  29222K->29222K(33792K), 0.0770764 secs]
44.493: [Full GC (Ergonomics)  29224K->29224K(33792K), 0.0769570 secs]
44.570: [Full GC (Ergonomics)  29225K->29225K(33792K), 0.0779127 secs]
44.648: [Full GC (Ergonomics)  29227K->29227K(33792K), 0.0776141 secs]
44.726: [Full GC (Ergonomics)  29228K->29228K(33792K), 0.0782219 secs]
44.805: [Full GC (Ergonomics)  29230K->29230K(33792K), 0.0773175 secs]
44.882: [Full GC (Ergonomics)  29231K->29231K(33792K), 0.0776733 secs]
44.960: [Full GC (Ergonomics)  29233K->29233K(33792K), 0.0777387 secs]
45.038: [Full GC (Ergonomics)  29234K->29234K(33792K), 0.0776478 secs]
45.116: [Full GC (Ergonomics)  29236K->29236K(33792K), 0.0777884 secs]
45.194: [Full GC (Ergonomics)  29237K->29237K(33792K), 0.0778658 secs]
45.272: [Full GC (Ergonomics)  29239K->29239K(33792K), 0.0771096 secs]
45.349: [Full GC (Ergonomics)  29240K->29240K(33792K), 0.0785272 secs]
45.428: [Full GC (Ergonomics)  29242K->29242K(33792K), 0.0776908 secs]
45.506: [Full GC (Ergonomics)  29243K->29243K(33792K), 0.0777061 secs]
45.584: [Full GC (Ergonomics)  29245K->29245K(33792K), 0.0792635 secs]
45.663: [Full GC (Ergonomics)  29246K->29246K(33792K), 0.0774641 secs]
45.741: [Full GC (Ergonomics)  29248K->29248K(33792K), 0.0773753 secs]
45.818: [Full GC (Ergonomics)  29249K->29249K(33792K), 0.0767247 secs]
45.895: [Full GC (Ergonomics)  29251K->29251K(33792K), 0.0776356 secs]
45.973: [Full GC (Ergonomics)  29252K->29252K(33792K), 0.0752919 secs]
46.049: [Full GC (Ergonomics)  29254K->29254K(33792K), 0.0797837 secs]
46.128: [Full GC (Ergonomics)  29255K->29255K(33792K), 0.0782968 secs]
46.207: [Full GC (Ergonomics)  29257K->29257K(33792K), 0.0777718 secs]
46.285: [Full GC (Ergonomics)  29258K->29258K(33792K), 0.0791956 secs]
46.364: [Full GC (Ergonomics)  29260K->29260K(33792K), 0.0787111 secs]
46.443: [Full GC (Ergonomics)  29261K->29261K(33792K), 0.0772362 secs]
46.521: [Full GC (Ergonomics)  29263K->29263K(33792K), 0.0782995 secs]
46.600: [Full GC (Ergonomics)  29264K->29264K(33792K), 0.0781446 secs]
46.679: [Full GC (Ergonomics)  29266K->29266K(33792K), 0.0781356 secs]
46.757: [Full GC (Ergonomics)  29267K->29267K(33792K), 0.0786362 secs]
46.836: [Full GC (Ergonomics)  29269K->29269K(33792K), 0.0774417 secs]
46.913: [Full GC (Ergonomics)  29270K->29270K(33792K), 0.0771722 secs]
46.991: [Full GC (Ergonomics)  29272K->29272K(33792K), 0.0784668 secs]
47.069: [Full GC (Ergonomics)  29273K->29273K(33792K), 0.0786183 secs]
47.148: [Full GC (Ergonomics)  29275K->29275K(33792K), 0.0781428 secs]
47.227: [Full GC (Ergonomics)  29276K->29276K(33792K), 0.0775599 secs]
47.304: [Full GC (Ergonomics)  29278K->29278K(33792K), 0.0808100 secs]
47.385: [Full GC (Ergonomics)  29279K->29279K(33792K), 0.0789365 secs]
47.464: [Full GC (Ergonomics)  29281K->29281K(33792K), 0.0780486 secs]
47.543: [Full GC (Ergonomics)  29282K->29282K(33792K), 0.0782915 secs]
47.621: [Full GC (Ergonomics)  29284K->29284K(33792K), 0.0800008 secs]
47.701: [Full GC (Ergonomics)  29285K->29285K(33792K), 0.0770513 secs]
47.779: [Full GC (Ergonomics)  29287K->29287K(33792K), 0.0775592 secs]
47.856: [Full GC (Ergonomics)  29288K->29288K(33792K), 0.0784397 secs]
47.935: [Full GC (Ergonomics)  29290K->29290K(33792K), 0.0791648 secs]
48.014: [Full GC (Ergonomics)  29291K->29291K(33792K), 0.0776144 secs]
48.092: [Full GC (Ergonomics)  29293K->29293K(33792K), 0.0780033 secs]
48.170: [Full GC (Ergonomics)  29294K->29294K(33792K), 0.0793628 secs]
48.251: [Full GC (Ergonomics)  29296K->29296K(33792K), 0.0774983 secs]
48.329: [Full GC (Ergonomics)  29297K->29297K(33792K), 0.0866683 secs]
48.416: [Full GC (Ergonomics)  29299K->29299K(33792K), 0.0786590 secs]
48.494: [Full GC (Ergonomics)  29300K->29300K(33792K), 0.1126343 secs]
48.607: [Full GC (Ergonomics)  29302K->29302K(33792K), 0.0785731 secs]
48.686: [Full GC (Ergonomics)  29303K->29303K(33792K), 0.0773753 secs]
48.764: [Full GC (Ergonomics)  29305K->29305K(33792K), 0.0777522 secs]
48.842: [Full GC (Ergonomics)  29306K->29306K(33792K), 0.0785664 secs]
48.920: [Full GC (Ergonomics)  29308K->29308K(33792K), 0.0770247 secs]
48.998: [Full GC (Ergonomics)  29309K->29309K(33792K), 0.0781792 secs]
49.076: [Full GC (Ergonomics)  29311K->29311K(33792K), 0.0770716 secs]
49.153: [Full GC (Ergonomics)  29312K->29312K(33792K), 0.0775955 secs]
49.231: [Full GC (Ergonomics)  29314K->29314K(33792K), 0.0785242 secs]
49.310: [Full GC (Ergonomics)  29315K->29315K(33792K), 0.0786753 secs]
49.389: [Full GC (Ergonomics)  29317K->29317K(33792K), 0.0792281 secs]
49.468: [Full GC (Ergonomics)  29318K->29318K(33792K), 0.0786408 secs]
49.547: [Full GC (Ergonomics)  29320K->29320K(33792K), 0.0784335 secs]
49.625: [Full GC (Ergonomics)  29321K->29321K(33792K), 0.0787280 secs]
49.704: [Full GC (Ergonomics)  29323K->29323K(33792K), 0.0781194 secs]
49.783: [Full GC (Ergonomics)  29324K->29324K(33792K), 0.0780186 secs]
49.861: [Full GC (Ergonomics)  29326K->29326K(33792K), 0.0784988 secs]
49.940: [Full GC (Ergonomics)  29327K->29327K(33792K), 0.0781494 secs]
50.018: [Full GC (Ergonomics)  29329K->29329K(33792K), 0.0792691 secs]
50.097: [Full GC (Ergonomics)  29330K->29330K(33792K), 0.0810640 secs]
50.179: [Full GC (Ergonomics)  29332K->29332K(33792K), 0.0796722 secs]
50.259: [Full GC (Ergonomics)  29333K->29333K(33792K), 0.0791859 secs]
50.338: [Full GC (Ergonomics)  29335K->29335K(33792K), 0.0779732 secs]
50.416: [Full GC (Ergonomics)  29336K->29336K(33792K), 0.0776481 secs]
50.494: [Full GC (Ergonomics)  29338K->29338K(33792K), 0.0781036 secs]
50.573: [Full GC (Ergonomics)  29339K->29339K(33792K), 0.0774255 secs]
50.651: [Full GC (Ergonomics)  29341K->29341K(33792K), 0.0778766 secs]
50.729: [Full GC (Ergonomics)  29342K->29342K(33792K), 0.0777275 secs]
50.807: [Full GC (Ergonomics)  29344K->29344K(33792K), 0.0778391 secs]
50.885: [Full GC (Ergonomics)  29345K->29345K(33792K), 0.0791864 secs]
50.964: [Full GC (Ergonomics)  29347K->29347K(33792K), 0.0783712 secs]
51.043: [Full GC (Ergonomics)  29348K->29348K(33792K), 0.0815664 secs]
51.125: [Full GC (Ergonomics)  29350K->29350K(33792K), 0.0786609 secs]
51.204: [Full GC (Ergonomics)  29351K->29351K(33792K), 0.0809059 secs]
51.285: [Full GC (Ergonomics)  29353K->29353K(33792K), 0.0794045 secs]
51.364: [Full GC (Ergonomics)  29354K->29354K(33792K), 0.0788800 secs]
51.443: [Full GC (Ergonomics)  29356K->29356K(33792K), 0.0790268 secs]
51.522: [Full GC (Ergonomics)  29357K->29357K(33792K), 0.0791434 secs]
51.602: [Full GC (Ergonomics)  29359K->29359K(33792K), 0.0799396 secs]
51.682: [Full GC (Ergonomics)  29360K->29360K(33792K), 0.0782830 secs]
51.760: [Full GC (Ergonomics)  29362K->29362K(33792K), 0.0784496 secs]
51.839: [Full GC (Ergonomics)  29363K->29363K(33792K), 0.0807608 secs]
51.920: [Full GC (Ergonomics)  29365K->29365K(33792K), 0.0791367 secs]
51.999: [Full GC (Ergonomics)  29366K->29366K(33792K), 0.0790725 secs]
52.079: [Full GC (Ergonomics)  29368K->29368K(33792K), 0.0781834 secs]
52.157: [Full GC (Ergonomics)  29369K->29369K(33792K), 0.0787612 secs]
52.237: [Full GC (Ergonomics)  29371K->29371K(33792K), 0.0781525 secs]
52.315: [Full GC (Ergonomics)  29372K->29372K(33792K), 0.0792529 secs]
52.395: [Full GC (Ergonomics)  29374K->29374K(33792K), 0.0843515 secs]
52.479: [Full GC (Ergonomics)  29375K->29375K(33792K), 0.0794604 secs]
52.559: [Full GC (Ergonomics)  29377K->29377K(33792K), 0.0780848 secs]
52.637: [Full GC (Ergonomics)  29378K->29378K(33792K), 0.0799661 secs]
52.718: [Full GC (Ergonomics)  29380K->29380K(33792K), 0.0789903 secs]
52.797: [Full GC (Ergonomics)  29381K->29381K(33792K), 0.0796255 secs]
52.877: [Full GC (Ergonomics)  29383K->29383K(33792K), 0.0785154 secs]
52.955: [Full GC (Ergonomics)  29384K->29384K(33792K), 0.0783979 secs]
53.034: [Full GC (Ergonomics)  29386K->29386K(33792K), 0.0782728 secs]
53.112: [Full GC (Ergonomics)  29387K->29387K(33792K), 0.0782492 secs]
53.191: [Full GC (Ergonomics)  29389K->29389K(33792K), 0.0784849 secs]
53.271: [Full GC (Ergonomics)  29390K->29390K(33792K), 0.0781327 secs]
53.349: [Full GC (Ergonomics)  29392K->29392K(33792K), 0.0800856 secs]
53.429: [Full GC (Ergonomics)  29393K->29393K(33792K), 0.0795713 secs]
53.510: [Full GC (Ergonomics)  29395K->29395K(33792K), 0.0855080 secs]
53.596: [Full GC (Ergonomics)  29396K->29396K(33792K), 0.0808948 secs]
53.677: [Full GC (Ergonomics)  29398K->29398K(33792K), 0.0795507 secs]
53.757: [Full GC (Ergonomics)  29399K->29399K(33792K), 0.0787999 secs]
53.836: [Full GC (Ergonomics)  29401K->29401K(33792K), 0.0792265 secs]
53.916: [Full GC (Ergonomics)  29402K->29402K(33792K), 0.0786927 secs]
53.995: [Full GC (Ergonomics)  29404K->29404K(33792K), 0.0899361 secs]
54.085: [Full GC (Ergonomics)  29405K->29405K(33792K), 0.0797877 secs]
54.165: [Full GC (Ergonomics)  29407K->29407K(33792K), 0.0793911 secs]
54.245: [Full GC (Ergonomics)  29408K->29408K(33792K), 0.0785571 secs]
54.323: [Full GC (Ergonomics)  29410K->29410K(33792K), 0.0792389 secs]
54.403: [Full GC (Ergonomics)  29411K->29411K(33792K), 0.0800732 secs]
54.483: [Full GC (Ergonomics)  29413K->29413K(33792K), 0.0826364 secs]
54.566: [Full GC (Ergonomics)  29414K->29414K(33792K), 0.0788752 secs]
54.645: [Full GC (Ergonomics)  29416K->29416K(33792K), 0.0801596 secs]
54.726: [Full GC (Ergonomics)  29417K->29417K(33792K), 0.0785591 secs]
54.804: [Full GC (Ergonomics)  29419K->29419K(33792K), 0.0785136 secs]
54.883: [Full GC (Ergonomics)  29420K->29420K(33792K), 0.0783292 secs]
54.961: [Full GC (Ergonomics)  29422K->29422K(33792K), 0.0789436 secs]
55.041: [Full GC (Ergonomics)  29423K->29423K(33792K), 0.0793239 secs]
55.120: [Full GC (Ergonomics)  29425K->29425K(33792K), 0.0790461 secs]
55.199: [Full GC (Ergonomics)  29426K->29426K(33792K), 0.0789974 secs]
55.279: [Full GC (Ergonomics)  29428K->29428K(33792K), 0.0798982 secs]
55.359: [Full GC (Ergonomics)  29429K->29429K(33792K), 0.0819805 secs]
55.441: [Full GC (Ergonomics)  29431K->29431K(33792K), 0.0788576 secs]
55.520: [Full GC (Ergonomics)  29432K->29432K(33792K), 0.0791258 secs]
55.600: [Full GC (Ergonomics)  29434K->29434K(33792K), 0.0803689 secs]
55.680: [Full GC (Ergonomics)  29435K->29435K(33792K), 0.0804272 secs]
55.761: [Full GC (Ergonomics)  29437K->29437K(33792K), 0.0838896 secs]
55.845: [Full GC (Ergonomics)  29438K->29438K(33792K), 0.0789125 secs]
55.925: [Full GC (Ergonomics)  29440K->29440K(33792K), 0.0784229 secs]
56.005: [Full GC (Ergonomics)  29441K->29441K(33792K), 0.0789562 secs]
56.084: [Full GC (Ergonomics)  29443K->29443K(33792K), 0.0793845 secs]
56.164: [Full GC (Ergonomics)  29444K->29444K(33792K), 0.0949395 secs]
56.259: [Full GC (Ergonomics)  29446K->29446K(33792K), 0.0790595 secs]
56.338: [Full GC (Ergonomics)  29447K->29447K(33792K), 0.0788244 secs]
56.417: [Full GC (Ergonomics)  29449K->29449K(33792K), 0.0794270 secs]
56.497: [Full GC (Ergonomics)  29450K->29450K(33792K), 0.0881735 secs]
56.585: [Full GC (Ergonomics)  29452K->29452K(33792K), 0.0797441 secs]
56.665: [Full GC (Ergonomics)  29453K->29453K(33792K), 0.0800679 secs]
56.745: [Full GC (Ergonomics)  29455K->29455K(33792K), 0.0792078 secs]
56.825: [Full GC (Ergonomics)  29456K->29456K(33792K), 0.0786569 secs]
56.904: [Full GC (Ergonomics)  29458K->29458K(33792K), 0.0784012 secs]
56.982: [Full GC (Ergonomics)  29459K->29459K(33792K), 0.0791083 secs]
57.062: [Full GC (Ergonomics)  29461K->29461K(33792K), 0.0791270 secs]
57.141: [Full GC (Ergonomics)  29462K->29462K(33792K), 0.0792215 secs]
57.220: [Full GC (Ergonomics)  29464K->29464K(33792K), 0.0788861 secs]
57.299: [Full GC (Ergonomics)  29465K->29465K(33792K), 0.0802616 secs]
57.380: [Full GC (Ergonomics)  29467K->29467K(33792K), 0.0796558 secs]
57.460: [Full GC (Ergonomics)  29468K->29468K(33792K), 0.0790148 secs]
57.539: [Full GC (Ergonomics)  29470K->29470K(33792K), 0.0819595 secs]
57.621: [Full GC (Ergonomics)  29471K->29471K(33792K), 0.0796213 secs]
57.701: [Full GC (Ergonomics)  29473K->29473K(33792K), 0.0803619 secs]
57.781: [Full GC (Ergonomics)  29474K->29474K(33792K), 0.0789060 secs]
57.862: [Full GC (Ergonomics)  29476K->29476K(33792K), 0.0788259 secs]
57.941: [Full GC (Ergonomics)  29477K->29477K(33792K), 0.0789262 secs]
58.020: [Full GC (Ergonomics)  29479K->29479K(33792K), 0.0786039 secs]
58.099: [Full GC (Ergonomics)  29480K->29480K(33792K), 0.0790464 secs]
58.179: [Full GC (Ergonomics)  29482K->29482K(33792K), 0.0779657 secs]
58.257: [Full GC (Ergonomics)  29483K->29483K(33792K), 0.0797894 secs]
58.337: [Full GC (Ergonomics)  29485K->29485K(33792K), 0.0799371 secs]
58.417: [Full GC (Ergonomics)  29486K->29486K(33792K), 0.0798196 secs]
58.497: [Full GC (Ergonomics)  29488K->29488K(33792K), 0.0798988 secs]
58.577: [Full GC (Ergonomics)  29489K->29489K(33792K), 0.0792076 secs]
58.657: [Full GC (Ergonomics)  29491K->29491K(33792K), 0.0808384 secs]
58.738: [Full GC (Ergonomics)  29492K->29492K(33792K), 0.0790913 secs]
58.817: [Full GC (Ergonomics)  29494K->29494K(33792K), 0.0798383 secs]
58.897: [Full GC (Ergonomics)  29495K->29495K(33792K), 0.0801077 secs]
58.979: [Full GC (Ergonomics)  29497K->29497K(33792K), 0.0783942 secs]
59.057: [Full GC (Ergonomics)  29498K->29498K(33792K), 0.0800304 secs]
59.137: [Full GC (Ergonomics)  29500K->29500K(33792K), 0.0793603 secs]
59.217: [Full GC (Ergonomics)  29501K->29501K(33792K), 0.0903126 secs]
59.307: [Full GC (Ergonomics)  29503K->29503K(33792K), 0.0790865 secs]
59.387: [Full GC (Ergonomics)  29504K->29504K(33792K), 0.0805671 secs]
59.467: [Full GC (Ergonomics)  29506K->29506K(33792K), 0.0790841 secs]
59.547: [Full GC (Ergonomics)  29507K->29507K(33792K), 0.0854242 secs]
59.633: [Full GC (Ergonomics)  29509K->29509K(33792K), 0.0789198 secs]
59.712: [Full GC (Ergonomics)  29510K->29510K(33792K), 0.0810340 secs]
59.793: [Full GC (Ergonomics)  29512K->29512K(33792K), 0.0797891 secs]
59.873: [Full GC (Ergonomics)  29513K->29513K(33792K), 0.0795201 secs]
59.954: [Full GC (Ergonomics)  29515K->29515K(33792K), 0.0781790 secs]
60.033: [Full GC (Ergonomics)  29516K->29516K(33792K), 0.0792780 secs]
60.112: [Full GC (Ergonomics)  29518K->29518K(33792K), 0.0779222 secs]
60.190: [Full GC (Ergonomics)  29519K->29519K(33792K), 0.0792167 secs]
60.270: [Full GC (Ergonomics)  29521K->29521K(33792K), 0.0798179 secs]
60.350: [Full GC (Ergonomics)  29522K->29522K(33792K), 0.0805578 secs]
60.431: [Full GC (Ergonomics)  29524K->29524K(33792K), 0.0799400 secs]
60.511: [Full GC (Ergonomics)  29525K->29525K(33792K), 0.0798537 secs]
60.591: [Full GC (Ergonomics)  29527K->29527K(33792K), 0.0807920 secs]
60.672: [Full GC (Ergonomics)  29528K->29528K(33792K), 0.0794211 secs]
60.751: [Full GC (Ergonomics)  29530K->29530K(33792K), 0.0797188 secs]
60.831: [Full GC (Ergonomics)  29531K->29531K(33792K), 0.0793916 secs]
60.911: [Full GC (Ergonomics)  29533K->29533K(33792K), 0.0795979 secs]
60.991: [Full GC (Ergonomics)  29534K->29534K(33792K), 0.0798708 secs]
61.071: [Full GC (Ergonomics)  29536K->29536K(33792K), 0.0800905 secs]
61.151: [Full GC (Ergonomics)  29537K->29537K(33792K), 0.0796726 secs]
61.231: [Full GC (Ergonomics)  29539K->29539K(33792K), 0.0800362 secs]
61.311: [Full GC (Ergonomics)  29540K->29540K(33792K), 0.0803686 secs]
61.393: [Full GC (Ergonomics)  29542K->29542K(33792K), 0.0803216 secs]
61.473: [Full GC (Ergonomics)  29543K->29543K(33792K), 0.0794811 secs]
61.553: [Full GC (Ergonomics)  29545K->29545K(33792K), 0.0818696 secs]
61.635: [Full GC (Ergonomics)  29546K->29546K(33792K), 0.0803622 secs]
61.716: [Full GC (Ergonomics)  29548K->29548K(33792K), 0.0794678 secs]
61.795: [Full GC (Ergonomics)  29549K->29549K(33792K), 0.0798305 secs]
61.875: [Full GC (Ergonomics)  29551K->29551K(33792K), 0.0807766 secs]
61.956: [Full GC (Ergonomics)  29552K->29552K(33792K), 0.0795502 secs]
62.036: [Full GC (Ergonomics)  29554K->29554K(33792K), 0.0788169 secs]
62.115: [Full GC (Ergonomics)  29555K->29555K(33792K), 0.0802782 secs]
62.196: [Full GC (Ergonomics)  29557K->29557K(33792K), 0.0802899 secs]
62.276: [Full GC (Ergonomics)  29558K->29558K(33792K), 0.0799271 secs]
62.356: [Full GC (Ergonomics)  29560K->29560K(33792K), 0.0813573 secs]
62.438: [Full GC (Ergonomics)  29561K->29561K(33792K), 0.0799816 secs]
62.518: [Full GC (Ergonomics)  29563K->29563K(33792K), 0.0799320 secs]
62.598: [Full GC (Ergonomics)  29564K->29564K(33792K), 0.0800465 secs]
62.679: [Full GC (Ergonomics)  29566K->29566K(33792K), 0.0819793 secs]
62.761: [Full GC (Ergonomics)  29567K->29567K(33792K), 0.0800407 secs]
62.841: [Full GC (Ergonomics)  29569K->29569K(33792K), 0.0850521 secs]
62.926: [Full GC (Ergonomics)  29570K->29570K(33792K), 0.0796093 secs]
63.006: [Full GC (Ergonomics)  29572K->29572K(33792K), 0.0922140 secs]
63.098: [Full GC (Ergonomics)  29573K->29573K(33792K), 0.0796875 secs]
63.178: [Full GC (Ergonomics)  29575K->29575K(33792K), 0.0805953 secs]
63.259: [Full GC (Ergonomics)  29576K->29576K(33792K), 0.0812669 secs]
63.341: [Full GC (Ergonomics)  29578K->29578K(33792K), 0.0824184 secs]
63.423: [Full GC (Ergonomics)  29579K->29579K(33792K), 0.0814829 secs]
63.505: [Full GC (Ergonomics)  29581K->29581K(33792K), 0.0809604 secs]
63.586: [Full GC (Ergonomics)  29582K->29582K(33792K), 0.0803725 secs]
63.667: [Full GC (Ergonomics)  29584K->29584K(33792K), 0.0806166 secs]
63.747: [Full GC (Ergonomics)  29585K->29585K(33792K), 0.0808428 secs]
63.829: [Full GC (Ergonomics)  29587K->29587K(33792K), 0.0805835 secs]
63.909: [Full GC (Ergonomics)  29588K->29588K(33792K), 0.0803400 secs]
63.990: [Full GC (Ergonomics)  29590K->29590K(33792K), 0.0801381 secs]
64.071: [Full GC (Ergonomics)  29591K->29591K(33792K), 0.0794380 secs]
64.151: [Full GC (Ergonomics)  29593K->29593K(33792K), 0.0796823 secs]
64.231: [Full GC (Ergonomics)  29594K->29594K(33792K), 0.0799906 secs]
64.311: [Full GC (Ergonomics)  29596K->29596K(33792K), 0.0810355 secs]
64.392: [Full GC (Ergonomics)  29597K->29597K(33792K), 0.0822121 secs]
64.475: [Full GC (Ergonomics)  29599K->29599K(33792K), 0.0796886 secs]
64.555: [Full GC (Ergonomics)  29600K->29600K(33792K), 0.0798364 secs]
64.635: [Full GC (Ergonomics)  29602K->29602K(33792K), 0.0807587 secs]
64.716: [Full GC (Ergonomics)  29603K->29603K(33792K), 0.0812846 secs]
64.797: [Full GC (Ergonomics)  29605K->29605K(33792K), 0.0806504 secs]
64.878: [Full GC (Ergonomics)  29606K->29606K(33792K), 0.0794356 secs]
64.958: [Full GC (Ergonomics)  29608K->29608K(33792K), 0.0803828 secs]
65.038: [Full GC (Ergonomics)  29609K->29609K(33792K), 0.0800312 secs]
65.118: [Full GC (Ergonomics)  29611K->29611K(33792K), 0.0809174 secs]
65.199: [Full GC (Ergonomics)  29612K->29612K(33792K), 0.0792218 secs]
65.279: [Full GC (Ergonomics)  29614K->29614K(33792K), 0.0802197 secs]
65.359: [Full GC (Ergonomics)  29615K->29615K(33792K), 0.0809598 secs]
65.440: [Full GC (Ergonomics)  29617K->29617K(33792K), 0.0811519 secs]
65.522: [Full GC (Ergonomics)  29618K->29618K(33792K), 0.0804644 secs]
65.602: [Full GC (Ergonomics)  29620K->29620K(33792K), 0.0802874 secs]
65.683: [Full GC (Ergonomics)  29621K->29621K(33792K), 0.0804229 secs]
65.764: [Full GC (Ergonomics)  29623K->29623K(33792K), 0.0812449 secs]
65.846: [Full GC (Ergonomics)  29624K->29624K(33792K), 0.0789506 secs]
65.925: [Full GC (Ergonomics)  29626K->29626K(33792K), 0.0804076 secs]
66.006: [Full GC (Ergonomics)  29627K->29627K(33792K), 0.0806621 secs]
66.087: [Full GC (Ergonomics)  29629K->29629K(33792K), 0.0814081 secs]
66.168: [Full GC (Ergonomics)  29630K->29630K(33792K), 0.0816984 secs]
66.250: [Full GC (Ergonomics)  29632K->29632K(33792K), 0.0806968 secs]
66.331: [Full GC (Ergonomics)  29633K->29633K(33792K), 0.0809452 secs]
66.412: [Full GC (Ergonomics)  29635K->29635K(33792K), 0.0824783 secs]
66.495: [Full GC (Ergonomics)  29636K->29636K(33792K), 0.0804674 secs]
66.577: [Full GC (Ergonomics)  29638K->29638K(33792K), 0.0789233 secs]
66.656: [Full GC (Ergonomics)  29639K->29639K(33792K), 0.0895400 secs]
66.746: [Full GC (Ergonomics)  29641K->29641K(33792K), 0.0814644 secs]
66.827: [Full GC (Ergonomics)  29642K->29642K(33792K), 0.0805799 secs]
66.908: [Full GC (Ergonomics)  29644K->29644K(33792K), 0.0798723 secs]
66.988: [Full GC (Ergonomics)  29645K->29645K(33792K), 0.0806283 secs]
67.069: [Full GC (Ergonomics)  29647K->29647K(33792K), 0.0800742 secs]
67.150: [Full GC (Ergonomics)  29648K->29648K(33792K), 0.0796850 secs]
67.230: [Full GC (Ergonomics)  29650K->29650K(33792K), 0.0797306 secs]
67.310: [Full GC (Ergonomics)  29651K->29651K(33792K), 0.0809843 secs]
67.391: [Full GC (Ergonomics)  29653K->29653K(33792K), 0.0821301 secs]
67.474: [Full GC (Ergonomics)  29654K->29654K(33792K), 0.0814178 secs]
67.555: [Full GC (Ergonomics)  29656K->29656K(33792K), 0.0806474 secs]
67.637: [Full GC (Ergonomics)  29657K->29657K(33792K), 0.0796039 secs]
67.717: [Full GC (Ergonomics)  29659K->29659K(33792K), 0.0803466 secs]
67.797: [Full GC (Ergonomics)  29660K->29660K(33792K), 0.0806913 secs]
67.878: [Full GC (Ergonomics)  29662K->29662K(33792K), 0.0799046 secs]
67.958: [Full GC (Ergonomics)  29663K->29663K(33792K), 0.0810558 secs]
68.040: [Full GC (Ergonomics)  29665K->29665K(33792K), 0.0805138 secs]
68.120: [Full GC (Ergonomics)  29666K->29666K(33792K), 0.0802056 secs]
68.201: [Full GC (Ergonomics)  29668K->29668K(33792K), 0.0812687 secs]
68.282: [Full GC (Ergonomics)  29669K->29669K(33792K), 0.0805637 secs]
68.363: [Full GC (Ergonomics)  29671K->29671K(33792K), 0.0812354 secs]
68.444: [Full GC (Ergonomics)  29672K->29672K(33792K), 0.0811948 secs]
68.526: [Full GC (Ergonomics)  29674K->29674K(33792K), 0.0808459 secs]
68.607: [Full GC (Ergonomics)  29675K->29675K(33792K), 0.0811382 secs]
68.688: [Full GC (Ergonomics)  29677K->29677K(33792K), 0.0803733 secs]
68.769: [Full GC (Ergonomics)  29678K->29678K(33792K), 0.0815038 secs]
68.850: [Full GC (Ergonomics)  29680K->29680K(33792K), 0.0819997 secs]
68.933: [Full GC (Ergonomics)  29681K->29681K(33792K), 0.0810572 secs]
69.014: [Full GC (Ergonomics)  29683K->29683K(33792K), 0.0803765 secs]
69.094: [Full GC (Ergonomics)  29684K->29684K(33792K), 0.0806132 secs]
69.175: [Full GC (Ergonomics)  29686K->29686K(33792K), 0.0809547 secs]
69.256: [Full GC (Ergonomics)  29687K->29687K(33792K), 0.0808966 secs]
69.337: [Full GC (Ergonomics)  29689K->29689K(33792K), 0.0816954 secs]
69.419: [Full GC (Ergonomics)  29690K->29690K(33792K), 0.0872768 secs]
69.507: [Full GC (Ergonomics)  29692K->29692K(33792K), 0.0836926 secs]
69.591: [Full GC (Ergonomics)  29693K->29693K(33792K), 0.0812122 secs]
69.672: [Full GC (Ergonomics)  29695K->29695K(33792K), 0.0817098 secs]
69.754: [Full GC (Ergonomics)  29696K->29696K(33792K), 0.0766063 secs]
69.831: [Full GC (Ergonomics)  29698K->29698K(33792K), 0.0769738 secs]
69.908: [Full GC (Ergonomics)  29699K->29699K(33792K), 0.0837520 secs]
69.992: [Full GC (Ergonomics)  29701K->29701K(33792K), 0.0777395 secs]
70.070: [Full GC (Ergonomics)  29702K->29702K(33792K), 0.0769874 secs]
70.147: [Full GC (Ergonomics)  29704K->29704K(33792K), 0.0768845 secs]
70.224: [Full GC (Ergonomics)  29705K->29705K(33792K), 0.0770886 secs]
70.301: [Full GC (Ergonomics)  29707K->29707K(33792K), 0.0771423 secs]
70.379: [Full GC (Ergonomics)  29708K->29708K(33792K), 0.0777600 secs]
70.457: [Full GC (Ergonomics)  29710K->29710K(33792K), 0.0765993 secs]
70.533: [Full GC (Ergonomics)  29711K->29711K(33792K), 0.0764784 secs]
70.610: [Full GC (Ergonomics)  29713K->29713K(33792K), 0.0773936 secs]
70.689: [Full GC (Ergonomics)  29714K->29714K(33792K), 0.0765138 secs]
70.766: [Full GC (Ergonomics)  29716K->29716K(33792K), 0.0767882 secs]
70.843: [Full GC (Ergonomics)  29717K->29717K(33792K), 0.0767292 secs]
70.920: [Full GC (Ergonomics)  29719K->29719K(33792K), 0.0768611 secs]
70.997: [Full GC (Ergonomics)  29720K->29720K(33792K), 0.0773882 secs]
71.074: [Full GC (Ergonomics)  29722K->29722K(33792K), 0.0772384 secs]
71.153: [Full GC (Ergonomics)  29723K->29723K(33792K), 0.0765282 secs]
71.230: [Full GC (Ergonomics)  29725K->29725K(33792K), 0.0777569 secs]
71.309: [Full GC (Ergonomics)  29726K->29726K(33792K), 0.0766702 secs]
71.386: [Full GC (Ergonomics)  29728K->29728K(33792K), 0.0790197 secs]
71.465: [Full GC (Ergonomics)  29729K->29729K(33792K), 0.0774049 secs]
71.542: [Full GC (Ergonomics)  29731K->29731K(33792K), 0.0775012 secs]
71.620: [Full GC (Ergonomics)  29732K->29732K(33792K), 0.0773082 secs]
71.698: [Full GC (Ergonomics)  29734K->29734K(33792K), 0.0938252 secs]
71.793: [Full GC (Ergonomics)  29735K->29735K(33792K), 0.0758507 secs]
71.869: [Full GC (Ergonomics)  29737K->29737K(33792K), 0.0770862 secs]
71.946: [Full GC (Ergonomics)  29738K->29738K(33792K), 0.0775313 secs]
72.024: [Full GC (Ergonomics)  29740K->29740K(33792K), 0.0778882 secs]
72.102: [Full GC (Ergonomics)  29741K->29741K(33792K), 0.0774743 secs]
72.180: [Full GC (Ergonomics)  29743K->29743K(33792K), 0.0779828 secs]
72.258: [Full GC (Ergonomics)  29744K->29744K(33792K), 0.0771579 secs]
72.335: [Full GC (Ergonomics)  29746K->29746K(33792K), 0.0779720 secs]
72.413: [Full GC (Ergonomics)  29747K->29747K(33792K), 0.0778119 secs]
72.491: [Full GC (Ergonomics)  29749K->29749K(33792K), 0.0770998 secs]
72.569: [Full GC (Ergonomics)  29750K->29750K(33792K), 0.0773236 secs]
72.646: [Full GC (Ergonomics)  29752K->29752K(33792K), 0.0771089 secs]
72.725: [Full GC (Ergonomics)  29753K->29753K(33792K), 0.0770005 secs]
72.802: [Full GC (Ergonomics)  29755K->29755K(33792K), 0.0767407 secs]
72.879: [Full GC (Ergonomics)  29756K->29756K(33792K), 0.0781578 secs]
72.957: [Full GC (Ergonomics)  29758K->29758K(33792K), 0.0768732 secs]
73.035: [Full GC (Ergonomics)  29759K->29759K(33792K), 0.0764600 secs]
73.112: [Full GC (Ergonomics)  29761K->29761K(33792K), 0.0774593 secs]
73.190: [Full GC (Ergonomics)  29762K->29762K(33792K), 0.0776228 secs]
73.268: [Full GC (Ergonomics)  29764K->29764K(33792K), 0.0770500 secs]
73.345: [Full GC (Ergonomics)  29765K->29765K(33792K), 0.0788594 secs]
73.424: [Full GC (Ergonomics)  29767K->29767K(33792K), 0.0774070 secs]
73.501: [Full GC (Ergonomics)  29768K->29768K(33792K), 0.0767181 secs]
73.578: [Full GC (Ergonomics)  29770K->29770K(33792K), 0.0772612 secs]
73.656: [Full GC (Ergonomics)  29771K->29771K(33792K), 0.0779015 secs]
73.734: [Full GC (Ergonomics)  29773K->29773K(33792K), 0.0769534 secs]
73.812: [Full GC (Ergonomics)  29774K->29774K(33792K), 0.0772008 secs]
73.890: [Full GC (Ergonomics)  29776K->29776K(33792K), 0.0778107 secs]
73.968: [Full GC (Ergonomics)  29777K->29777K(33792K), 0.0770409 secs]
74.045: [Full GC (Ergonomics)  29779K->29779K(33792K), 0.0769894 secs]
74.122: [Full GC (Ergonomics)  29780K->29780K(33792K), 0.0768960 secs]
74.199: [Full GC (Ergonomics)  29782K->29782K(33792K), 0.0777589 secs]
74.277: [Full GC (Ergonomics)  29783K->29783K(33792K), 0.0774885 secs]
74.355: [Full GC (Ergonomics)  29785K->29785K(33792K), 0.0785550 secs]
74.433: [Full GC (Ergonomics)  29786K->29786K(33792K), 0.0779428 secs]
74.512: [Full GC (Ergonomics)  29788K->29788K(33792K), 0.0775992 secs]
74.589: [Full GC (Ergonomics)  29789K->29789K(33792K), 0.0782470 secs]
74.668: [Full GC (Ergonomics)  29791K->29791K(33792K), 0.0776331 secs]
74.746: [Full GC (Ergonomics)  29792K->29792K(33792K), 0.0769130 secs]
74.823: [Full GC (Ergonomics)  29794K->29794K(33792K), 0.0773510 secs]
74.900: [Full GC (Ergonomics)  29795K->29795K(33792K), 0.0777057 secs]
74.978: [Full GC (Ergonomics)  29797K->29797K(33792K), 0.0770008 secs]
75.055: [Full GC (Ergonomics)  29798K->29798K(33792K), 0.0777599 secs]
75.133: [Full GC (Ergonomics)  29800K->29800K(33792K), 0.0779093 secs]
75.211: [Full GC (Ergonomics)  29801K->29801K(33792K), 0.0773952 secs]
75.289: [Full GC (Ergonomics)  29803K->29803K(33792K), 0.0779530 secs]
75.368: [Full GC (Ergonomics)  29804K->29804K(33792K), 0.0771565 secs]
75.446: [Full GC (Ergonomics)  29806K->29806K(33792K), 0.0773336 secs]
75.524: [Full GC (Ergonomics)  29807K->29807K(33792K), 0.0766477 secs]
75.601: [Full GC (Ergonomics)  29809K->29809K(33792K), 0.0781651 secs]
75.680: [Full GC (Ergonomics)  29810K->29810K(33792K), 0.0777085 secs]
75.757: [Full GC (Ergonomics)  29812K->29812K(33792K), 0.0781767 secs]
75.837: [Full GC (Ergonomics)  29813K->29813K(33792K), 0.0765979 secs]
75.914: [Full GC (Ergonomics)  29815K->29815K(33792K), 0.0777605 secs]
75.992: [Full GC (Ergonomics)  29816K->29816K(33792K), 0.0778731 secs]
76.070: [Full GC (Ergonomics)  29818K->29818K(33792K), 0.0781264 secs]
76.148: [Full GC (Ergonomics)  29819K->29819K(33792K), 0.0782683 secs]
76.227: [Full GC (Ergonomics)  29821K->29821K(33792K), 0.0772614 secs]
76.304: [Full GC (Ergonomics)  29822K->29822K(33792K), 0.0778216 secs]
76.382: [Full GC (Ergonomics)  29824K->29824K(33792K), 0.0779792 secs]
76.460: [Full GC (Ergonomics)  29825K->29825K(33792K), 0.0780071 secs]
76.539: [Full GC (Ergonomics)  29827K->29827K(33792K), 0.0784348 secs]
76.617: [Full GC (Ergonomics)  29828K->29828K(33792K), 0.0775753 secs]
76.695: [Full GC (Ergonomics)  29830K->29830K(33792K), 0.0822773 secs]
76.778: [Full GC (Ergonomics)  29831K->29831K(33792K), 0.0766144 secs]
76.855: [Full GC (Ergonomics)  29833K->29833K(33792K), 0.0777848 secs]
76.933: [Full GC (Ergonomics)  29834K->29834K(33792K), 0.0772365 secs]
77.011: [Full GC (Ergonomics)  29836K->29836K(33792K), 0.0774395 secs]
77.088: [Full GC (Ergonomics)  29837K->29837K(33792K), 0.0781506 secs]
77.167: [Full GC (Ergonomics)  29839K->29839K(33792K), 0.0804037 secs]
77.247: [Full GC (Ergonomics)  29840K->29840K(33792K), 0.0773017 secs]
77.325: [Full GC (Ergonomics)  29842K->29842K(33792K), 0.0776319 secs]
77.403: [Full GC (Ergonomics)  29843K->29843K(33792K), 0.0786799 secs]
77.482: [Full GC (Ergonomics)  29845K->29845K(33792K), 0.0779262 secs]
77.560: [Full GC (Ergonomics)  29846K->29846K(33792K), 0.0777002 secs]
77.638: [Full GC (Ergonomics)  29848K->29848K(33792K), 0.0803859 secs]
77.718: [Full GC (Ergonomics)  29849K->29849K(33792K), 0.0779472 secs]
77.796: [Full GC (Ergonomics)  29851K->29851K(33792K), 0.0775756 secs]
77.874: [Full GC (Ergonomics)  29852K->29852K(33792K), 0.0773879 secs]
77.953: [Full GC (Ergonomics)  29854K->29854K(33792K), 0.0776778 secs]
78.031: [Full GC (Ergonomics)  29855K->29855K(33792K), 0.0782270 secs]
78.109: [Full GC (Ergonomics)  29857K->29857K(33792K), 0.0779506 secs]
78.187: [Full GC (Ergonomics)  29858K->29858K(33792K), 0.0782745 secs]
78.266: [Full GC (Ergonomics)  29860K->29860K(33792K), 0.0775155 secs]
78.344: [Full GC (Ergonomics)  29861K->29861K(33792K), 0.0766673 secs]
78.421: [Full GC (Ergonomics)  29863K->29863K(33792K), 0.0787759 secs]
78.500: [Full GC (Ergonomics)  29864K->29864K(33792K), 0.0779622 secs]
78.578: [Full GC (Ergonomics)  29866K->29866K(33792K), 0.0771086 secs]
78.657: [Full GC (Ergonomics)  29867K->29867K(33792K), 0.0779536 secs]
78.735: [Full GC (Ergonomics)  29869K->29869K(33792K), 0.0779660 secs]
78.813: [Full GC (Ergonomics)  29870K->29870K(33792K), 0.0784864 secs]
78.893: [Full GC (Ergonomics)  29872K->29872K(33792K), 0.0771217 secs]
78.970: [Full GC (Ergonomics)  29873K->29873K(33792K), 0.0773590 secs]
79.048: [Full GC (Ergonomics)  29875K->29875K(33792K), 0.0781178 secs]
79.126: [Full GC (Ergonomics)  29876K->29876K(33792K), 0.0777293 secs]
79.204: [Full GC (Ergonomics)  29878K->29878K(33792K), 0.0811885 secs]
79.285: [Full GC (Ergonomics)  29879K->29879K(33792K), 0.0785612 secs]
79.365: [Full GC (Ergonomics)  29881K->29881K(33792K), 0.0784307 secs]
79.445: [Full GC (Ergonomics)  29882K->29882K(33792K), 0.0770746 secs]
79.522: [Full GC (Ergonomics)  29884K->29884K(33792K), 0.0778208 secs]
79.600: [Full GC (Ergonomics)  29885K->29885K(33792K), 0.0785017 secs]
79.679: [Full GC (Ergonomics)  29887K->29887K(33792K), 0.0809673 secs]
79.760: [Full GC (Ergonomics)  29888K->29888K(33792K), 0.0786828 secs]
79.839: [Full GC (Ergonomics)  29890K->29890K(33792K), 0.0786691 secs]
79.918: [Full GC (Ergonomics)  29891K->29891K(33792K), 0.0786399 secs]
79.997: [Full GC (Ergonomics)  29893K->29893K(33792K), 0.0781722 secs]
80.075: [Full GC (Ergonomics)  29894K->29894K(33792K), 0.0791398 secs]
80.154: [Full GC (Ergonomics)  29896K->29896K(33792K), 0.0780705 secs]
80.233: [Full GC (Ergonomics)  29897K->29897K(33792K), 0.0785893 secs]
80.311: [Full GC (Ergonomics)  29899K->29899K(33792K), 0.0783614 secs]
80.390: [Full GC (Ergonomics)  29900K->29900K(33792K), 0.0816966 secs]
80.472: [Full GC (Ergonomics)  29902K->29902K(33792K), 0.0828803 secs]
80.555: [Full GC (Ergonomics)  29903K->29903K(33792K), 0.0785986 secs]
80.635: [Full GC (Ergonomics)  29905K->29905K(33792K), 0.0778149 secs]
80.713: [Full GC (Ergonomics)  29906K->29906K(33792K), 0.0788975 secs]
80.792: [Full GC (Ergonomics)  29908K->29908K(33792K), 0.0782727 secs]
80.870: [Full GC (Ergonomics)  29909K->29909K(33792K), 0.0782084 secs]
80.949: [Full GC (Ergonomics)  29911K->29911K(33792K), 0.0785046 secs]
81.028: [Full GC (Ergonomics)  29912K->29912K(33792K), 0.0780656 secs]
81.106: [Full GC (Ergonomics)  29914K->29914K(33792K), 0.0782961 secs]
81.185: [Full GC (Ergonomics)  29915K->29915K(33792K), 0.0783872 secs]
81.264: [Full GC (Ergonomics)  29917K->29917K(33792K), 0.0796904 secs]
81.345: [Full GC (Ergonomics)  29918K->29918K(33792K), 0.0783480 secs]
81.424: [Full GC (Ergonomics)  29920K->29920K(33792K), 0.0787942 secs]
81.503: [Full GC (Ergonomics)  29921K->29921K(33792K), 0.0786239 secs]
81.582: [Full GC (Ergonomics)  29923K->29923K(33792K), 0.0789279 secs]
81.661: [Full GC (Ergonomics)  29924K->29924K(33792K), 0.0801977 secs]
81.741: [Full GC (Ergonomics)  29926K->29926K(33792K), 0.0784111 secs]
81.820: [Full GC (Ergonomics)  29927K->29927K(33792K), 0.0792333 secs]
81.899: [Full GC (Ergonomics)  29929K->29929K(33792K), 0.0780991 secs]
81.978: [Full GC (Ergonomics)  29930K->29930K(33792K), 0.0783697 secs]
82.057: [Full GC (Ergonomics)  29932K->29932K(33792K), 0.0779629 secs]
82.135: [Full GC (Ergonomics)  29933K->29933K(33792K), 0.0784116 secs]
82.214: [Full GC (Ergonomics)  29935K->29935K(33792K), 0.0783714 secs]
82.293: [Full GC (Ergonomics)  29936K->29936K(33792K), 0.0787309 secs]
82.372: [Full GC (Ergonomics)  29938K->29938K(33792K), 0.0811113 secs]
82.453: [Full GC (Ergonomics)  29939K->29939K(33792K), 0.0790537 secs]
82.532: [Full GC (Ergonomics)  29941K->29941K(33792K), 0.0786758 secs]
82.611: [Full GC (Ergonomics)  29942K->29942K(33792K), 0.0788237 secs]
82.690: [Full GC (Ergonomics)  29944K->29944K(33792K), 0.0782779 secs]
82.770: [Full GC (Ergonomics)  29945K->29945K(33792K), 0.0784426 secs]
82.848: [Full GC (Ergonomics)  29947K->29947K(33792K), 0.0785341 secs]
82.927: [Full GC (Ergonomics)  29948K->29948K(33792K), 0.0791089 secs]
83.006: [Full GC (Ergonomics)  29950K->29950K(33792K), 0.0794656 secs]
83.087: [Full GC (Ergonomics)  29951K->29951K(33792K), 0.0775086 secs]
83.165: [Full GC (Ergonomics)  29953K->29953K(33792K), 0.0778650 secs]
83.243: [Full GC (Ergonomics)  29954K->29954K(33792K), 0.0788483 secs]
83.322: [Full GC (Ergonomics)  29956K->29956K(33792K), 0.0784451 secs]
83.400: [Full GC (Ergonomics)  29957K->29957K(33792K), 0.0800125 secs]
83.481: [Full GC (Ergonomics)  29959K->29959K(33792K), 0.0848625 secs]
83.566: [Full GC (Ergonomics)  29960K->29960K(33792K), 0.0792657 secs]
83.645: [Full GC (Ergonomics)  29962K->29962K(33792K), 0.0789259 secs]
83.724: [Full GC (Ergonomics)  29963K->29963K(33792K), 0.0788446 secs]
83.803: [Full GC (Ergonomics)  29965K->29965K(33792K), 0.0790726 secs]
83.883: [Full GC (Ergonomics)  29966K->29966K(33792K), 0.0788305 secs]
83.962: [Full GC (Ergonomics)  29968K->29968K(33792K), 0.0786489 secs]
84.040: [Full GC (Ergonomics)  29969K->29969K(33792K), 0.0821284 secs]
84.123: [Full GC (Ergonomics)  29971K->29971K(33792K), 0.0840809 secs]
84.208: [Full GC (Ergonomics)  29972K->29972K(33792K), 0.0782387 secs]
84.287: [Full GC (Ergonomics)  29974K->29974K(33792K), 0.0798974 secs]
84.367: [Full GC (Ergonomics)  29975K->29975K(33792K), 0.0794278 secs]
84.446: [Full GC (Ergonomics)  29977K->29977K(33792K), 0.0797540 secs]
84.526: [Full GC (Ergonomics)  29978K->29978K(33792K), 0.0827589 secs]
84.609: [Full GC (Ergonomics)  29980K->29980K(33792K), 0.0807308 secs]
84.690: [Full GC (Ergonomics)  29981K->29981K(33792K), 0.0796943 secs]
84.770: [Full GC (Ergonomics)  29983K->29983K(33792K), 0.0785741 secs]
84.849: [Full GC (Ergonomics)  29984K->29984K(33792K), 0.0795280 secs]
84.930: [Full GC (Ergonomics)  29986K->29986K(33792K), 0.0791332 secs]
85.009: [Full GC (Ergonomics)  29987K->29987K(33792K), 0.0789978 secs]
85.089: [Full GC (Ergonomics)  29989K->29989K(33792K), 0.0786425 secs]
85.168: [Full GC (Ergonomics)  29990K->29990K(33792K), 0.0790599 secs]
85.248: [Full GC (Ergonomics)  29992K->29992K(33792K), 0.0798515 secs]
85.328: [Full GC (Ergonomics)  29993K->29993K(33792K), 0.0880688 secs]
85.416: [Full GC (Ergonomics)  29995K->29995K(33792K), 0.0791953 secs]
85.495: [Full GC (Ergonomics)  29996K->29996K(33792K), 0.0792222 secs]
85.575: [Full GC (Ergonomics)  29998K->29998K(33792K), 0.0799006 secs]
85.655: [Full GC (Ergonomics)  29999K->29999K(33792K), 0.0797911 secs]
85.735: [Full GC (Ergonomics)  30001K->30001K(33792K), 0.0791850 secs]
85.814: [Full GC (Ergonomics)  30002K->30002K(33792K), 0.0868671 secs]
85.902: [Full GC (Ergonomics)  30004K->30004K(33792K), 0.0780198 secs]
85.981: [Full GC (Ergonomics)  30005K->30005K(33792K), 0.0793471 secs]
86.061: [Full GC (Ergonomics)  30007K->30007K(33792K), 0.0789018 secs]
86.140: [Full GC (Ergonomics)  30008K->30008K(33792K), 0.0828958 secs]
86.223: [Full GC (Ergonomics)  30010K->30010K(33792K), 0.0790614 secs]
86.303: [Full GC (Ergonomics)  30011K->30011K(33792K), 0.0789797 secs]
86.382: [Full GC (Ergonomics)  30013K->30013K(33792K), 0.0807511 secs]
86.463: [Full GC (Ergonomics)  30014K->30014K(33792K), 0.0802004 secs]
86.543: [Full GC (Ergonomics)  30016K->30016K(33792K), 0.0787698 secs]
86.622: [Full GC (Ergonomics)  30017K->30017K(33792K), 0.0785376 secs]
86.701: [Full GC (Ergonomics)  30019K->30019K(33792K), 0.0803295 secs]
86.781: [Full GC (Ergonomics)  30020K->30020K(33792K), 0.1076663 secs]
86.889: [Full GC (Ergonomics)  30022K->30022K(33792K), 0.0787199 secs]
86.968: [Full GC (Ergonomics)  30023K->30023K(33792K), 0.0790097 secs]
87.047: [Full GC (Ergonomics)  30025K->30025K(33792K), 0.0797619 secs]
87.127: [Full GC (Ergonomics)  30026K->30026K(33792K), 0.0799696 secs]
87.207: [Full GC (Ergonomics)  30028K->30028K(33792K), 0.0823337 secs]
87.291: [Full GC (Ergonomics)  30029K->30029K(33792K), 0.0794948 secs]
87.371: [Full GC (Ergonomics)  30031K->30031K(33792K), 0.0796979 secs]
87.451: [Full GC (Ergonomics)  30032K->30032K(33792K), 0.0789476 secs]
87.530: [Full GC (Ergonomics)  30034K->30034K(33792K), 0.0790224 secs]
87.609: [Full GC (Ergonomics)  30035K->30035K(33792K), 0.0791588 secs]
87.688: [Full GC (Ergonomics)  30037K->30037K(33792K), 0.0798557 secs]
87.768: [Full GC (Ergonomics)  30038K->30038K(33792K), 0.0782996 secs]
87.847: [Full GC (Ergonomics)  30040K->30040K(33792K), 0.0798735 secs]
87.927: [Full GC (Ergonomics)  30041K->30041K(33792K), 0.0790196 secs]
88.007: [Full GC (Ergonomics)  30043K->30043K(33792K), 0.0779400 secs]
88.086: [Full GC (Ergonomics)  30044K->30044K(33792K), 0.0786880 secs]
88.166: [Full GC (Ergonomics)  30046K->30046K(33792K), 0.0784958 secs]
88.244: [Full GC (Ergonomics)  30047K->30047K(33792K), 0.0790393 secs]
88.323: [Full GC (Ergonomics)  30049K->30049K(33792K), 0.0802572 secs]
88.405: [Full GC (Ergonomics)  30050K->30050K(33792K), 0.0784391 secs]
88.484: [Full GC (Ergonomics)  30052K->30052K(33792K), 0.0808578 secs]
88.565: [Full GC (Ergonomics)  30053K->30053K(33792K), 0.0795838 secs]
88.644: [Full GC (Ergonomics)  30055K->30055K(33792K), 0.0796787 secs]
88.724: [Full GC (Ergonomics)  30056K->30056K(33792K), 0.0803234 secs]
88.805: [Full GC (Ergonomics)  30058K->30058K(33792K), 0.0802230 secs]
88.885: [Full GC (Ergonomics)  30059K->30059K(33792K), 0.0797048 secs]
88.966: [Full GC (Ergonomics)  30061K->30061K(33792K), 0.0790393 secs]
89.045: [Full GC (Ergonomics)  30062K->30062K(33792K), 0.0787942 secs]
89.124: [Full GC (Ergonomics)  30064K->30064K(33792K), 0.0795990 secs]
89.204: [Full GC (Ergonomics)  30065K->30065K(33792K), 0.0827650 secs]
89.289: [Full GC (Ergonomics)  30067K->30067K(33792K), 0.0795539 secs]
89.369: [Full GC (Ergonomics)  30068K->30068K(33792K), 0.0791109 secs]
89.449: [Full GC (Ergonomics)  30070K->30070K(33792K), 0.0805843 secs]
89.529: [Full GC (Ergonomics)  30071K->30071K(33792K), 0.0801347 secs]
89.610: [Full GC (Ergonomics)  30073K->30073K(33792K), 0.0798996 secs]
89.690: [Full GC (Ergonomics)  30074K->30074K(33792K), 0.0825814 secs]
89.773: [Full GC (Ergonomics)  30076K->30076K(33792K), 0.0800357 secs]
89.854: [Full GC (Ergonomics)  30077K->30077K(33792K), 0.0789908 secs]
89.933: [Full GC (Ergonomics)  30079K->30079K(33792K), 0.0800588 secs]
90.013: [Full GC (Ergonomics)  30080K->30080K(33792K), 0.0895809 secs]
90.103: [Full GC (Ergonomics)  30082K->30082K(33792K), 0.0796533 secs]
90.183: [Full GC (Ergonomics)  30083K->30083K(33792K), 0.0799765 secs]
90.263: [Full GC (Ergonomics)  30085K->30085K(33792K), 0.0815295 secs]
90.345: [Full GC (Ergonomics)  30086K->30086K(33792K), 0.0948968 secs]
90.440: [Full GC (Ergonomics)  30088K->30088K(33792K), 0.0840444 secs]
90.524: [Full GC (Ergonomics)  30089K->30089K(33792K), 0.0799379 secs]
90.604: [Full GC (Ergonomics)  30091K->30091K(33792K), 0.0805352 secs]
90.686: [Full GC (Ergonomics)  30092K->30092K(33792K), 0.0794567 secs]
90.766: [Full GC (Ergonomics)  30094K->30094K(33792K), 0.0839932 secs]
90.850: [Full GC (Ergonomics)  30095K->30095K(33792K), 0.0803516 secs]
90.931: [Full GC (Ergonomics)  30097K->30097K(33792K), 0.0809675 secs]
91.012: [Full GC (Ergonomics)  30098K->30098K(33792K), 0.0807313 secs]
91.093: [Full GC (Ergonomics)  30100K->30100K(33792K), 0.0799146 secs]
91.173: [Full GC (Ergonomics)  30101K->30101K(33792K), 0.0805024 secs]
91.254: [Full GC (Ergonomics)  30103K->30103K(33792K), 0.0802227 secs]
91.334: [Full GC (Ergonomics)  30104K->30104K(33792K), 0.0798188 secs]
91.414: [Full GC (Ergonomics)  30106K->30106K(33792K), 0.0793694 secs]
91.494: [Full GC (Ergonomics)  30107K->30107K(33792K), 0.0797112 secs]
91.573: [Full GC (Ergonomics)  30109K->30109K(33792K), 0.0800931 secs]
91.654: [Full GC (Ergonomics)  30110K->30110K(33792K), 0.0802764 secs]
91.734: [Full GC (Ergonomics)  30112K->30112K(33792K), 0.0792254 secs]
91.814: [Full GC (Ergonomics)  30113K->30113K(33792K), 0.0798067 secs]
91.894: [Full GC (Ergonomics)  30115K->30115K(33792K), 0.0796746 secs]
91.973: [Full GC (Ergonomics)  30116K->30116K(33792K), 0.0805057 secs]
92.054: [Full GC (Ergonomics)  30118K->30118K(33792K), 0.0797695 secs]
92.134: [Full GC (Ergonomics)  30119K->30119K(33792K), 0.0792453 secs]
92.214: [Full GC (Ergonomics)  30121K->30121K(33792K), 0.0812576 secs]
92.295: [Full GC (Ergonomics)  30122K->30122K(33792K), 0.0842207 secs]
92.379: [Full GC (Ergonomics)  30124K->30124K(33792K), 0.0816051 secs]
92.461: [Full GC (Ergonomics)  30125K->30125K(33792K), 0.1091953 secs]
92.571: [Full GC (Ergonomics)  30127K->30127K(33792K), 0.1030055 secs]
92.674: [Full GC (Ergonomics)  30128K->30128K(33792K), 0.0802538 secs]
92.754: [Full GC (Ergonomics)  30130K->30130K(33792K), 0.0802050 secs]
92.835: [Full GC (Ergonomics)  30131K->30131K(33792K), 0.0805695 secs]
92.915: [Full GC (Ergonomics)  30133K->30133K(33792K), 0.0796872 secs]
92.995: [Full GC (Ergonomics)  30134K->30134K(33792K), 0.0802598 secs]
93.076: [Full GC (Ergonomics)  30136K->30136K(33792K), 0.0801382 secs]
93.156: [Full GC (Ergonomics)  30137K->30137K(33792K), 0.0785794 secs]
93.235: [Full GC (Ergonomics)  30139K->30139K(33792K), 0.0799194 secs]
93.315: [Full GC (Ergonomics)  30140K->30140K(33792K), 0.0801706 secs]
93.395: [Full GC (Ergonomics)  30142K->30142K(33792K), 0.0825304 secs]
93.478: [Full GC (Ergonomics)  30143K->30143K(33792K), 0.0803934 secs]
93.559: [Full GC (Ergonomics)  30145K->30145K(33792K), 0.0803088 secs]
93.639: [Full GC (Ergonomics)  30146K->30146K(33792K), 0.0800397 secs]
93.719: [Full GC (Ergonomics)  30148K->30148K(33792K), 0.0798914 secs]
93.799: [Full GC (Ergonomics)  30149K->30149K(33792K), 0.0810650 secs]
93.881: [Full GC (Ergonomics)  30151K->30151K(33792K), 0.0800179 secs]
93.961: [Full GC (Ergonomics)  30152K->30152K(33792K), 0.0803922 secs]
94.043: [Full GC (Ergonomics)  30154K->30154K(33792K), 0.0796638 secs]
94.122: [Full GC (Ergonomics)  30155K->30155K(33792K), 0.0805871 secs]
94.204: [Full GC (Ergonomics)  30157K->30157K(33792K), 0.0799675 secs]
94.284: [Full GC (Ergonomics)  30158K->30158K(33792K), 0.0806924 secs]
94.365: [Full GC (Ergonomics)  30160K->30160K(33792K), 0.0814262 secs]
94.447: [Full GC (Ergonomics)  30161K->30161K(33792K), 0.0823084 secs]
94.529: [Full GC (Ergonomics)  30163K->30163K(33792K), 0.0811580 secs]
94.611: [Full GC (Ergonomics)  30164K->30164K(33792K), 0.0803229 secs]
94.692: [Full GC (Ergonomics)  30166K->30166K(33792K), 0.0800652 secs]
94.772: [Full GC (Ergonomics)  30167K->30167K(33792K), 0.0809076 secs]
94.853: [Full GC (Ergonomics)  30169K->30169K(33792K), 0.0811429 secs]
94.935: [Full GC (Ergonomics)  30170K->30170K(33792K), 0.0808738 secs]
95.016: [Full GC (Ergonomics)  30172K->30172K(33792K), 0.0809732 secs]
95.097: [Full GC (Ergonomics)  30173K->30173K(33792K), 0.0808224 secs]
95.178: [Full GC (Ergonomics)  30175K->30175K(33792K), 0.0795143 secs]
95.259: [Full GC (Ergonomics)  30176K->30176K(33792K), 0.0796131 secs]
95.338: [Full GC (Ergonomics)  30178K->30178K(33792K), 0.0804171 secs]
95.419: [Full GC (Ergonomics)  30179K->30179K(33792K), 0.0800629 secs]
95.499: [Full GC (Ergonomics)  30181K->30181K(33792K), 0.0798788 secs]
95.579: [Full GC (Ergonomics)  30182K->30182K(33792K), 0.0799331 secs]
95.660: [Full GC (Ergonomics)  30184K->30184K(33792K), 0.0805267 secs]
95.741: [Full GC (Ergonomics)  30185K->30185K(33792K), 0.0798981 secs]
95.821: [Full GC (Ergonomics)  30187K->30187K(33792K), 0.0814566 secs]
95.904: [Full GC (Ergonomics)  30188K->30188K(33792K), 0.0802628 secs]
95.984: [Full GC (Ergonomics)  30190K->30190K(33792K), 0.0802947 secs]
96.065: [Full GC (Ergonomics)  30191K->30191K(33792K), 0.0808043 secs]
96.146: [Full GC (Ergonomics)  30193K->30193K(33792K), 0.0807684 secs]
96.227: [Full GC (Ergonomics)  30194K->30194K(33792K), 0.0807154 secs]
96.307: [Full GC (Ergonomics)  30196K->30196K(33792K), 0.0811450 secs]
96.389: [Full GC (Ergonomics)  30197K->30197K(33792K), 0.0810312 secs]
96.470: [Full GC (Ergonomics)  30199K->30199K(33792K), 0.0816930 secs]
96.553: [Full GC (Ergonomics)  30200K->30200K(33792K), 0.0798886 secs]
96.633: [Full GC (Ergonomics)  30202K->30202K(33792K), 0.0808722 secs]
96.714: [Full GC (Ergonomics)  30203K->30203K(33792K), 0.0810492 secs]
96.795: [Full GC (Ergonomics)  30205K->30205K(33792K), 0.0811027 secs]
96.877: [Full GC (Ergonomics)  30206K->30206K(33792K), 0.0799761 secs]
96.957: [Full GC (Ergonomics)  30208K->30208K(33792K), 0.0791163 secs]
97.036: [Full GC (Ergonomics)  30209K->30209K(33792K), 0.0776292 secs]
97.114: [Full GC (Ergonomics)  30211K->30211K(33792K), 0.0793641 secs]
97.194: [Full GC (Ergonomics)  30212K->30212K(33792K), 0.0792209 secs]
97.273: [Full GC (Ergonomics)  30214K->30214K(33792K), 0.0790526 secs]
97.352: [Full GC (Ergonomics)  30215K->30215K(33792K), 0.0784985 secs]
97.431: [Full GC (Ergonomics)  30217K->30217K(33792K), 0.0832311 secs]
97.514: [Full GC (Ergonomics)  30218K->30218K(33792K), 0.0784521 secs]
97.593: [Full GC (Ergonomics)  30220K->30220K(33792K), 0.0780182 secs]
97.671: [Full GC (Ergonomics)  30221K->30221K(33792K), 0.0782458 secs]
97.750: [Full GC (Ergonomics)  30223K->30223K(33792K), 0.0780831 secs]
97.828: [Full GC (Ergonomics)  30224K->30224K(33792K), 0.0774262 secs]
97.905: [Full GC (Ergonomics)  30226K->30226K(33792K), 0.0785998 secs]
97.984: [Full GC (Ergonomics)  30227K->30227K(33792K), 0.0786102 secs]
98.064: [Full GC (Ergonomics)  30229K->30229K(33792K), 0.0772694 secs]
98.142: [Full GC (Ergonomics)  30230K->30230K(33792K), 0.0786101 secs]
98.220: [Full GC (Ergonomics)  30232K->30232K(33792K), 0.0776046 secs]
98.298: [Full GC (Ergonomics)  30233K->30233K(33792K), 0.0777168 secs]
98.376: [Full GC (Ergonomics)  30235K->30235K(33792K), 0.1042085 secs]
98.482: [Full GC (Ergonomics)  30236K->30236K(33792K), 0.0798354 secs]
98.562: [Full GC (Ergonomics)  30238K->30238K(33792K), 0.0777506 secs]
98.640: [Full GC (Ergonomics)  30239K->30239K(33792K), 0.0785661 secs]
98.719: [Full GC (Ergonomics)  30241K->30241K(33792K), 0.0790289 secs]
98.798: [Full GC (Ergonomics)  30242K->30242K(33792K), 0.0785287 secs]
98.877: [Full GC (Ergonomics)  30244K->30244K(33792K), 0.0785012 secs]
98.955: [Full GC (Ergonomics)  30245K->30245K(33792K), 0.0780555 secs]
99.034: [Full GC (Ergonomics)  30247K->30247K(33792K), 0.0791686 secs]
99.113: [Full GC (Ergonomics)  30248K->30248K(33792K), 0.0788966 secs]
99.192: [Full GC (Ergonomics)  30250K->30250K(33792K), 0.0786502 secs]
99.271: [Full GC (Ergonomics)  30251K->30251K(33792K), 0.0785182 secs]
99.350: [Full GC (Ergonomics)  30253K->30253K(33792K), 0.0777611 secs]
99.428: [Full GC (Ergonomics)  30254K->30254K(33792K), 0.0776802 secs]
99.506: [Full GC (Ergonomics)  30256K->30256K(33792K), 0.0793942 secs]
99.585: [Full GC (Ergonomics)  30257K->30257K(33792K), 0.0781043 secs]
99.664: [Full GC (Ergonomics)  30259K->30259K(33792K), 0.0904701 secs]
99.754: [Full GC (Ergonomics)  30260K->30260K(33792K), 0.0862535 secs]
99.841: [Full GC (Ergonomics)  30262K->30262K(33792K), 0.0782955 secs]
99.919: [Full GC (Ergonomics)  30263K->30263K(33792K), 0.0781385 secs]
99.999: [Full GC (Ergonomics)  30265K->30265K(33792K), 0.0777553 secs]
100.078: [Full GC (Ergonomics)  30266K->30266K(33792K), 0.0784550 secs]
100.156: [Full GC (Ergonomics)  30268K->30268K(33792K), 0.0791797 secs]
100.236: [Full GC (Ergonomics)  30269K->30269K(33792K), 0.0786013 secs]
100.314: [Full GC (Ergonomics)  30271K->30271K(33792K), 0.0790108 secs]
100.394: [Full GC (Ergonomics)  30272K->30272K(33792K), 0.0791612 secs]
100.473: [Full GC (Ergonomics)  30274K->30274K(33792K), 0.0792406 secs]
100.552: [Full GC (Ergonomics)  30275K->30275K(33792K), 0.0787673 secs]
100.631: [Full GC (Ergonomics)  30277K->30277K(33792K), 0.0784864 secs]
100.710: [Full GC (Ergonomics)  30278K->30278K(33792K), 0.0787111 secs]
100.790: [Full GC (Ergonomics)  30280K->30280K(33792K), 0.0777230 secs]
100.868: [Full GC (Ergonomics)  30281K->30281K(33792K), 0.0786417 secs]
100.947: [Full GC (Ergonomics)  30283K->30283K(33792K), 0.0781182 secs]
101.025: [Full GC (Ergonomics)  30284K->30284K(33792K), 0.0793118 secs]
101.105: [Full GC (Ergonomics)  30286K->30286K(33792K), 0.0788449 secs]
101.184: [Full GC (Ergonomics)  30287K->30287K(33792K), 0.0790937 secs]
101.263: [Full GC (Ergonomics)  30289K->30289K(33792K), 0.0795093 secs]
101.343: [Full GC (Ergonomics)  30290K->30290K(33792K), 0.0782090 secs]
101.421: [Full GC (Ergonomics)  30292K->30292K(33792K), 0.0798426 secs]
101.501: [Full GC (Ergonomics)  30293K->30293K(33792K), 0.0789073 secs]
101.580: [Full GC (Ergonomics)  30295K->30295K(33792K), 0.0784660 secs]
101.659: [Full GC (Ergonomics)  30296K->30296K(33792K), 0.0789053 secs]
101.738: [Full GC (Ergonomics)  30298K->30298K(33792K), 0.0790898 secs]
101.817: [Full GC (Ergonomics)  30299K->30299K(33792K), 0.0783952 secs]
101.896: [Full GC (Ergonomics)  30301K->30301K(33792K), 0.0781298 secs]
101.974: [Full GC (Ergonomics)  30302K->30302K(33792K), 0.0779322 secs]
102.052: [Full GC (Ergonomics)  30304K->30304K(33792K), 0.0786899 secs]
102.131: [Full GC (Ergonomics)  30305K->30305K(33792K), 0.0786961 secs]
102.211: [Full GC (Ergonomics)  30307K->30307K(33792K), 0.0784919 secs]
102.290: [Full GC (Ergonomics)  30308K->30308K(33792K), 0.0789649 secs]
102.369: [Full GC (Ergonomics)  30310K->30310K(33792K), 0.0800382 secs]
102.449: [Full GC (Ergonomics)  30311K->30311K(33792K), 0.0796362 secs]
102.529: [Full GC (Ergonomics)  30313K->30313K(33792K), 0.0829803 secs]
102.613: [Full GC (Ergonomics)  30314K->30314K(33792K), 0.0838642 secs]
102.698: [Full GC (Ergonomics)  30316K->30316K(33792K), 0.0809686 secs]
102.779: [Full GC (Ergonomics)  30317K->30317K(33792K), 0.0791208 secs]
102.858: [Full GC (Ergonomics)  30319K->30319K(33792K), 0.0790266 secs]
102.937: [Full GC (Ergonomics)  30320K->30320K(33792K), 0.0792321 secs]
103.017: [Full GC (Ergonomics)  30322K->30322K(33792K), 0.0789146 secs]
103.096: [Full GC (Ergonomics)  30323K->30323K(33792K), 0.0796179 secs]
103.176: [Full GC (Ergonomics)  30325K->30325K(33792K), 0.0795159 secs]
103.255: [Full GC (Ergonomics)  30326K->30326K(33792K), 0.0783803 secs]
103.334: [Full GC (Ergonomics)  30328K->30328K(33792K), 0.0792859 secs]
103.413: [Full GC (Ergonomics)  30329K->30329K(33792K), 0.0795488 secs]
103.493: [Full GC (Ergonomics)  30331K->30331K(33792K), 0.0803407 secs]
103.574: [Full GC (Ergonomics)  30332K->30332K(33792K), 0.0791604 secs]
103.653: [Full GC (Ergonomics)  30334K->30334K(33792K), 0.0795565 secs]
103.733: [Full GC (Ergonomics)  30335K->30335K(33792K), 0.0789393 secs]
103.812: [Full GC (Ergonomics)  30337K->30337K(33792K), 0.0791054 secs]
103.891: [Full GC (Ergonomics)  30338K->30338K(33792K), 0.0789721 secs]
103.970: [Full GC (Ergonomics)  30340K->30340K(33792K), 0.0792364 secs]
104.050: [Full GC (Ergonomics)  30341K->30341K(33792K), 0.0788253 secs]
104.129: [Full GC (Ergonomics)  30343K->30343K(33792K), 0.0789455 secs]
104.208: [Full GC (Ergonomics)  30344K->30344K(33792K), 0.0784186 secs]
104.286: [Full GC (Ergonomics)  30346K->30346K(33792K), 0.0867988 secs]
104.373: [Full GC (Ergonomics)  30347K->30347K(33792K), 0.0802860 secs]
104.454: [Full GC (Ergonomics)  30349K->30349K(33792K), 0.0797524 secs]
104.534: [Full GC (Ergonomics)  30350K->30350K(33792K), 0.0792011 secs]
104.613: [Full GC (Ergonomics)  30352K->30352K(33792K), 0.0787374 secs]
104.692: [Full GC (Ergonomics)  30353K->30353K(33792K), 0.0792398 secs]
104.772: [Full GC (Ergonomics)  30355K->30355K(33792K), 0.0794768 secs]
104.851: [Full GC (Ergonomics)  30356K->30356K(33792K), 0.0788801 secs]
104.930: [Full GC (Ergonomics)  30358K->30358K(33792K), 0.0787859 secs]
105.009: [Full GC (Ergonomics)  30359K->30359K(33792K), 0.0801111 secs]
105.090: [Full GC (Ergonomics)  30361K->30361K(33792K), 0.0789851 secs]
105.169: [Full GC (Ergonomics)  30362K->30362K(33792K), 0.0797087 secs]
105.249: [Full GC (Ergonomics)  30364K->30364K(33792K), 0.0795754 secs]
105.329: [Full GC (Ergonomics)  30365K->30365K(33792K), 0.0801577 secs]
105.409: [Full GC (Ergonomics)  30367K->30367K(33792K), 0.0798419 secs]
105.489: [Full GC (Ergonomics)  30368K->30368K(33792K), 0.0797225 secs]
105.570: [Full GC (Ergonomics)  30370K->30370K(33792K), 0.0785344 secs]
105.649: [Full GC (Ergonomics)  30371K->30371K(33792K), 0.0798741 secs]
105.729: [Full GC (Ergonomics)  30373K->30373K(33792K), 0.0793278 secs]
105.808: [Full GC (Ergonomics)  30374K->30374K(33792K), 0.0793766 secs]
105.888: [Full GC (Ergonomics)  30376K->30376K(33792K), 0.0797096 secs]
105.968: [Full GC (Ergonomics)  30377K->30377K(33792K), 0.0792466 secs]
106.047: [Full GC (Ergonomics)  30379K->30379K(33792K), 0.0794050 secs]
106.127: [Full GC (Ergonomics)  30380K->30380K(33792K), 0.0794885 secs]
106.208: [Full GC (Ergonomics)  30382K->30382K(33792K), 0.0787067 secs]
106.287: [Full GC (Ergonomics)  30383K->30383K(33792K), 0.0794670 secs]
106.366: [Full GC (Ergonomics)  30385K->30385K(33792K), 0.0795234 secs]
106.446: [Full GC (Ergonomics)  30386K->30386K(33792K), 0.0800248 secs]
106.526: [Full GC (Ergonomics)  30388K->30388K(33792K), 0.0817163 secs]
106.608: [Full GC (Ergonomics)  30389K->30389K(33792K), 0.0790931 secs]
106.687: [Full GC (Ergonomics)  30391K->30391K(33792K), 0.0792684 secs]
106.767: [Full GC (Ergonomics)  30392K->30392K(33792K), 0.0789505 secs]
106.846: [Full GC (Ergonomics)  30394K->30394K(33792K), 0.0790364 secs]
106.925: [Full GC (Ergonomics)  30395K->30395K(33792K), 0.0798438 secs]
107.005: [Full GC (Ergonomics)  30397K->30397K(33792K), 0.0802264 secs]
107.087: [Full GC (Ergonomics)  30398K->30398K(33792K), 0.0783530 secs]
107.165: [Full GC (Ergonomics)  30400K->30400K(33792K), 0.0819202 secs]
107.247: [Full GC (Ergonomics)  30401K->30401K(33792K), 0.0789955 secs]
107.327: [Full GC (Ergonomics)  30403K->30403K(33792K), 0.0789513 secs]
107.406: [Full GC (Ergonomics)  30404K->30404K(33792K), 0.0827536 secs]
107.489: [Full GC (Ergonomics)  30406K->30406K(33792K), 0.0801257 secs]
107.569: [Full GC (Ergonomics)  30407K->30407K(33792K), 0.0836030 secs]
107.653: [Full GC (Ergonomics)  30409K->30409K(33792K), 0.0793538 secs]
107.732: [Full GC (Ergonomics)  30410K->30410K(33792K), 0.0795507 secs]
107.812: [Full GC (Ergonomics)  30412K->30412K(33792K), 0.0841404 secs]
107.897: [Full GC (Ergonomics)  30413K->30413K(33792K), 0.0795206 secs]
107.976: [Full GC (Ergonomics)  30415K->30415K(33792K), 0.0798899 secs]
108.056: [Full GC (Ergonomics)  30416K->30416K(33792K), 0.0792441 secs]
108.136: [Full GC (Ergonomics)  30418K->30418K(33792K), 0.0794448 secs]
108.216: [Full GC (Ergonomics)  30419K->30419K(33792K), 0.0779236 secs]
108.295: [Full GC (Ergonomics)  30421K->30421K(33792K), 0.0793254 secs]
108.374: [Full GC (Ergonomics)  30422K->30422K(33792K), 0.0800026 secs]
108.454: [Full GC (Ergonomics)  30424K->30424K(33792K), 0.0802447 secs]
108.535: [Full GC (Ergonomics)  30425K->30425K(33792K), 0.0807940 secs]
108.616: [Full GC (Ergonomics)  30427K->30427K(33792K), 0.0799590 secs]
108.696: [Full GC (Ergonomics)  30428K->30428K(33792K), 0.0804961 secs]
108.777: [Full GC (Ergonomics)  30430K->30430K(33792K), 0.0805206 secs]
108.857: [Full GC (Ergonomics)  30431K->30431K(33792K), 0.0809563 secs]
108.938: [Full GC (Ergonomics)  30433K->30433K(33792K), 0.0799915 secs]
109.019: [Full GC (Ergonomics)  30434K->30434K(33792K), 0.0799078 secs]
109.099: [Full GC (Ergonomics)  30436K->30436K(33792K), 0.0799590 secs]
109.179: [Full GC (Ergonomics)  30437K->30437K(33792K), 0.0796137 secs]
109.259: [Full GC (Ergonomics)  30439K->30439K(33792K), 0.0801216 secs]
109.339: [Full GC (Ergonomics)  30440K->30440K(33792K), 0.0797229 secs]
109.419: [Full GC (Ergonomics)  30442K->30442K(33792K), 0.0800111 secs]
109.499: [Full GC (Ergonomics)  30443K->30443K(33792K), 0.0781809 secs]
109.578: [Full GC (Ergonomics)  30445K->30445K(33792K), 0.0798810 secs]
109.658: [Full GC (Ergonomics)  30446K->30446K(33792K), 0.0802075 secs]
109.739: [Full GC (Ergonomics)  30448K->30448K(33792K), 0.0792770 secs]
109.818: [Full GC (Ergonomics)  30449K->30449K(33792K), 0.0792226 secs]
109.898: [Full GC (Ergonomics)  30451K->30451K(33792K), 0.0793418 secs]
109.977: [Full GC (Ergonomics)  30452K->30452K(33792K), 0.0791265 secs]
110.056: [Full GC (Ergonomics)  30454K->30454K(33792K), 0.0793274 secs]
110.136: [Full GC (Ergonomics)  30455K->30455K(33792K), 0.0799425 secs]
110.216: [Full GC (Ergonomics)  30457K->30457K(33792K), 0.0790803 secs]
110.295: [Full GC (Ergonomics)  30458K->30458K(33792K), 0.0791502 secs]
110.376: [Full GC (Ergonomics)  30460K->30460K(33792K), 0.0785940 secs]
110.455: [Full GC (Ergonomics)  30461K->30461K(33792K), 0.0804948 secs]
110.535: [Full GC (Ergonomics)  30463K->30463K(33792K), 0.0797718 secs]
110.615: [Full GC (Ergonomics)  30464K->30464K(33792K), 0.0795157 secs]
110.695: [Full GC (Ergonomics)  30466K->30466K(33792K), 0.0793421 secs]
110.774: [Full GC (Ergonomics)  30467K->30467K(33792K), 0.0801410 secs]
110.855: [Full GC (Ergonomics)  30469K->30469K(33792K), 0.0801931 secs]
110.935: [Full GC (Ergonomics)  30470K->30470K(33792K), 0.0793533 secs]
111.015: [Full GC (Ergonomics)  30472K->30472K(33792K), 0.0791555 secs]
111.094: [Full GC (Ergonomics)  30473K->30473K(33792K), 0.0803007 secs]
111.175: [Full GC (Ergonomics)  30475K->30475K(33792K), 0.0801210 secs]
111.255: [Full GC (Ergonomics)  30476K->30476K(33792K), 0.0800247 secs]
111.335: [Full GC (Ergonomics)  30478K->30478K(33792K), 0.0800706 secs]
111.415: [Full GC (Ergonomics)  30479K->30479K(33792K), 0.0810274 secs]
111.497: [Full GC (Ergonomics)  30481K->30481K(33792K), 0.0823905 secs]
111.579: [Full GC (Ergonomics)  30482K->30482K(33792K), 0.0797822 secs]
111.659: [Full GC (Ergonomics)  30484K->30484K(33792K), 0.0799696 secs]
111.739: [Full GC (Ergonomics)  30485K->30485K(33792K), 0.0798789 secs]
111.819: [Full GC (Ergonomics)  30487K->30487K(33792K), 0.0798964 secs]
111.900: [Full GC (Ergonomics)  30488K->30488K(33792K), 0.0801712 secs]
111.980: [Full GC (Ergonomics)  30490K->30490K(33792K), 0.0795564 secs]
112.060: [Full GC (Ergonomics)  30491K->30491K(33792K), 0.0798783 secs]
112.140: [Full GC (Ergonomics)  30493K->30493K(33792K), 0.0813152 secs]
112.221: [Full GC (Ergonomics)  30494K->30494K(33792K), 0.0808137 secs]
112.302: [Full GC (Ergonomics)  30496K->30496K(33792K), 0.0795078 secs]
112.382: [Full GC (Ergonomics)  30497K->30497K(33792K), 0.0808185 secs]
112.463: [Full GC (Ergonomics)  30499K->30499K(33792K), 0.0806600 secs]
112.544: [Full GC (Ergonomics)  30500K->30500K(33792K), 0.0798520 secs]
112.624: [Full GC (Ergonomics)  30502K->30502K(33792K), 0.0801295 secs]
112.704: [Full GC (Ergonomics)  30503K->30503K(33792K), 0.1054580 secs]
112.810: [Full GC (Ergonomics)  30505K->30505K(33792K), 0.0807219 secs]
112.891: [Full GC (Ergonomics)  30506K->30506K(33792K), 0.0799537 secs]
112.971: [Full GC (Ergonomics)  30508K->30508K(33792K), 0.0789945 secs]
113.050: [Full GC (Ergonomics)  30509K->30509K(33792K), 0.0798210 secs]
113.131: [Full GC (Ergonomics)  30511K->30511K(33792K), 0.0787514 secs]
113.210: [Full GC (Ergonomics)  30512K->30512K(33792K), 0.0802602 secs]
113.291: [Full GC (Ergonomics)  30514K->30514K(33792K), 0.0797329 secs]
113.372: [Full GC (Ergonomics)  30515K->30515K(33792K), 0.0789646 secs]
113.451: [Full GC (Ergonomics)  30517K->30517K(33792K), 0.0848744 secs]
113.536: [Full GC (Ergonomics)  30518K->30518K(33792K), 0.0836400 secs]
113.620: [Full GC (Ergonomics)  30520K->30520K(33792K), 0.0797978 secs]
113.700: [Full GC (Ergonomics)  30521K->30521K(33792K), 0.0796798 secs]
113.779: [Full GC (Ergonomics)  30523K->30523K(33792K), 0.0803967 secs]
113.860: [Full GC (Ergonomics)  30524K->30524K(33792K), 0.0803262 secs]
113.942: [Full GC (Ergonomics)  30526K->30526K(33792K), 0.0796967 secs]
114.022: [Full GC (Ergonomics)  30527K->30527K(33792K), 0.0795353 secs]
114.101: [Full GC (Ergonomics)  30529K->30529K(33792K), 0.0844358 secs]
114.186: [Full GC (Ergonomics)  30530K->30530K(33792K), 0.0880132 secs]
114.275: [Full GC (Ergonomics)  30532K->30532K(33792K), 0.0788890 secs]
114.354: [Full GC (Ergonomics)  30533K->30533K(33792K), 0.0881279 secs]
114.443: [Full GC (Ergonomics)  30535K->30535K(33792K), 0.0807971 secs]
114.524: [Full GC (Ergonomics)  30536K->30536K(33792K), 0.0805000 secs]
114.604: [Full GC (Ergonomics)  30538K->30538K(33792K), 0.0802815 secs]
114.685: [Full GC (Ergonomics)  30539K->30539K(33792K), 0.0868834 secs]
114.772: [Full GC (Ergonomics)  30541K->30541K(33792K), 0.0811780 secs]
114.855: [Full GC (Ergonomics)  30542K->30542K(33792K), 0.0800787 secs]
114.935: [Full GC (Ergonomics)  30544K->30544K(33792K), 0.0806343 secs]
115.016: [Full GC (Ergonomics)  30545K->30545K(33792K), 0.0805427 secs]
115.098: [Full GC (Ergonomics)  30547K->30547K(33792K), 0.0802735 secs]
115.178: [Full GC (Ergonomics)  30548K->30548K(33792K), 0.0806086 secs]
115.259: [Full GC (Ergonomics)  30550K->30550K(33792K), 0.0812868 secs]
115.340: [Full GC (Ergonomics)  30551K->30551K(33792K), 0.0804166 secs]
115.421: [Full GC (Ergonomics)  30553K->30553K(33792K), 0.0802331 secs]
115.501: [Full GC (Ergonomics)  30554K->30554K(33792K), 0.0815031 secs]
115.583: [Full GC (Ergonomics)  30556K->30556K(33792K), 0.0809625 secs]
115.664: [Full GC (Ergonomics)  30557K->30557K(33792K), 0.0806117 secs]
115.745: [Full GC (Ergonomics)  30559K->30559K(33792K), 0.0814541 secs]
115.828: [Full GC (Ergonomics)  30560K->30560K(33792K), 0.0802810 secs]
115.908: [Full GC (Ergonomics)  30562K->30562K(33792K), 0.0801517 secs]
115.989: [Full GC (Ergonomics)  30563K->30563K(33792K), 0.0806669 secs]
116.071: [Full GC (Ergonomics)  30565K->30565K(33792K), 0.0792193 secs]
116.150: [Full GC (Ergonomics)  30566K->30566K(33792K), 0.0805131 secs]
116.231: [Full GC (Ergonomics)  30568K->30568K(33792K), 0.0828182 secs]
116.314: [Full GC (Ergonomics)  30569K->30569K(33792K), 0.0813154 secs]
116.395: [Full GC (Ergonomics)  30571K->30571K(33792K), 0.0813654 secs]
116.477: [Full GC (Ergonomics)  30572K->30572K(33792K), 0.0819739 secs]
116.559: [Full GC (Ergonomics)  30574K->30574K(33792K), 0.0793970 secs]
116.639: [Full GC (Ergonomics)  30575K->30575K(33792K), 0.0808765 secs]
116.720: [Full GC (Ergonomics)  30577K->30577K(33792K), 0.0812098 secs]
116.801: [Full GC (Ergonomics)  30578K->30578K(33792K), 0.0808058 secs]
116.882: [Full GC (Ergonomics)  30580K->30580K(33792K), 0.0803044 secs]
116.962: [Full GC (Ergonomics)  30581K->30581K(33792K), 0.0806703 secs]
117.043: [Full GC (Ergonomics)  30583K->30583K(33792K), 0.0802739 secs]
117.124: [Full GC (Ergonomics)  30584K->30584K(33792K), 0.0808393 secs]
117.205: [Full GC (Ergonomics)  30586K->30586K(33792K), 0.0805093 secs]
117.286: [Full GC (Ergonomics)  30587K->30587K(33792K), 0.0808618 secs]
117.367: [Full GC (Ergonomics)  30589K->30589K(33792K), 0.0817701 secs]
117.449: [Full GC (Ergonomics)  30590K->30590K(33792K), 0.0802733 secs]
117.529: [Full GC (Ergonomics)  30592K->30592K(33792K), 0.0807608 secs]
117.610: [Full GC (Ergonomics)  30593K->30593K(33792K), 0.0808808 secs]
117.691: [Full GC (Ergonomics)  30595K->30595K(33792K), 0.0813943 secs]
117.773: [Full GC (Ergonomics)  30596K->30596K(33792K), 0.0813683 secs]
117.854: [Full GC (Ergonomics)  30598K->30598K(33792K), 0.0817019 secs]
117.937: [Full GC (Ergonomics)  30599K->30599K(33792K), 0.0795863 secs]
118.017: [Full GC (Ergonomics)  30601K->30601K(33792K), 0.0813594 secs]
118.098: [Full GC (Ergonomics)  30602K->30602K(33792K), 0.0807208 secs]
118.179: [Full GC (Ergonomics)  30604K->30604K(33792K), 0.0849877 secs]
118.265: [Full GC (Ergonomics)  30605K->30605K(33792K), 0.0805107 secs]
118.345: [Full GC (Ergonomics)  30607K->30607K(33792K), 0.0820703 secs]
118.428: [Full GC (Ergonomics)  30608K->30608K(33792K), 0.0827982 secs]
118.511: [Full GC (Ergonomics)  30610K->30610K(33792K), 0.0816842 secs]
118.592: [Full GC (Ergonomics)  30611K->30611K(33792K), 0.0810082 secs]
118.674: [Full GC (Ergonomics)  30613K->30613K(33792K), 0.0811455 secs]
118.755: [Full GC (Ergonomics)  30614K->30614K(33792K), 0.0806582 secs]
118.836: [Full GC (Ergonomics)  30616K->30616K(33792K), 0.0809131 secs]
118.917: [Full GC (Ergonomics)  30617K->30617K(33792K), 0.0807859 secs]
118.998: [Full GC (Ergonomics)  30619K->30619K(33792K), 0.0800359 secs]
119.078: [Full GC (Ergonomics)  30620K->30620K(33792K), 0.0805245 secs]
119.159: [Full GC (Ergonomics)  30622K->30622K(33792K), 0.0807399 secs]
119.240: [Full GC (Ergonomics)  30623K->30623K(33792K), 0.0808600 secs]
119.321: [Full GC (Ergonomics)  30625K->30625K(33792K), 0.0817166 secs]
119.403: [Full GC (Ergonomics)  30626K->30626K(33792K), 0.0824463 secs]
119.485: [Full GC (Ergonomics)  30628K->30628K(33792K), 0.0807883 secs]
119.566: [Full GC (Ergonomics)  30629K->30629K(33792K), 0.0812040 secs]
119.649: [Full GC (Ergonomics)  30631K->30631K(33792K), 0.0809086 secs]
119.730: [Full GC (Ergonomics)  30632K->30632K(33792K), 0.0818153 secs]
119.812: [Full GC (Ergonomics)  30634K->30634K(33792K), 0.0811885 secs]
119.895: [Full GC (Ergonomics)  30635K->30635K(33792K), 0.0801244 secs]
119.975: [Full GC (Ergonomics)  30637K->30637K(33792K), 0.0825529 secs]
120.058: [Full GC (Ergonomics)  30638K->30638K(33792K), 0.0805718 secs]
120.138: [Full GC (Ergonomics)  30640K->30640K(33792K), 0.0812205 secs]
120.220: [Full GC (Ergonomics)  30641K->30641K(33792K), 0.0815749 secs]
120.302: [Full GC (Ergonomics)  30643K->30643K(33792K), 0.0806712 secs]
120.383: [Full GC (Ergonomics)  30644K->30644K(33792K), 0.0815490 secs]
120.464: [Full GC (Ergonomics)  30646K->30646K(33792K), 0.0810782 secs]
120.546: [Full GC (Ergonomics)  30647K->30647K(33792K), 0.0813076 secs]
120.627: [Full GC (Ergonomics)  30649K->30649K(33792K), 0.0807248 secs]
120.708: [Full GC (Ergonomics)  30650K->30650K(33792K), 0.0810897 secs]
120.789: [Full GC (Ergonomics)  30652K->30652K(33792K), 0.0812047 secs]
120.871: [Full GC (Ergonomics)  30653K->30653K(33792K), 0.0814529 secs]
120.952: [Full GC (Ergonomics)  30655K->30655K(33792K), 0.0815954 secs]
121.034: [Full GC (Ergonomics)  30656K->30656K(33792K), 0.0816113 secs]
121.116: [Full GC (Ergonomics)  30658K->30658K(33792K), 0.0821584 secs]
121.198: [Full GC (Ergonomics)  30659K->30659K(33792K), 0.0810451 secs]
121.279: [Full GC (Ergonomics)  30661K->30661K(33792K), 0.0814436 secs]
121.362: [Full GC (Ergonomics)  30662K->30662K(33792K), 0.0812024 secs]
121.444: [Full GC (Ergonomics)  30664K->30664K(33792K), 0.0814206 secs]
121.525: [Full GC (Ergonomics)  30665K->30665K(33792K), 0.0826103 secs]
121.608: [Full GC (Ergonomics)  30667K->30667K(33792K), 0.0812665 secs]
121.689: [Full GC (Ergonomics)  30668K->30668K(33792K), 0.0813814 secs]
121.771: [Full GC (Ergonomics)  30670K->30670K(33792K), 0.0815796 secs]
121.853: [Full GC (Ergonomics)  30671K->30671K(33792K), 0.0817847 secs]
121.935: [Full GC (Ergonomics)  30673K->30673K(33792K), 0.0812316 secs]
122.017: [Full GC (Ergonomics)  30674K->30674K(33792K), 0.0803627 secs]
122.098: [Full GC (Ergonomics)  30676K->30676K(33792K), 0.0808043 secs]
122.179: [Full GC (Ergonomics)  30677K->30677K(33792K), 0.0820081 secs]
122.261: [Full GC (Ergonomics)  30679K->30679K(33792K), 0.0816819 secs]
122.343: [Full GC (Ergonomics)  30680K->30680K(33792K), 0.0813783 secs]
122.425: [Full GC (Ergonomics)  30682K->30682K(33792K), 0.0820158 secs]
122.507: [Full GC (Ergonomics)  30683K->30683K(33792K), 0.0812800 secs]
122.588: [Full GC (Ergonomics)  30685K->30685K(33792K), 0.0818430 secs]
122.670: [Full GC (Ergonomics)  30686K->30686K(33792K), 0.0810080 secs]
122.751: [Full GC (Ergonomics)  30688K->30688K(33792K), 0.0824620 secs]
122.834: [Full GC (Ergonomics)  30689K->30689K(33792K), 0.0818795 secs]
122.916: [Full GC (Ergonomics)  30691K->30691K(33792K), 0.0816971 secs]
122.998: [Full GC (Ergonomics)  30692K->30692K(33792K), 0.0813178 secs]
123.080: [Full GC (Ergonomics)  30694K->30694K(33792K), 0.0917749 secs]
123.172: [Full GC (Ergonomics)  30695K->30695K(33792K), 0.0876560 secs]
123.259: [Full GC (Ergonomics)  30697K->30697K(33792K), 0.0812920 secs]
123.341: [Full GC (Ergonomics)  30698K->30698K(33792K), 0.0830632 secs]
123.424: [Full GC (Ergonomics)  30700K->30700K(33792K), 0.0820928 secs]
123.506: [Full GC (Ergonomics)  30701K->30701K(33792K), 0.0826153 secs]
123.589: [Full GC (Ergonomics)  30703K->30703K(33792K), 0.0819504 secs]
123.671: [Full GC (Ergonomics)  30704K->30704K(33792K), 0.0818199 secs]
123.753: [Full GC (Ergonomics)  30706K->30706K(33792K), 0.0819879 secs]
123.836: [Full GC (Ergonomics)  30707K->30707K(33792K), 0.0843805 secs]
123.920: [Full GC (Ergonomics)  30709K->30709K(33792K), 0.0814093 secs]
124.002: [Full GC (Ergonomics)  30710K->30710K(33792K), 0.0814009 secs]
124.083: [Full GC (Ergonomics)  30712K->30712K(33792K), 0.0820868 secs]
124.166: [Full GC (Ergonomics)  30713K->30713K(33792K), 0.0834557 secs]
124.250: [Full GC (Ergonomics)  30715K->30715K(33792K), 0.0812817 secs]
124.332: [Full GC (Ergonomics)  30716K->30716K(33792K), 0.0816091 secs]
124.414: [Full GC (Ergonomics)  30718K->30718K(33792K), 0.0814009 secs]
124.495: [Full GC (Ergonomics)  30719K->30719K(33792K), 0.0822862 secs]
124.578: [Full GC (Ergonomics)  30721K->30721K(33792K), 0.0802445 secs]
124.658: [Full GC (Ergonomics)  30722K->30722K(33792K), 0.0800288 secs]
124.738: [Full GC (Ergonomics)  30724K->30724K(33792K), 0.0793774 secs]
124.818: [Full GC (Ergonomics)  30725K->30725K(33792K), 0.0794636 secs]
124.898: [Full GC (Ergonomics)  30727K->30727K(33792K), 0.0804019 secs]
124.978: [Full GC (Ergonomics)  30728K->30728K(33792K), 0.0801448 secs]
125.059: [Full GC (Ergonomics)  30730K->30730K(33792K), 0.0803002 secs]
125.139: [Full GC (Ergonomics)  30731K->30731K(33792K), 0.0809962 secs]
125.220: [Full GC (Ergonomics)  30733K->30733K(33792K), 0.0795457 secs]
125.300: [Full GC (Ergonomics)  30734K->30734K(33792K), 0.0807900 secs]
125.381: [Full GC (Ergonomics)  30736K->30736K(33792K), 0.0805944 secs]
125.462: [Full GC (Ergonomics)  30737K->30737K(33792K), 0.0801081 secs]
125.542: [Full GC (Ergonomics)  30739K->30739K(33792K), 0.0801820 secs]
125.622: [Full GC (Ergonomics)  30740K->30740K(33792K), 0.0803852 secs]
125.703: [Full GC (Ergonomics)  30742K->30742K(33792K), 0.0803385 secs]
125.784: [Full GC (Ergonomics)  30743K->30743K(33792K), 0.0803431 secs]
125.864: [Full GC (Ergonomics)  30745K->30745K(33792K), 0.0796978 secs]
125.944: [Full GC (Ergonomics)  30746K->30746K(33792K), 0.0817111 secs]
126.026: [Full GC (Ergonomics)  30748K->30748K(33792K), 0.0800126 secs]
126.106: [Full GC (Ergonomics)  30749K->30749K(33792K), 0.0803884 secs]
126.187: [Full GC (Ergonomics)  30751K->30751K(33792K), 0.0811543 secs]
126.268: [Full GC (Ergonomics)  30752K->30752K(33792K), 0.0801595 secs]
126.348: [Full GC (Ergonomics)  30754K->30754K(33792K), 0.0825414 secs]
126.431: [Full GC (Ergonomics)  30755K->30755K(33792K), 0.0804784 secs]
126.512: [Full GC (Ergonomics)  30757K->30757K(33792K), 0.0801850 secs]
126.592: [Full GC (Ergonomics)  30758K->30758K(33792K), 0.0810404 secs]
126.673: [Full GC (Ergonomics)  30760K->30760K(33792K), 0.0801374 secs]
126.754: [Full GC (Ergonomics)  30761K->30761K(33792K), 0.0799890 secs]
126.834: [Full GC (Ergonomics)  30763K->30763K(33792K), 0.0808391 secs]
126.915: [Full GC (Ergonomics)  30764K->30764K(33792K), 0.0799149 secs]
126.995: [Full GC (Ergonomics)  30766K->30766K(33792K), 0.0795334 secs]
127.075: [Full GC (Ergonomics)  30767K->30767K(33792K), 0.0804032 secs]
127.155: [Full GC (Ergonomics)  30769K->30769K(33792K), 0.0808610 secs]
127.236: [Full GC (Ergonomics)  30770K->30770K(33792K), 0.0803036 secs]
127.317: [Full GC (Ergonomics)  30772K->30772K(33792K), 0.0802765 secs]
127.397: [Full GC (Ergonomics)  30773K->30773K(33792K), 0.0806842 secs]
127.478: [Full GC (Ergonomics)  30775K->30775K(33792K), 0.0808234 secs]
127.559: [Full GC (Ergonomics)  30776K->30776K(33792K), 0.0800630 secs]
127.640: [Full GC (Ergonomics)  30778K->30778K(33792K), 0.0801669 secs]
127.720: [Full GC (Ergonomics)  30779K->30779K(33792K), 0.0804314 secs]
127.801: [Full GC (Ergonomics)  30781K->30781K(33792K), 0.0804924 secs]
127.881: [Full GC (Ergonomics)  30782K->30782K(33792K), 0.0792660 secs]
127.961: [Full GC (Ergonomics)  30784K->30784K(33792K), 0.0805576 secs]
128.041: [Full GC (Ergonomics)  30785K->30785K(33792K), 0.0802364 secs]
128.122: [Full GC (Ergonomics)  30787K->30787K(33792K), 0.0808271 secs]
128.203: [Full GC (Ergonomics)  30788K->30788K(33792K), 0.0806963 secs]
128.284: [Full GC (Ergonomics)  30790K->30790K(33792K), 0.0803861 secs]
128.364: [Full GC (Ergonomics)  30791K->30791K(33792K), 0.0803497 secs]
128.445: [Full GC (Ergonomics)  30793K->30793K(33792K), 0.0832674 secs]
128.528: [Full GC (Ergonomics)  30794K->30794K(33792K), 0.0807010 secs]
128.609: [Full GC (Ergonomics)  30796K->30796K(33792K), 0.0793436 secs]
128.689: [Full GC (Ergonomics)  30797K->30797K(33792K), 0.0803211 secs]
128.770: [Full GC (Ergonomics)  30799K->30799K(33792K), 0.0796656 secs]
128.850: [Full GC (Ergonomics)  30800K->30800K(33792K), 0.0805862 secs]
128.931: [Full GC (Ergonomics)  30802K->30802K(33792K), 0.0808789 secs]
129.012: [Full GC (Ergonomics)  30803K->30803K(33792K), 0.0801286 secs]
129.092: [Full GC (Ergonomics)  30805K->30805K(33792K), 0.0811294 secs]
129.174: [Full GC (Ergonomics)  30806K->30806K(33792K), 0.0798373 secs]
129.254: [Full GC (Ergonomics)  30808K->30808K(33792K), 0.0807884 secs]
129.335: [Full GC (Ergonomics)  30809K->30809K(33792K), 0.0812175 secs]
129.416: [Full GC (Ergonomics)  30811K->30811K(33792K), 0.0805746 secs]
129.497: [Full GC (Ergonomics)  30812K->30812K(33792K), 0.0807889 secs]
129.578: [Full GC (Ergonomics)  30814K->30814K(33792K), 0.0830813 secs]
129.661: [Full GC (Ergonomics)  30815K->30815K(33792K), 0.0820481 secs]
129.743: [Full GC (Ergonomics)  30817K->30817K(33792K), 0.1000707 secs]
129.844: [Full GC (Ergonomics)  30818K->30818K(33792K), 0.0807819 secs]
129.925: [Full GC (Ergonomics)  30820K->30820K(33792K), 0.0804840 secs]
130.005: [Full GC (Ergonomics)  30821K->30821K(33792K), 0.0807829 secs]
130.086: [Full GC (Ergonomics)  30823K->30823K(33792K), 0.0809229 secs]
130.167: [Full GC (Ergonomics)  30824K->30824K(33792K), 0.0810804 secs]
130.249: [Full GC (Ergonomics)  30826K->30826K(33792K), 0.0816326 secs]
130.331: [Full GC (Ergonomics)  30827K->30827K(33792K), 0.0794955 secs]
130.410: [Full GC (Ergonomics)  30829K->30829K(33792K), 0.0810906 secs]
130.492: [Full GC (Ergonomics)  30830K->30830K(33792K), 0.0806579 secs]
130.572: [Full GC (Ergonomics)  30832K->30832K(33792K), 0.0845692 secs]
130.657: [Full GC (Ergonomics)  30833K->30833K(33792K), 0.0801001 secs]
130.737: [Full GC (Ergonomics)  30835K->30835K(33792K), 0.0813881 secs]
130.819: [Full GC (Ergonomics)  30836K->30836K(33792K), 0.0815809 secs]
130.901: [Full GC (Ergonomics)  30838K->30838K(33792K), 0.0817517 secs]
130.983: [Full GC (Ergonomics)  30839K->30839K(33792K), 0.0804521 secs]
131.063: [Full GC (Ergonomics)  30841K->30841K(33792K), 0.0802902 secs]
131.144: [Full GC (Ergonomics)  30842K->30842K(33792K), 0.0849686 secs]
131.229: [Full GC (Ergonomics)  30844K->30844K(33792K), 0.0817387 secs]
131.311: [Full GC (Ergonomics)  30845K->30845K(33792K), 0.0813802 secs]
131.393: [Full GC (Ergonomics)  30847K->30847K(33792K), 0.0809009 secs]
131.474: [Full GC (Ergonomics)  30848K->30848K(33792K), 0.0807250 secs]
131.555: [Full GC (Ergonomics)  30850K->30850K(33792K), 0.0808729 secs]
131.636: [Full GC (Ergonomics)  30851K->30851K(33792K), 0.0807160 secs]
131.716: [Full GC (Ergonomics)  30853K->30853K(33792K), 0.0810862 secs]
131.798: [Full GC (Ergonomics)  30854K->30854K(33792K), 0.0817343 secs]
131.881: [Full GC (Ergonomics)  30856K->30856K(33792K), 0.0800071 secs]
131.961: [Full GC (Ergonomics)  30857K->30857K(33792K), 0.0812943 secs]
132.043: [Full GC (Ergonomics)  30859K->30859K(33792K), 0.0801308 secs]
132.123: [Full GC (Ergonomics)  30860K->30860K(33792K), 0.0802217 secs]
132.203: [Full GC (Ergonomics)  30862K->30862K(33792K), 0.0802171 secs]
132.284: [Full GC (Ergonomics)  30863K->30863K(33792K), 0.0814056 secs]
132.365: [Full GC (Ergonomics)  30865K->30865K(33792K), 0.0919520 secs]
132.457: [Full GC (Ergonomics)  30866K->30866K(33792K), 0.0868021 secs]
132.544: [Full GC (Ergonomics)  30868K->30868K(33792K), 0.0816085 secs]
132.626: [Full GC (Ergonomics)  30869K->30869K(33792K), 0.0807958 secs]
132.707: [Full GC (Ergonomics)  30871K->30871K(33792K), 0.0807337 secs]
132.788: [Full GC (Ergonomics)  30872K->30872K(33792K), 0.0827677 secs]
132.871: [Full GC (Ergonomics)  30874K->30874K(33792K), 0.0818775 secs]
132.953: [Full GC (Ergonomics)  30875K->30875K(33792K), 0.0821404 secs]
133.037: [Full GC (Ergonomics)  30877K->30877K(33792K), 0.0804023 secs]
133.117: [Full GC (Ergonomics)  30878K->30878K(33792K), 0.0813213 secs]
133.199: [Full GC (Ergonomics)  30880K->30880K(33792K), 0.0812221 secs]
133.280: [Full GC (Ergonomics)  30881K->30881K(33792K), 0.0810751 secs]
133.361: [Full GC (Ergonomics)  30883K->30883K(33792K), 0.0815602 secs]
133.443: [Full GC (Ergonomics)  30884K->30884K(33792K), 0.0814673 secs]
133.526: [Full GC (Ergonomics)  30886K->30886K(33792K), 0.0807913 secs]
133.607: [Full GC (Ergonomics)  30887K->30887K(33792K), 0.0807480 secs]
133.688: [Full GC (Ergonomics)  30889K->30889K(33792K), 0.0885249 secs]
133.777: [Full GC (Ergonomics)  30890K->30890K(33792K), 0.0812003 secs]
133.858: [Full GC (Ergonomics)  30892K->30892K(33792K), 0.0807896 secs]
133.939: [Full GC (Ergonomics)  30893K->30893K(33792K), 0.0812763 secs]
134.020: [Full GC (Ergonomics)  30895K->30895K(33792K), 0.0819159 secs]
134.103: [Full GC (Ergonomics)  30896K->30896K(33792K), 0.0801408 secs]
134.183: [Full GC (Ergonomics)  30898K->30898K(33792K), 0.0810750 secs]
134.264: [Full GC (Ergonomics)  30899K->30899K(33792K), 0.0813510 secs]
134.346: [Full GC (Ergonomics)  30901K->30901K(33792K), 0.0812828 secs]
134.427: [Full GC (Ergonomics)  30902K->30902K(33792K), 0.0811354 secs]
134.510: [Full GC (Ergonomics)  30904K->30904K(33792K), 0.0805019 secs]
134.590: [Full GC (Ergonomics)  30905K->30905K(33792K), 0.0814000 secs]
134.672: [Full GC (Ergonomics)  30907K->30907K(33792K), 0.0815825 secs]
134.754: [Full GC (Ergonomics)  30908K->30908K(33792K), 0.0819301 secs]
134.836: [Full GC (Ergonomics)  30910K->30910K(33792K), 0.0809141 secs]
134.917: [Full GC (Ergonomics)  30911K->30911K(33792K), 0.0821692 secs]
134.999: [Full GC (Ergonomics)  30913K->30913K(33792K), 0.0811299 secs]
135.081: [Full GC (Ergonomics)  30914K->30914K(33792K), 0.0812341 secs]
135.162: [Full GC (Ergonomics)  30916K->30916K(33792K), 0.0806340 secs]
135.243: [Full GC (Ergonomics)  30917K->30917K(33792K), 0.0817144 secs]
135.325: [Full GC (Ergonomics)  30919K->30919K(33792K), 0.0822425 secs]
135.407: [Full GC (Ergonomics)  30920K->30920K(33792K), 0.0812198 secs]
135.489: [Full GC (Ergonomics)  30922K->30922K(33792K), 0.0816101 secs]
135.570: [Full GC (Ergonomics)  30923K->30923K(33792K), 0.0820847 secs]
135.653: [Full GC (Ergonomics)  30925K->30925K(33792K), 0.0819121 secs]
135.735: [Full GC (Ergonomics)  30926K->30926K(33792K), 0.0815135 secs]
135.817: [Full GC (Ergonomics)  30928K->30928K(33792K), 0.0822088 secs]
135.899: [Full GC (Ergonomics)  30929K->30929K(33792K), 0.0812712 secs]
135.980: [Full GC (Ergonomics)  30931K->30931K(33792K), 0.0811632 secs]
136.062: [Full GC (Ergonomics)  30932K->30932K(33792K), 0.0815026 secs]
136.144: [Full GC (Ergonomics)  30934K->30934K(33792K), 0.0822590 secs]
136.226: [Full GC (Ergonomics)  30935K->30935K(33792K), 0.0815109 secs]
136.308: [Full GC (Ergonomics)  30937K->30937K(33792K), 0.0814823 secs]
136.389: [Full GC (Ergonomics)  30938K->30938K(33792K), 0.0816869 secs]
136.471: [Full GC (Ergonomics)  30940K->30940K(33792K), 0.0816986 secs]
136.553: [Full GC (Ergonomics)  30941K->30941K(33792K), 0.0822775 secs]
136.636: [Full GC (Ergonomics)  30943K->30943K(33792K), 0.0815326 secs]
136.717: [Full GC (Ergonomics)  30944K->30944K(33792K), 0.0840460 secs]
136.802: [Full GC (Ergonomics)  30946K->30946K(33792K), 0.0824886 secs]
136.884: [Full GC (Ergonomics)  30947K->30947K(33792K), 0.0812999 secs]
136.966: [Full GC (Ergonomics)  30949K->30949K(33792K), 0.0815978 secs]
137.048: [Full GC (Ergonomics)  30950K->30950K(33792K), 0.0820524 secs]
137.130: [Full GC (Ergonomics)  30952K->30952K(33792K), 0.0815745 secs]
137.212: [Full GC (Ergonomics)  30953K->30953K(33792K), 0.0813418 secs]
137.293: [Full GC (Ergonomics)  30955K->30955K(33792K), 0.0813436 secs]
137.375: [Full GC (Ergonomics)  30956K->30956K(33792K), 0.0815146 secs]
137.456: [Full GC (Ergonomics)  30958K->30958K(33792K), 0.0813621 secs]
137.538: [Full GC (Ergonomics)  30959K->30959K(33792K), 0.0810202 secs]
137.619: [Full GC (Ergonomics)  30961K->30961K(33792K), 0.0813064 secs]
137.701: [Full GC (Ergonomics)  30962K->30962K(33792K), 0.0812536 secs]
137.782: [Full GC (Ergonomics)  30964K->30964K(33792K), 0.0820520 secs]
137.864: [Full GC (Ergonomics)  30965K->30965K(33792K), 0.0818814 secs]
137.946: [Full GC (Ergonomics)  30967K->30967K(33792K), 0.0816913 secs]
138.028: [Full GC (Ergonomics)  30968K->30968K(33792K), 0.0823451 secs]
138.111: [Full GC (Ergonomics)  30970K->30970K(33792K), 0.0815986 secs]
138.193: [Full GC (Ergonomics)  30971K->30971K(33792K), 0.0819244 secs]
138.275: [Full GC (Ergonomics)  30973K->30973K(33792K), 0.0819071 secs]
138.358: [Full GC (Ergonomics)  30974K->30974K(33792K), 0.0801561 secs]
138.438: [Full GC (Ergonomics)  30976K->30976K(33792K), 0.0814989 secs]
138.520: [Full GC (Ergonomics)  30977K->30977K(33792K), 0.0824139 secs]
138.602: [Full GC (Ergonomics)  30979K->30979K(33792K), 0.0826214 secs]
138.685: [Full GC (Ergonomics)  30980K->30980K(33792K), 0.0825413 secs]
138.769: [Full GC (Ergonomics)  30982K->30982K(33792K), 0.0816443 secs]
138.851: [Full GC (Ergonomics)  30983K->30983K(33792K), 0.0817834 secs]
138.933: [Full GC (Ergonomics)  30985K->30985K(33792K), 0.1156021 secs]
139.049: [Full GC (Ergonomics)  30986K->30986K(33792K), 0.0814083 secs]
139.130: [Full GC (Ergonomics)  30988K->30988K(33792K), 0.0820805 secs]
139.213: [Full GC (Ergonomics)  30989K->30989K(33792K), 0.0818068 secs]
139.295: [Full GC (Ergonomics)  30991K->30991K(33792K), 0.0821145 secs]
139.377: [Full GC (Ergonomics)  30992K->30992K(33792K), 0.0827375 secs]
139.460: [Full GC (Ergonomics)  30994K->30994K(33792K), 0.0817183 secs]
139.542: [Full GC (Ergonomics)  30995K->30995K(33792K), 0.0817344 secs]
139.624: [Full GC (Ergonomics)  30997K->30997K(33792K), 0.0817636 secs]
139.706: [Full GC (Ergonomics)  30998K->30998K(33792K), 0.0824307 secs]
139.788: [Full GC (Ergonomics)  31000K->31000K(33792K), 0.0812238 secs]
139.870: [Full GC (Ergonomics)  31001K->31001K(33792K), 0.0823125 secs]
139.952: [Full GC (Ergonomics)  31003K->31003K(33792K), 0.0822794 secs]
140.035: [Full GC (Ergonomics)  31004K->31004K(33792K), 0.0860215 secs]
140.122: [Full GC (Ergonomics)  31006K->31006K(33792K), 0.0807636 secs]
140.203: [Full GC (Ergonomics)  31007K->31007K(33792K), 0.0819226 secs]
140.285: [Full GC (Ergonomics)  31009K->31009K(33792K), 0.0819052 secs]
140.367: [Full GC (Ergonomics)  31010K->31010K(33792K), 0.0816648 secs]
140.449: [Full GC (Ergonomics)  31012K->31012K(33792K), 0.0818200 secs]
140.531: [Full GC (Ergonomics)  31013K->31013K(33792K), 0.0831577 secs]
140.614: [Full GC (Ergonomics)  31015K->31015K(33792K), 0.0825120 secs]
140.697: [Full GC (Ergonomics)  31016K->31016K(33792K), 0.0827937 secs]
140.780: [Full GC (Ergonomics)  31018K->31018K(33792K), 0.0817519 secs]
140.862: [Full GC (Ergonomics)  31019K->31019K(33792K), 0.0826884 secs]
140.945: [Full GC (Ergonomics)  31021K->31021K(33792K), 0.0817993 secs]
141.028: [Full GC (Ergonomics)  31022K->31022K(33792K), 0.0814361 secs]
141.110: [Full GC (Ergonomics)  31024K->31024K(33792K), 0.0822449 secs]
141.192: [Full GC (Ergonomics)  31025K->31025K(33792K), 0.0817867 secs]
141.274: [Full GC (Ergonomics)  31027K->31027K(33792K), 0.0816446 secs]
141.356: [Full GC (Ergonomics)  31028K->31028K(33792K), 0.0806743 secs]
141.437: [Full GC (Ergonomics)  31030K->31030K(33792K), 0.0882123 secs]
141.525: [Full GC (Ergonomics)  31031K->31031K(33792K), 0.0819487 secs]
141.607: [Full GC (Ergonomics)  31033K->31033K(33792K), 0.0829059 secs]
141.690: [Full GC (Ergonomics)  31034K->31034K(33792K), 0.0822100 secs]
141.773: [Full GC (Ergonomics)  31036K->31036K(33792K), 0.0812808 secs]
141.854: [Full GC (Ergonomics)  31037K->31037K(33792K), 0.0815230 secs]
141.936: [Full GC (Ergonomics)  31039K->31039K(33792K), 0.0814753 secs]
142.018: [Full GC (Ergonomics)  31040K->31040K(33792K), 0.0820326 secs]
142.100: [Full GC (Ergonomics)  31042K->31042K(33792K), 0.0822628 secs]
142.182: [Full GC (Ergonomics)  31043K->31043K(33792K), 0.0820977 secs]
142.265: [Full GC (Ergonomics)  31045K->31045K(33792K), 0.0819306 secs]
142.347: [Full GC (Ergonomics)  31046K->31046K(33792K), 0.0820686 secs]
142.429: [Full GC (Ergonomics)  31048K->31048K(33792K), 0.0816839 secs]
142.511: [Full GC (Ergonomics)  31049K->31049K(33792K), 0.0842413 secs]
142.595: [Full GC (Ergonomics)  31051K->31051K(33792K), 0.0827357 secs]
142.678: [Full GC (Ergonomics)  31052K->31052K(33792K), 0.0825504 secs]
142.761: [Full GC (Ergonomics)  31054K->31054K(33792K), 0.0831789 secs]
142.844: [Full GC (Ergonomics)  31055K->31055K(33792K), 0.0830102 secs]
142.928: [Full GC (Ergonomics)  31057K->31057K(33792K), 0.0818586 secs]
143.010: [Full GC (Ergonomics)  31058K->31058K(33792K), 0.0820282 secs]
143.092: [Full GC (Ergonomics)  31060K->31060K(33792K), 0.0831993 secs]
143.175: [Full GC (Ergonomics)  31061K->31061K(33792K), 0.0819179 secs]
143.257: [Full GC (Ergonomics)  31063K->31063K(33792K), 0.0819392 secs]
143.340: [Full GC (Ergonomics)  31064K->31064K(33792K), 0.0819485 secs]
143.422: [Full GC (Ergonomics)  31066K->31066K(33792K), 0.0821102 secs]
143.504: [Full GC (Ergonomics)  31067K->31067K(33792K), 0.0855313 secs]
143.590: [Full GC (Ergonomics)  31069K->31069K(33792K), 0.0836984 secs]
143.674: [Full GC (Ergonomics)  31070K->31070K(33792K), 0.0833309 secs]
143.757: [Full GC (Ergonomics)  31072K->31072K(33792K), 0.0828909 secs]
143.840: [Full GC (Ergonomics)  31073K->31073K(33792K), 0.0844797 secs]
143.926: [Full GC (Ergonomics)  31075K->31075K(33792K), 0.0811831 secs]
144.007: [Full GC (Ergonomics)  31076K->31076K(33792K), 0.0817588 secs]
144.090: [Full GC (Ergonomics)  31078K->31078K(33792K), 0.0816523 secs]
144.172: [Full GC (Ergonomics)  31079K->31079K(33792K), 0.0850540 secs]
144.258: [Full GC (Ergonomics)  31081K->31081K(33792K), 0.0896832 secs]
144.347: [Full GC (Ergonomics)  31082K->31082K(33792K), 0.0827503 secs]
144.430: [Full GC (Ergonomics)  31084K->31084K(33792K), 0.0811752 secs]
144.512: [Full GC (Ergonomics)  31085K->31085K(33792K), 0.0905735 secs]
144.602: [Full GC (Ergonomics)  31087K->31087K(33792K), 0.0832969 secs]
144.686: [Full GC (Ergonomics)  31088K->31088K(33792K), 0.0825080 secs]
144.769: [Full GC (Ergonomics)  31090K->31090K(33792K), 0.0833860 secs]
144.852: [Full GC (Ergonomics)  31091K->31091K(33792K), 0.0887797 secs]
144.941: [Full GC (Ergonomics)  31093K->31093K(33792K), 0.0821212 secs]
145.024: [Full GC (Ergonomics)  31094K->31094K(33792K), 0.0835272 secs]
145.107: [Full GC (Ergonomics)  31096K->31096K(33792K), 0.0819696 secs]
145.189: [Full GC (Ergonomics)  31097K->31097K(33792K), 0.0830882 secs]
145.273: [Full GC (Ergonomics)  31099K->31099K(33792K), 0.0843586 secs]
145.357: [Full GC (Ergonomics)  31100K->31100K(33792K), 0.0827757 secs]
145.440: [Full GC (Ergonomics)  31102K->31102K(33792K), 0.0824585 secs]
145.523: [Full GC (Ergonomics)  31103K->31103K(33792K), 0.0822809 secs]
145.605: [Full GC (Ergonomics)  31105K->31105K(33792K), 0.0834748 secs]
145.689: [Full GC (Ergonomics)  31106K->31106K(33792K), 0.0835072 secs]
145.773: [Full GC (Ergonomics)  31108K->31108K(33792K), 0.0825583 secs]
145.855: [Full GC (Ergonomics)  31109K->31109K(33792K), 0.0839014 secs]
145.941: [Full GC (Ergonomics)  31111K->31111K(33792K), 0.0817183 secs]
146.023: [Full GC (Ergonomics)  31112K->31112K(33792K), 0.0829864 secs]
146.106: [Full GC (Ergonomics)  31114K->31114K(33792K), 0.0828451 secs]
146.189: [Full GC (Ergonomics)  31115K->31115K(33792K), 0.0826600 secs]
146.273: [Full GC (Ergonomics)  31117K->31117K(33792K), 0.0866744 secs]
146.360: [Full GC (Ergonomics)  31118K->31118K(33792K), 0.0833630 secs]
146.443: [Full GC (Ergonomics)  31120K->31120K(33792K), 0.0828000 secs]
146.526: [Full GC (Ergonomics)  31121K->31121K(33792K), 0.0824313 secs]
146.609: [Full GC (Ergonomics)  31123K->31123K(33792K), 0.0835303 secs]
146.693: [Full GC (Ergonomics)  31124K->31124K(33792K), 0.0817221 secs]
146.775: [Full GC (Ergonomics)  31126K->31126K(33792K), 0.0825850 secs]
146.857: [Full GC (Ergonomics)  31127K->31127K(33792K), 0.0827467 secs]
146.940: [Full GC (Ergonomics)  31129K->31129K(33792K), 0.0824941 secs]
147.023: [Full GC (Ergonomics)  31130K->31130K(33792K), 0.0829591 secs]
147.106: [Full GC (Ergonomics)  31132K->31132K(33792K), 0.0822095 secs]
147.190: [Full GC (Ergonomics)  31133K->31133K(33792K), 0.0824946 secs]
147.272: [Full GC (Ergonomics)  31135K->31135K(33792K), 0.0923436 secs]
147.365: [Full GC (Ergonomics)  31136K->31136K(33792K), 0.0828568 secs]
147.449: [Full GC (Ergonomics)  31138K->31138K(33792K), 0.0830219 secs]
147.532: [Full GC (Ergonomics)  31139K->31139K(33792K), 0.0827817 secs]
147.615: [Full GC (Ergonomics)  31141K->31141K(33792K), 0.0838709 secs]
147.699: [Full GC (Ergonomics)  31142K->31142K(33792K), 0.0824760 secs]
147.781: [Full GC (Ergonomics)  31144K->31144K(33792K), 0.0826216 secs]
147.864: [Full GC (Ergonomics)  31145K->31145K(33792K), 0.0840763 secs]
147.949: [Full GC (Ergonomics)  31147K->31147K(33792K), 0.0836137 secs]
148.032: [Full GC (Ergonomics)  31148K->31148K(33792K), 0.0820330 secs]
148.115: [Full GC (Ergonomics)  31150K->31150K(33792K), 0.0822441 secs]
148.197: [Full GC (Ergonomics)  31151K->31151K(33792K), 0.0838507 secs]
148.281: [Full GC (Ergonomics)  31153K->31153K(33792K), 0.0837422 secs]
148.365: [Full GC (Ergonomics)  31154K->31154K(33792K), 0.0829312 secs]
148.448: [Full GC (Ergonomics)  31156K->31156K(33792K), 0.0827200 secs]
148.531: [Full GC (Ergonomics)  31157K->31157K(33792K), 0.0831156 secs]
148.615: [Full GC (Ergonomics)  31159K->31159K(33792K), 0.0836667 secs]
148.699: [Full GC (Ergonomics)  31160K->31160K(33792K), 0.0816226 secs]
148.780: [Full GC (Ergonomics)  31162K->31162K(33792K), 0.0831795 secs]
148.864: [Full GC (Ergonomics)  31163K->31163K(33792K), 0.0825766 secs]
148.946: [Full GC (Ergonomics)  31165K->31165K(33792K), 0.0824922 secs]
149.029: [Full GC (Ergonomics)  31166K->31166K(33792K), 0.0825426 secs]
149.112: [Full GC (Ergonomics)  31168K->31168K(33792K), 0.0829218 secs]
149.195: [Full GC (Ergonomics)  31169K->31169K(33792K), 0.0828746 secs]
149.278: [Full GC (Ergonomics)  31171K->31171K(33792K), 0.0824983 secs]
149.361: [Full GC (Ergonomics)  31172K->31172K(33792K), 0.0835901 secs]
149.445: [Full GC (Ergonomics)  31174K->31174K(33792K), 0.0827671 secs]
149.527: [Full GC (Ergonomics)  31175K->31175K(33792K), 0.0832764 secs]
149.611: [Full GC (Ergonomics)  31177K->31177K(33792K), 0.0842203 secs]
149.695: [Full GC (Ergonomics)  31178K->31178K(33792K), 0.0835733 secs]
149.779: [Full GC (Ergonomics)  31180K->31180K(33792K), 0.0868011 secs]
149.866: [Full GC (Ergonomics)  31181K->31181K(33792K), 0.0834873 secs]
149.950: [Full GC (Ergonomics)  31183K->31183K(33792K), 0.0829099 secs]
150.033: [Full GC (Ergonomics)  31184K->31184K(33792K), 0.0843141 secs]
150.117: [Full GC (Ergonomics)  31186K->31186K(33792K), 0.0828040 secs]
150.202: [Full GC (Ergonomics)  31187K->31187K(33792K), 0.0821033 secs]
150.284: [Full GC (Ergonomics)  31189K->31189K(33792K), 0.0835659 secs]
150.368: [Full GC (Ergonomics)  31190K->31190K(33792K), 0.0839668 secs]
150.452: [Full GC (Ergonomics)  31192K->31192K(33792K), 0.0826157 secs]
150.535: [Full GC (Ergonomics)  31193K->31193K(33792K), 0.0832580 secs]
150.618: [Full GC (Ergonomics)  31195K->31195K(33792K), 0.0841976 secs]
150.702: [Full GC (Ergonomics)  31196K->31196K(33792K), 0.0833428 secs]
150.786: [Full GC (Ergonomics)  31198K->31198K(33792K), 0.0833066 secs]
150.869: [Full GC (Ergonomics)  31199K->31199K(33792K), 0.0839686 secs]
150.955: [Full GC (Ergonomics)  31201K->31201K(33792K), 0.0823657 secs]
151.037: [Full GC (Ergonomics)  31202K->31202K(33792K), 0.0837962 secs]
151.122: [Full GC (Ergonomics)  31204K->31204K(33792K), 0.0833580 secs]
151.206: [Full GC (Ergonomics)  31205K->31205K(33792K), 0.0835548 secs]
151.290: [Full GC (Ergonomics)  31207K->31207K(33792K), 0.0835354 secs]
151.373: [Full GC (Ergonomics)  31208K->31208K(33792K), 0.0843167 secs]
151.458: [Full GC (Ergonomics)  31210K->31210K(33792K), 0.0831130 secs]
151.541: [Full GC (Ergonomics)  31211K->31211K(33792K), 0.0832865 secs]
151.625: [Full GC (Ergonomics)  31213K->31213K(33792K), 0.0876084 secs]
151.713: [Full GC (Ergonomics)  31214K->31214K(33792K), 0.0837228 secs]
151.798: [Full GC (Ergonomics)  31216K->31216K(33792K), 0.0830684 secs]
151.881: [Full GC (Ergonomics)  31217K->31217K(33792K), 0.0829196 secs]
151.964: [Full GC (Ergonomics)  31219K->31219K(33792K), 0.0835315 secs]
152.049: [Full GC (Ergonomics)  31220K->31220K(33792K), 0.0827100 secs]
152.132: [Full GC (Ergonomics)  31222K->31222K(33792K), 0.0831428 secs]
152.215: [Full GC (Ergonomics)  31223K->31223K(33792K), 0.0843181 secs]
152.300: [Full GC (Ergonomics)  31225K->31225K(33792K), 0.0829517 secs]
152.383: [Full GC (Ergonomics)  31226K->31226K(33792K), 0.0835964 secs]
152.467: [Full GC (Ergonomics)  31228K->31228K(33792K), 0.0829956 secs]
152.551: [Full GC (Ergonomics)  31229K->31229K(33792K), 0.0829707 secs]
152.634: [Full GC (Ergonomics)  31231K->31231K(33792K), 0.0830713 secs]
152.718: [Full GC (Ergonomics)  31232K->31232K(33792K), 0.0811634 secs]
152.799: [Full GC (Ergonomics)  31234K->31234K(33792K), 0.0823682 secs]
152.883: [Full GC (Ergonomics)  31235K->31235K(33792K), 0.0809637 secs]
152.964: [Full GC (Ergonomics)  31237K->31237K(33792K), 0.0810906 secs]
153.045: [Full GC (Ergonomics)  31238K->31238K(33792K), 0.0830686 secs]
153.131: [Full GC (Ergonomics)  31240K->31240K(33792K), 0.0810450 secs]
153.212: [Full GC (Ergonomics)  31241K->31241K(33792K), 0.0824556 secs]
153.295: [Full GC (Ergonomics)  31243K->31243K(33792K), 0.0817948 secs]
153.377: [Full GC (Ergonomics)  31244K->31244K(33792K), 0.0824806 secs]
153.460: [Full GC (Ergonomics)  31246K->31246K(33792K), 0.0811611 secs]
153.541: [Full GC (Ergonomics)  31247K->31247K(33792K), 0.0825227 secs]
153.625: [Full GC (Ergonomics)  31249K->31249K(33792K), 0.0810556 secs]
153.706: [Full GC (Ergonomics)  31250K->31250K(33792K), 0.0821847 secs]
153.789: [Full GC (Ergonomics)  31252K->31252K(33792K), 0.0816841 secs]
153.871: [Full GC (Ergonomics)  31253K->31253K(33792K), 0.0816925 secs]
153.953: [Full GC (Ergonomics)  31255K->31255K(33792K), 0.0805558 secs]
154.033: [Full GC (Ergonomics)  31256K->31256K(33792K), 0.0818297 secs]
154.115: [Full GC (Ergonomics)  31258K->31258K(33792K), 0.0807342 secs]
154.196: [Full GC (Ergonomics)  31259K->31259K(33792K), 0.0822882 secs]
154.279: [Full GC (Ergonomics)  31261K->31261K(33792K), 0.0848879 secs]
154.364: [Full GC (Ergonomics)  31262K->31262K(33792K), 0.0820766 secs]
154.446: [Full GC (Ergonomics)  31264K->31264K(33792K), 0.0813912 secs]
154.528: [Full GC (Ergonomics)  31265K->31265K(33792K), 0.0816517 secs]
154.610: [Full GC (Ergonomics)  31267K->31267K(33792K), 0.0823844 secs]
154.692: [Full GC (Ergonomics)  31268K->31268K(33792K), 0.0813966 secs]
154.774: [Full GC (Ergonomics)  31270K->31270K(33792K), 0.0826610 secs]
154.857: [Full GC (Ergonomics)  31271K->31271K(33792K), 0.0822007 secs]
154.939: [Full GC (Ergonomics)  31273K->31273K(33792K), 0.0818263 secs]
155.021: [Full GC (Ergonomics)  31274K->31274K(33792K), 0.0820885 secs]
155.103: [Full GC (Ergonomics)  31276K->31276K(33792K), 0.0853496 secs]
155.189: [Full GC (Ergonomics)  31277K->31277K(33792K), 0.0827643 secs]
155.273: [Full GC (Ergonomics)  31279K->31279K(33792K), 0.0857390 secs]
155.359: [Full GC (Ergonomics)  31280K->31280K(33792K), 0.0823307 secs]
155.442: [Full GC (Ergonomics)  31282K->31282K(33792K), 0.0826721 secs]
155.524: [Full GC (Ergonomics)  31283K->31283K(33792K), 0.0815690 secs]
155.606: [Full GC (Ergonomics)  31285K->31285K(33792K), 0.0811113 secs]
155.689: [Full GC (Ergonomics)  31286K->31286K(33792K), 0.0812275 secs]
155.770: [Full GC (Ergonomics)  31288K->31288K(33792K), 0.0820507 secs]
155.852: [Full GC (Ergonomics)  31289K->31289K(33792K), 0.0831583 secs]
155.937: [Full GC (Ergonomics)  31291K->31291K(33792K), 0.0810414 secs]
156.018: [Full GC (Ergonomics)  31292K->31292K(33792K), 0.0818233 secs]
156.100: [Full GC (Ergonomics)  31294K->31294K(33792K), 0.0837918 secs]
156.184: [Full GC (Ergonomics)  31295K->31295K(33792K), 0.0824969 secs]
156.267: [Full GC (Ergonomics)  31297K->31297K(33792K), 0.0822924 secs]
156.349: [Full GC (Ergonomics)  31298K->31298K(33792K), 0.0817965 secs]
156.432: [Full GC (Ergonomics)  31300K->31300K(33792K), 0.0810358 secs]
156.514: [Full GC (Ergonomics)  31301K->31301K(33792K), 0.0822152 secs]
156.596: [Full GC (Ergonomics)  31303K->31303K(33792K), 0.0821345 secs]
156.678: [Full GC (Ergonomics)  31304K->31304K(33792K), 0.0820805 secs]
156.761: [Full GC (Ergonomics)  31306K->31306K(33792K), 0.0819035 secs]
156.843: [Full GC (Ergonomics)  31307K->31307K(33792K), 0.0817998 secs]
156.925: [Full GC (Ergonomics)  31309K->31309K(33792K), 0.0836694 secs]
157.009: [Full GC (Ergonomics)  31310K->31310K(33792K), 0.0819349 secs]
157.091: [Full GC (Ergonomics)  31312K->31312K(33792K), 0.0819301 secs]
157.173: [Full GC (Ergonomics)  31313K->31313K(33792K), 0.0822923 secs]
157.255: [Full GC (Ergonomics)  31315K->31315K(33792K), 0.0919726 secs]
157.348: [Full GC (Ergonomics)  31316K->31316K(33792K), 0.0829225 secs]
157.431: [Full GC (Ergonomics)  31318K->31318K(33792K), 0.0822662 secs]
157.513: [Full GC (Ergonomics)  31319K->31319K(33792K), 0.0833368 secs]
157.597: [Full GC (Ergonomics)  31321K->31321K(33792K), 0.0815697 secs]
157.678: [Full GC (Ergonomics)  31322K->31322K(33792K), 0.0819390 secs]
157.761: [Full GC (Ergonomics)  31324K->31324K(33792K), 0.0820504 secs]
157.843: [Full GC (Ergonomics)  31325K->31325K(33792K), 0.0845953 secs]
157.929: [Full GC (Ergonomics)  31327K->31327K(33792K), 0.0810555 secs]
158.010: [Full GC (Ergonomics)  31328K->31328K(33792K), 0.0822496 secs]
158.093: [Full GC (Ergonomics)  31330K->31330K(33792K), 0.0823176 secs]
158.175: [Full GC (Ergonomics)  31331K->31331K(33792K), 0.0820542 secs]
158.257: [Full GC (Ergonomics)  31333K->31333K(33792K), 0.0821863 secs]
158.340: [Full GC (Ergonomics)  31334K->31334K(33792K), 0.0816832 secs]
158.422: [Full GC (Ergonomics)  31336K->31336K(33792K), 0.0823503 secs]
158.504: [Full GC (Ergonomics)  31337K->31337K(33792K), 0.0868915 secs]
158.591: [Full GC (Ergonomics)  31339K->31339K(33792K), 0.0819058 secs]
158.673: [Full GC (Ergonomics)  31340K->31340K(33792K), 0.0831895 secs]
158.757: [Full GC (Ergonomics)  31342K->31342K(33792K), 0.0820052 secs]
158.839: [Full GC (Ergonomics)  31343K->31343K(33792K), 0.0830238 secs]
158.922: [Full GC (Ergonomics)  31345K->31345K(33792K), 0.0812368 secs]
159.005: [Full GC (Ergonomics)  31346K->31346K(33792K), 0.0813314 secs]
159.086: [Full GC (Ergonomics)  31348K->31348K(33792K), 0.0825286 secs]
159.169: [Full GC (Ergonomics)  31349K->31349K(33792K), 0.0827394 secs]
159.252: [Full GC (Ergonomics)  31351K->31351K(33792K), 0.0819552 secs]
159.334: [Full GC (Ergonomics)  31352K->31352K(33792K), 0.0826373 secs]
159.417: [Full GC (Ergonomics)  31354K->31354K(33792K), 0.0829673 secs]
159.500: [Full GC (Ergonomics)  31355K->31355K(33792K), 0.0823676 secs]
159.583: [Full GC (Ergonomics)  31357K->31357K(33792K), 0.0822877 secs]
159.665: [Full GC (Ergonomics)  31358K->31358K(33792K), 0.0836343 secs]
159.749: [Full GC (Ergonomics)  31360K->31360K(33792K), 0.0824681 secs]
159.833: [Full GC (Ergonomics)  31361K->31361K(33792K), 0.0820713 secs]
159.915: [Full GC (Ergonomics)  31363K->31363K(33792K), 0.0856859 secs]
160.001: [Full GC (Ergonomics)  31364K->31364K(33792K), 0.0829318 secs]
160.084: [Full GC (Ergonomics)  31366K->31366K(33792K), 0.0822132 secs]
160.167: [Full GC (Ergonomics)  31367K->31367K(33792K), 0.0825097 secs]
160.250: [Full GC (Ergonomics)  31369K->31369K(33792K), 0.0839229 secs]
160.334: [Full GC (Ergonomics)  31370K->31370K(33792K), 0.0870568 secs]
160.421: [Full GC (Ergonomics)  31372K->31372K(33792K), 0.0840839 secs]
160.505: [Full GC (Ergonomics)  31373K->31373K(33792K), 0.0823732 secs]
160.589: [Full GC (Ergonomics)  31375K->31375K(33792K), 0.0819472 secs]
160.671: [Full GC (Ergonomics)  31376K->31376K(33792K), 0.0824917 secs]
160.754: [Full GC (Ergonomics)  31378K->31378K(33792K), 0.0825965 secs]
160.837: [Full GC (Ergonomics)  31379K->31379K(33792K), 0.0826679 secs]
160.920: [Full GC (Ergonomics)  31381K->31381K(33792K), 0.0828144 secs]
161.003: [Full GC (Ergonomics)  31382K->31382K(33792K), 0.0827375 secs]
161.086: [Full GC (Ergonomics)  31384K->31384K(33792K), 0.0831165 secs]
161.169: [Full GC (Ergonomics)  31385K->31385K(33792K), 0.0833894 secs]
161.253: [Full GC (Ergonomics)  31387K->31387K(33792K), 0.0832262 secs]
161.336: [Full GC (Ergonomics)  31388K->31388K(33792K), 0.0900289 secs]
161.426: [Full GC (Ergonomics)  31390K->31390K(33792K), 0.0884408 secs]
161.515: [Full GC (Ergonomics)  31391K->31391K(33792K), 0.0834328 secs]
161.599: [Full GC (Ergonomics)  31393K->31393K(33792K), 0.0835886 secs]
161.682: [Full GC (Ergonomics)  31394K->31394K(33792K), 0.0831481 secs]
161.766: [Full GC (Ergonomics)  31396K->31396K(33792K), 0.0816967 secs]
161.848: [Full GC (Ergonomics)  31397K->31397K(33792K), 0.0838796 secs]
161.933: [Full GC (Ergonomics)  31399K->31399K(33792K), 0.0821547 secs]
162.015: [Full GC (Ergonomics)  31400K->31400K(33792K), 0.0824280 secs]
162.098: [Full GC (Ergonomics)  31402K->31402K(33792K), 0.0833137 secs]
162.181: [Full GC (Ergonomics)  31403K->31403K(33792K), 0.0830667 secs]
162.265: [Full GC (Ergonomics)  31405K->31405K(33792K), 0.0839200 secs]
162.349: [Full GC (Ergonomics)  31406K->31406K(33792K), 0.0828131 secs]
162.432: [Full GC (Ergonomics)  31408K->31408K(33792K), 0.0825050 secs]
162.515: [Full GC (Ergonomics)  31409K->31409K(33792K), 0.0829817 secs]
162.598: [Full GC (Ergonomics)  31411K->31411K(33792K), 0.0827010 secs]
162.681: [Full GC (Ergonomics)  31412K->31412K(33792K), 0.0833865 secs]
162.764: [Full GC (Ergonomics)  31414K->31414K(33792K), 0.0831932 secs]
162.848: [Full GC (Ergonomics)  31415K->31415K(33792K), 0.0827924 secs]
162.931: [Full GC (Ergonomics)  31417K->31417K(33792K), 0.0832006 secs]
163.014: [Full GC (Ergonomics)  31418K->31418K(33792K), 0.0831707 secs]
163.098: [Full GC (Ergonomics)  31420K->31420K(33792K), 0.0830965 secs]
163.181: [Full GC (Ergonomics)  31421K->31421K(33792K), 0.0841036 secs]
163.265: [Full GC (Ergonomics)  31423K->31423K(33792K), 0.0838926 secs]
163.349: [Full GC (Ergonomics)  31424K->31424K(33792K), 0.0836664 secs]
163.433: [Full GC (Ergonomics)  31426K->31426K(33792K), 0.0853975 secs]
163.519: [Full GC (Ergonomics)  31427K->31427K(33792K), 0.0834996 secs]
163.602: [Full GC (Ergonomics)  31429K->31429K(33792K), 0.0829945 secs]
163.686: [Full GC (Ergonomics)  31430K->31430K(33792K), 0.0836344 secs]
163.769: [Full GC (Ergonomics)  31432K->31432K(33792K), 0.0832665 secs]
163.853: [Full GC (Ergonomics)  31433K->31433K(33792K), 0.0828114 secs]
163.937: [Full GC (Ergonomics)  31435K->31435K(33792K), 0.0825022 secs]
164.020: [Full GC (Ergonomics)  31436K->31436K(33792K), 0.0840077 secs]
164.104: [Full GC (Ergonomics)  31438K->31438K(33792K), 0.0829636 secs]
164.188: [Full GC (Ergonomics)  31439K->31439K(33792K), 0.0826466 secs]
164.271: [Full GC (Ergonomics)  31441K->31441K(33792K), 0.0831191 secs]
164.354: [Full GC (Ergonomics)  31442K->31442K(33792K), 0.0825391 secs]
164.437: [Full GC (Ergonomics)  31444K->31444K(33792K), 0.0841823 secs]
164.522: [Full GC (Ergonomics)  31445K->31445K(33792K), 0.0891735 secs]
164.611: [Full GC (Ergonomics)  31447K->31447K(33792K), 0.0857102 secs]
164.697: [Full GC (Ergonomics)  31448K->31448K(33792K), 0.0855535 secs]
164.783: [Full GC (Ergonomics)  31450K->31450K(33792K), 0.0844926 secs]
164.867: [Full GC (Ergonomics)  31451K->31451K(33792K), 0.0832765 secs]
164.951: [Full GC (Ergonomics)  31453K->31453K(33792K), 0.0834188 secs]
165.034: [Full GC (Ergonomics)  31454K->31454K(33792K), 0.0832950 secs]
165.118: [Full GC (Ergonomics)  31456K->31456K(33792K), 0.0835045 secs]
165.202: [Full GC (Ergonomics)  31457K->31457K(33792K), 0.0834279 secs]
165.285: [Full GC (Ergonomics)  31459K->31459K(33792K), 0.0834286 secs]
165.370: [Full GC (Ergonomics)  31460K->31460K(33792K), 0.0824581 secs]
165.453: [Full GC (Ergonomics)  31462K->31462K(33792K), 0.0828151 secs]
165.536: [Full GC (Ergonomics)  31463K->31463K(33792K), 0.1218444 secs]
165.658: [Full GC (Ergonomics)  31465K->31465K(33792K), 0.0829448 secs]
165.741: [Full GC (Ergonomics)  31466K->31466K(33792K), 0.0824889 secs]
165.824: [Full GC (Ergonomics)  31468K->31468K(33792K), 0.0842669 secs]
165.908: [Full GC (Ergonomics)  31469K->31469K(33792K), 0.0842811 secs]
165.993: [Full GC (Ergonomics)  31471K->31471K(33792K), 0.0835287 secs]
166.076: [Full GC (Ergonomics)  31472K->31472K(33792K), 0.0841768 secs]
166.161: [Full GC (Ergonomics)  31474K->31474K(33792K), 0.0887333 secs]
166.250: [Full GC (Ergonomics)  31475K->31475K(33792K), 0.0842881 secs]
166.334: [Full GC (Ergonomics)  31477K->31477K(33792K), 0.0837957 secs]
166.418: [Full GC (Ergonomics)  31478K->31478K(33792K), 0.0879635 secs]
166.506: [Full GC (Ergonomics)  31480K->31480K(33792K), 0.0885361 secs]
166.595: [Full GC (Ergonomics)  31481K->31481K(33792K), 0.0846024 secs]
166.680: [Full GC (Ergonomics)  31483K->31483K(33792K), 0.0831591 secs]
166.763: [Full GC (Ergonomics)  31484K->31484K(33792K), 0.0830606 secs]
166.847: [Full GC (Ergonomics)  31486K->31486K(33792K), 0.0830531 secs]
166.930: [Full GC (Ergonomics)  31487K->31487K(33792K), 0.0838711 secs]
167.014: [Full GC (Ergonomics)  31489K->31489K(33792K), 0.0834804 secs]
167.098: [Full GC (Ergonomics)  31490K->31490K(33792K), 0.0843498 secs]
167.182: [Full GC (Ergonomics)  31492K->31492K(33792K), 0.0838418 secs]
167.266: [Full GC (Ergonomics)  31493K->31493K(33792K), 0.0830939 secs]
167.350: [Full GC (Ergonomics)  31495K->31495K(33792K), 0.0829817 secs]
167.433: [Full GC (Ergonomics)  31496K->31496K(33792K), 0.0834099 secs]
167.517: [Full GC (Ergonomics)  31498K->31498K(33792K), 0.0835791 secs]
167.601: [Full GC (Ergonomics)  31499K->31499K(33792K), 0.0831891 secs]
167.684: [Full GC (Ergonomics)  31501K->31501K(33792K), 0.0843047 secs]
167.769: [Full GC (Ergonomics)  31502K->31502K(33792K), 0.0837867 secs]
167.853: [Full GC (Ergonomics)  31504K->31504K(33792K), 0.0828192 secs]
167.936: [Full GC (Ergonomics)  31505K->31505K(33792K), 0.0837061 secs]
168.020: [Full GC (Ergonomics)  31507K->31507K(33792K), 0.0835101 secs]
168.103: [Full GC (Ergonomics)  31508K->31508K(33792K), 0.0836294 secs]
168.187: [Full GC (Ergonomics)  31510K->31510K(33792K), 0.0830900 secs]
168.270: [Full GC (Ergonomics)  31511K->31511K(33792K), 0.0854921 secs]
168.356: [Full GC (Ergonomics)  31513K->31513K(33792K), 0.0836495 secs]
168.440: [Full GC (Ergonomics)  31514K->31514K(33792K), 0.0838604 secs]
168.524: [Full GC (Ergonomics)  31516K->31516K(33792K), 0.0832942 secs]
168.607: [Full GC (Ergonomics)  31517K->31517K(33792K), 0.0833024 secs]
168.691: [Full GC (Ergonomics)  31519K->31519K(33792K), 0.0834809 secs]
168.775: [Full GC (Ergonomics)  31520K->31520K(33792K), 0.0836155 secs]
168.859: [Full GC (Ergonomics)  31522K->31522K(33792K), 0.0838359 secs]
168.943: [Full GC (Ergonomics)  31523K->31523K(33792K), 0.0835769 secs]
169.026: [Full GC (Ergonomics)  31525K->31525K(33792K), 0.0830494 secs]
169.110: [Full GC (Ergonomics)  31526K->31526K(33792K), 0.0837046 secs]
169.193: [Full GC (Ergonomics)  31528K->31528K(33792K), 0.0838349 secs]
169.278: [Full GC (Ergonomics)  31529K->31529K(33792K), 0.0937478 secs]
169.371: [Full GC (Ergonomics)  31531K->31531K(33792K), 0.0846459 secs]
169.456: [Full GC (Ergonomics)  31532K->31532K(33792K), 0.0838411 secs]
169.540: [Full GC (Ergonomics)  31534K->31534K(33792K), 0.0837118 secs]
169.625: [Full GC (Ergonomics)  31535K->31535K(33792K), 0.0824695 secs]
169.708: [Full GC (Ergonomics)  31537K->31537K(33792K), 0.0863192 secs]
169.795: [Full GC (Ergonomics)  31538K->31538K(33792K), 0.0883251 secs]
169.884: [Full GC (Ergonomics)  31540K->31540K(33792K), 0.0829305 secs]
169.967: [Full GC (Ergonomics)  31541K->31541K(33792K), 0.0836053 secs]
170.051: [Full GC (Ergonomics)  31543K->31543K(33792K), 0.0847777 secs]
170.136: [Full GC (Ergonomics)  31544K->31544K(33792K), 0.0844497 secs]
170.220: [Full GC (Ergonomics)  31546K->31546K(33792K), 0.0840937 secs]
170.306: [Full GC (Ergonomics)  31547K->31547K(33792K), 0.0826230 secs]
170.389: [Full GC (Ergonomics)  31549K->31549K(33792K), 0.0841835 secs]
170.473: [Full GC (Ergonomics)  31550K->31550K(33792K), 0.0837984 secs]
170.557: [Full GC (Ergonomics)  31552K->31552K(33792K), 0.0837748 secs]
170.642: [Full GC (Ergonomics)  31553K->31553K(33792K), 0.0825140 secs]
170.725: [Full GC (Ergonomics)  31555K->31555K(33792K), 0.0844627 secs]
170.810: [Full GC (Ergonomics)  31556K->31556K(33792K), 0.0850709 secs]
170.895: [Full GC (Ergonomics)  31558K->31558K(33792K), 0.0864796 secs]
170.982: [Full GC (Ergonomics)  31559K->31559K(33792K), 0.0839821 secs]
171.066: [Full GC (Ergonomics)  31561K->31561K(33792K), 0.0837760 secs]
171.151: [Full GC (Ergonomics)  31562K->31562K(33792K), 0.0828930 secs]
171.234: [Full GC (Ergonomics)  31564K->31564K(33792K), 0.0832823 secs]
171.318: [Full GC (Ergonomics)  31565K->31565K(33792K), 0.0839012 secs]
171.402: [Full GC (Ergonomics)  31567K->31567K(33792K), 0.0834104 secs]
171.485: [Full GC (Ergonomics)  31568K->31568K(33792K), 0.0842205 secs]
171.570: [Full GC (Ergonomics)  31570K->31570K(33792K), 0.0839283 secs]
171.654: [Full GC (Ergonomics)  31571K->31571K(33792K), 0.0840013 secs]
171.738: [Full GC (Ergonomics)  31573K->31573K(33792K), 0.0864827 secs]
171.825: [Full GC (Ergonomics)  31574K->31574K(33792K), 0.0837622 secs]
171.909: [Full GC (Ergonomics)  31576K->31576K(33792K), 0.0836497 secs]
171.993: [Full GC (Ergonomics)  31577K->31577K(33792K), 0.0846004 secs]
172.077: [Full GC (Ergonomics)  31579K->31579K(33792K), 0.0851741 secs]
172.163: [Full GC (Ergonomics)  31580K->31580K(33792K), 0.0841095 secs]
172.247: [Full GC (Ergonomics)  31582K->31582K(33792K), 0.0841488 secs]
172.331: [Full GC (Ergonomics)  31583K->31583K(33792K), 0.0858397 secs]
172.417: [Full GC (Ergonomics)  31585K->31585K(33792K), 0.0840186 secs]
172.502: [Full GC (Ergonomics)  31586K->31586K(33792K), 0.0842711 secs]
172.586: [Full GC (Ergonomics)  31588K->31588K(33792K), 0.0858752 secs]
172.672: [Full GC (Ergonomics)  31589K->31589K(33792K), 0.0844085 secs]
172.757: [Full GC (Ergonomics)  31591K->31591K(33792K), 0.0916382 secs]
172.849: [Full GC (Ergonomics)  31592K->31592K(33792K), 0.0835057 secs]
172.933: [Full GC (Ergonomics)  31594K->31594K(33792K), 0.0858047 secs]
173.019: [Full GC (Ergonomics)  31595K->31595K(33792K), 0.0846249 secs]
173.104: [Full GC (Ergonomics)  31597K->31597K(33792K), 0.0844084 secs]
173.188: [Full GC (Ergonomics)  31598K->31598K(33792K), 0.0839397 secs]
173.273: [Full GC (Ergonomics)  31600K->31600K(33792K), 0.0838737 secs]
173.357: [Full GC (Ergonomics)  31601K->31601K(33792K), 0.0837279 secs]
173.441: [Full GC (Ergonomics)  31603K->31603K(33792K), 0.0834057 secs]
173.525: [Full GC (Ergonomics)  31604K->31604K(33792K), 0.0917865 secs]
173.617: [Full GC (Ergonomics)  31606K->31606K(33792K), 0.0847653 secs]
173.702: [Full GC (Ergonomics)  31607K->31607K(33792K), 0.0851439 secs]
173.787: [Full GC (Ergonomics)  31609K->31609K(33792K), 0.0838698 secs]
173.871: [Full GC (Ergonomics)  31610K->31610K(33792K), 0.0843279 secs]
173.956: [Full GC (Ergonomics)  31612K->31612K(33792K), 0.0847261 secs]
174.041: [Full GC (Ergonomics)  31613K->31613K(33792K), 0.0844632 secs]
174.125: [Full GC (Ergonomics)  31615K->31615K(33792K), 0.0845949 secs]
174.210: [Full GC (Ergonomics)  31616K->31616K(33792K), 0.0843665 secs]
174.295: [Full GC (Ergonomics)  31618K->31618K(33792K), 0.0912296 secs]
174.386: [Full GC (Ergonomics)  31619K->31619K(33792K), 0.0836721 secs]
174.470: [Full GC (Ergonomics)  31621K->31621K(33792K), 0.0845273 secs]
174.555: [Full GC (Ergonomics)  31622K->31622K(33792K), 0.0847688 secs]
174.640: [Full GC (Ergonomics)  31624K->31624K(33792K), 0.0840360 secs]
174.724: [Full GC (Ergonomics)  31625K->31625K(33792K), 0.0840879 secs]
174.808: [Full GC (Ergonomics)  31627K->31627K(33792K), 0.0868472 secs]
174.895: [Full GC (Ergonomics)  31628K->31628K(33792K), 0.0834604 secs]
174.979: [Full GC (Ergonomics)  31630K->31630K(33792K), 0.0865698 secs]
175.066: [Full GC (Ergonomics)  31631K->31631K(33792K), 0.0844601 secs]
175.151: [Full GC (Ergonomics)  31633K->31633K(33792K), 0.0851273 secs]
175.236: [Full GC (Ergonomics)  31634K->31634K(33792K), 0.0843239 secs]
175.321: [Full GC (Ergonomics)  31636K->31636K(33792K), 0.0854598 secs]
175.406: [Full GC (Ergonomics)  31637K->31637K(33792K), 0.0844083 secs]
175.491: [Full GC (Ergonomics)  31639K->31639K(33792K), 0.0852254 secs]
175.577: [Full GC (Ergonomics)  31640K->31640K(33792K), 0.0840112 secs]
175.661: [Full GC (Ergonomics)  31642K->31642K(33792K), 0.0850736 secs]
175.747: [Full GC (Ergonomics)  31643K->31643K(33792K), 0.0878678 secs]
175.835: [Full GC (Ergonomics)  31645K->31645K(33792K), 0.0847783 secs]
175.921: [Full GC (Ergonomics)  31646K->31646K(33792K), 0.0838497 secs]
176.005: [Full GC (Ergonomics)  31648K->31648K(33792K), 0.0892715 secs]
176.094: [Full GC (Ergonomics)  31649K->31649K(33792K), 0.0852605 secs]
176.180: [Full GC (Ergonomics)  31651K->31651K(33792K), 0.0845864 secs]
176.265: [Full GC (Ergonomics)  31652K->31652K(33792K), 0.0858682 secs]
176.351: [Full GC (Ergonomics)  31654K->31654K(33792K), 0.0848390 secs]
176.436: [Full GC (Ergonomics)  31655K->31655K(33792K), 0.0833138 secs]
176.519: [Full GC (Ergonomics)  31657K->31657K(33792K), 0.0852852 secs]
176.605: [Full GC (Ergonomics)  31658K->31658K(33792K), 0.0850314 secs]
176.690: [Full GC (Ergonomics)  31660K->31660K(33792K), 0.0845591 secs]
176.775: [Full GC (Ergonomics)  31661K->31661K(33792K), 0.0847085 secs]
176.860: [Full GC (Ergonomics)  31663K->31663K(33792K), 0.0849086 secs]
176.945: [Full GC (Ergonomics)  31664K->31664K(33792K), 0.0840133 secs]
177.030: [Full GC (Ergonomics)  31666K->31666K(33792K), 0.0853772 secs]
177.115: [Full GC (Ergonomics)  31667K->31667K(33792K), 0.0842486 secs]
177.200: [Full GC (Ergonomics)  31669K->31669K(33792K), 0.0843052 secs]
177.284: [Full GC (Ergonomics)  31670K->31670K(33792K), 0.0853200 secs]
177.370: [Full GC (Ergonomics)  31672K->31672K(33792K), 0.0847543 secs]
177.455: [Full GC (Ergonomics)  31673K->31673K(33792K), 0.0841941 secs]
177.539: [Full GC (Ergonomics)  31675K->31675K(33792K), 0.0852601 secs]
177.625: [Full GC (Ergonomics)  31676K->31676K(33792K), 0.0842375 secs]
177.709: [Full GC (Ergonomics)  31678K->31678K(33792K), 0.0854828 secs]
177.795: [Full GC (Ergonomics)  31679K->31679K(33792K), 0.0856276 secs]
177.880: [Full GC (Ergonomics)  31681K->31681K(33792K), 0.0849049 secs]
177.966: [Full GC (Ergonomics)  31682K->31682K(33792K), 0.0847236 secs]
178.051: [Full GC (Ergonomics)  31684K->31684K(33792K), 0.0850424 secs]
178.136: [Full GC (Ergonomics)  31685K->31685K(33792K), 0.0925655 secs]
178.229: [Full GC (Ergonomics)  31687K->31687K(33792K), 0.0847501 secs]
178.314: [Full GC (Ergonomics)  31688K->31688K(33792K), 0.0855850 secs]
178.399: [Full GC (Ergonomics)  31690K->31690K(33792K), 0.0841325 secs]
178.484: [Full GC (Ergonomics)  31691K->31691K(33792K), 0.0840518 secs]
178.568: [Full GC (Ergonomics)  31693K->31693K(33792K), 0.0849363 secs]
178.654: [Full GC (Ergonomics)  31694K->31694K(33792K), 0.0849811 secs]
178.739: [Full GC (Ergonomics)  31696K->31696K(33792K), 0.0842879 secs]
178.823: [Full GC (Ergonomics)  31697K->31697K(33792K), 0.0851877 secs]
178.909: [Full GC (Ergonomics)  31699K->31699K(33792K), 0.0850609 secs]
178.994: [Full GC (Ergonomics)  31700K->31700K(33792K), 0.0838076 secs]
179.078: [Full GC (Ergonomics)  31702K->31702K(33792K), 0.0851412 secs]
179.164: [Full GC (Ergonomics)  31703K->31703K(33792K), 0.0852430 secs]
179.250: [Full GC (Ergonomics)  31705K->31705K(33792K), 0.0845250 secs]
179.335: [Full GC (Ergonomics)  31706K->31706K(33792K), 0.0848336 secs]
179.420: [Full GC (Ergonomics)  31708K->31708K(33792K), 0.0851233 secs]
179.505: [Full GC (Ergonomics)  31709K->31709K(33792K), 0.0870055 secs]
179.592: [Full GC (Ergonomics)  31711K->31711K(33792K), 0.0847848 secs]
179.677: [Full GC (Ergonomics)  31712K->31712K(33792K), 0.0855440 secs]
179.763: [Full GC (Ergonomics)  31714K->31714K(33792K), 0.0883745 secs]
179.851: [Full GC (Ergonomics)  31715K->31715K(33792K), 0.0846471 secs]
179.936: [Full GC (Ergonomics)  31717K->31717K(33792K), 0.0848888 secs]
180.022: [Full GC (Ergonomics)  31718K->31718K(33792K), 0.0838244 secs]
180.106: [Full GC (Ergonomics)  31720K->31720K(33792K), 0.0855735 secs]
180.192: [Full GC (Ergonomics)  31721K->31721K(33792K), 0.0851843 secs]
180.277: [Full GC (Ergonomics)  31723K->31723K(33792K), 0.0858509 secs]
180.364: [Full GC (Ergonomics)  31724K->31724K(33792K), 0.0839564 secs]
180.449: [Full GC (Ergonomics)  31726K->31726K(33792K), 0.0849869 secs]
180.534: [Full GC (Ergonomics)  31727K->31727K(33792K), 0.0847177 secs]
180.619: [Full GC (Ergonomics)  31729K->31729K(33792K), 0.0851348 secs]
180.704: [Full GC (Ergonomics)  31730K->31730K(33792K), 0.0852736 secs]
180.789: [Full GC (Ergonomics)  31732K->31732K(33792K), 0.0854402 secs]
180.875: [Full GC (Ergonomics)  31733K->31733K(33792K), 0.0852994 secs]
180.961: [Full GC (Ergonomics)  31735K->31735K(33792K), 0.0850300 secs]
181.046: [Full GC (Ergonomics)  31736K->31736K(33792K), 0.0850498 secs]
181.131: [Full GC (Ergonomics)  31738K->31738K(33792K), 0.0849267 secs]
181.216: [Full GC (Ergonomics)  31739K->31739K(33792K), 0.0861977 secs]
181.303: [Full GC (Ergonomics)  31741K->31741K(33792K), 0.0895370 secs]
181.392: [Full GC (Ergonomics)  31742K->31742K(33792K), 0.0858238 secs]
181.478: [Full GC (Ergonomics)  31744K->31744K(33792K), 0.0834905 secs]
181.562: [Full GC (Ergonomics)  31745K->31745K(33792K), 0.0833938 secs]
181.646: [Full GC (Ergonomics)  31747K->31747K(33792K), 0.0830102 secs]
181.729: [Full GC (Ergonomics)  31748K->31748K(33792K), 0.0845695 secs]
181.815: [Full GC (Ergonomics)  31750K->31750K(33792K), 0.0888039 secs]
181.904: [Full GC (Ergonomics)  31751K->31751K(33792K), 0.1267781 secs]
182.031: [Full GC (Ergonomics)  31753K->31753K(33792K), 0.0970507 secs]
182.128: [Full GC (Ergonomics)  31754K->31754K(33792K), 0.1141945 secs]
182.243: [Full GC (Ergonomics)  31756K->31756K(33792K), 0.0991530 secs]
182.342: [Full GC (Ergonomics)  31757K->31757K(33792K), 0.1138945 secs]
182.456: [Full GC (Ergonomics)  31759K->31759K(33792K), 0.0998184 secs]
182.556: [Full GC (Ergonomics)  31760K->31760K(33792K), 0.0957345 secs]
182.652: [Full GC (Ergonomics)  31762K->31762K(33792K), 0.1037770 secs]
182.756: [Full GC (Ergonomics)  31763K->31763K(33792K), 0.1075893 secs]
182.866: [Full GC (Ergonomics)  31765K->31765K(33792K), 0.1147247 secs]
182.982: [Full GC (Ergonomics)  31766K->31766K(33792K), 0.1249618 secs]
183.109: [Full GC (Ergonomics)  31768K->31768K(33792K), 0.1139027 secs]
183.226: [Full GC (Ergonomics)  31769K->31769K(33792K), 0.1054507 secs]
183.333: [Full GC (Ergonomics)  31771K->31771K(33792K), 0.1143467 secs]
183.449: [Full GC (Ergonomics)  31772K->31772K(33792K), 0.1129419 secs]
183.564: [Full GC (Ergonomics)  31774K->31774K(33792K), 0.0841136 secs]
183.648: [Full GC (Ergonomics)  31775K->31775K(33792K), 0.0843734 secs]
183.732: [Full GC (Ergonomics)  31777K->31777K(33792K), 0.0845373 secs]
183.818: [Full GC (Ergonomics)  31778K->31778K(33792K), 0.0833507 secs]
183.903: [Full GC (Ergonomics)  31780K->31780K(33792K), 0.0835621 secs]
183.987: [Full GC (Ergonomics)  31781K->31781K(33792K), 0.0832234 secs]
184.070: [Full GC (Ergonomics)  31783K->31783K(33792K), 0.0830710 secs]
184.153: [Full GC (Ergonomics)  31784K->31784K(33792K), 0.0845678 secs]
184.238: [Full GC (Ergonomics)  31786K->31786K(33792K), 0.0835655 secs]
184.323: [Full GC (Ergonomics)  31787K->31787K(33792K), 0.0837232 secs]
184.407: [Full GC (Ergonomics)  31789K->31789K(33792K), 0.0846178 secs]
184.492: [Full GC (Ergonomics)  31790K->31790K(33792K), 0.0841593 secs]
184.576: [Full GC (Ergonomics)  31792K->31792K(33792K), 0.0834458 secs]
184.661: [Full GC (Ergonomics)  31793K->31793K(33792K), 0.0831290 secs]
184.746: [Full GC (Ergonomics)  31795K->31795K(33792K), 0.0827057 secs]
184.828: [Full GC (Ergonomics)  31797K->31797K(33792K), 0.0843422 secs]
184.913: [Full GC (Ergonomics)  31798K->31798K(33792K), 0.0921790 secs]
185.007: [Full GC (Ergonomics)  31800K->31800K(33792K), 0.0837316 secs]
185.091: [Full GC (Ergonomics)  31801K->31801K(33792K), 0.0841637 secs]
185.175: [Full GC (Ergonomics)  31803K->31803K(33792K), 0.0836905 secs]
185.259: [Full GC (Ergonomics)  31804K->31804K(33792K), 0.0844486 secs]
185.343: [Full GC (Ergonomics)  31806K->31806K(33792K), 0.0842553 secs]
185.428: [Full GC (Ergonomics)  31807K->31807K(33792K), 0.0849387 secs]
185.514: [Full GC (Ergonomics)  31809K->31809K(33792K), 0.0827436 secs]
185.598: [Full GC (Ergonomics)  31810K->31810K(33792K), 0.0836130 secs]
185.682: [Full GC (Ergonomics)  31812K->31812K(33792K), 0.0828640 secs]
185.767: [Full GC (Ergonomics)  31813K->31813K(33792K), 0.0838709 secs]
185.851: [Full GC (Ergonomics)  31815K->31815K(33792K), 0.0848956 secs]
185.936: [Full GC (Ergonomics)  31816K->31816K(33792K), 0.0849071 secs]
186.021: [Full GC (Ergonomics)  31818K->31818K(33792K), 0.0845315 secs]
186.106: [Full GC (Ergonomics)  31819K->31819K(33792K), 0.0841637 secs]
186.191: [Full GC (Ergonomics)  31821K->31821K(33792K), 0.0842431 secs]
186.276: [Full GC (Ergonomics)  31822K->31822K(33792K), 0.0841575 secs]
186.361: [Full GC (Ergonomics)  31824K->31824K(33792K), 0.0827931 secs]
186.444: [Full GC (Ergonomics)  31825K->31825K(33792K), 0.0841664 secs]
186.528: [Full GC (Ergonomics)  31827K->31827K(33792K), 0.0842517 secs]
186.613: [Full GC (Ergonomics)  31828K->31828K(33792K), 0.0840278 secs]
186.697: [Full GC (Ergonomics)  31830K->31830K(33792K), 0.0843844 secs]
186.781: [Full GC (Ergonomics)  31831K->31831K(33792K), 0.0839646 secs]
186.867: [Full GC (Ergonomics)  31833K->31833K(33792K), 0.0887630 secs]
186.957: [Full GC (Ergonomics)  31834K->31834K(33792K), 0.0835012 secs]
187.041: [Full GC (Ergonomics)  31836K->31836K(33792K), 0.0837392 secs]
187.125: [Full GC (Ergonomics)  31837K->31837K(33792K), 0.0837609 secs]
187.209: [Full GC (Ergonomics)  31839K->31839K(33792K), 0.0858204 secs]
187.295: [Full GC (Ergonomics)  31840K->31840K(33792K), 0.0845370 secs]
187.381: [Full GC (Ergonomics)  31842K->31842K(33792K), 0.0848336 secs]
187.467: [Full GC (Ergonomics)  31843K->31843K(33792K), 0.0826359 secs]
187.551: [Full GC (Ergonomics)  31845K->31845K(33792K), 0.0838391 secs]
187.635: [Full GC (Ergonomics)  31846K->31846K(33792K), 0.0848233 secs]
187.720: [Full GC (Ergonomics)  31848K->31848K(33792K), 0.0839933 secs]
187.805: [Full GC (Ergonomics)  31849K->31849K(33792K), 0.0841527 secs]
187.889: [Full GC (Ergonomics)  31851K->31851K(33792K), 0.0853408 secs]
187.976: [Full GC (Ergonomics)  31852K->31852K(33792K), 0.0838495 secs]
188.060: [Full GC (Ergonomics)  31854K->31854K(33792K), 0.0849766 secs]
188.145: [Full GC (Ergonomics)  31855K->31855K(33792K), 0.0840785 secs]
188.229: [Full GC (Ergonomics)  31857K->31857K(33792K), 0.0843078 secs]
188.314: [Full GC (Ergonomics)  31858K->31858K(33792K), 0.0844990 secs]
188.398: [Full GC (Ergonomics)  31860K->31860K(33792K), 0.0928729 secs]
188.493: [Full GC (Ergonomics)  31861K->31861K(33792K), 0.0840171 secs]
188.577: [Full GC (Ergonomics)  31863K->31863K(33792K), 0.0843373 secs]
188.663: [Full GC (Ergonomics)  31864K->31864K(33792K), 0.0837866 secs]
188.747: [Full GC (Ergonomics)  31866K->31866K(33792K), 0.0842404 secs]
188.831: [Full GC (Ergonomics)  31867K->31867K(33792K), 0.0843451 secs]
188.916: [Full GC (Ergonomics)  31869K->31869K(33792K), 0.0840902 secs]
189.000: [Full GC (Ergonomics)  31870K->31870K(33792K), 0.0842478 secs]
189.084: [Full GC (Ergonomics)  31872K->31872K(33792K), 0.0837964 secs]
189.168: [Full GC (Ergonomics)  31873K->31873K(33792K), 0.0849273 secs]
189.254: [Full GC (Ergonomics)  31875K->31875K(33792K), 0.0852888 secs]
189.339: [Full GC (Ergonomics)  31876K->31876K(33792K), 0.0843367 secs]
189.425: [Full GC (Ergonomics)  31878K->31878K(33792K), 0.0830240 secs]
189.508: [Full GC (Ergonomics)  31879K->31879K(33792K), 0.0841056 secs]
189.592: [Full GC (Ergonomics)  31881K->31881K(33792K), 0.0842166 secs]
189.677: [Full GC (Ergonomics)  31882K->31882K(33792K), 0.0846457 secs]
189.762: [Full GC (Ergonomics)  31884K->31884K(33792K), 0.0841767 secs]
189.847: [Full GC (Ergonomics)  31885K->31885K(33792K), 0.0841322 secs]
189.933: [Full GC (Ergonomics)  31887K->31887K(33792K), 0.0834912 secs]
190.017: [Full GC (Ergonomics)  31888K->31888K(33792K), 0.0932318 secs]
190.110: [Full GC (Ergonomics)  31890K->31890K(33792K), 0.0911413 secs]
190.201: [Full GC (Ergonomics)  31891K->31891K(33792K), 0.0841909 secs]
190.286: [Full GC (Ergonomics)  31893K->31893K(33792K), 0.0849316 secs]
190.371: [Full GC (Ergonomics)  31894K->31894K(33792K), 0.0846245 secs]
190.456: [Full GC (Ergonomics)  31896K->31896K(33792K), 0.0848254 secs]
190.541: [Full GC (Ergonomics)  31897K->31897K(33792K), 0.0842063 secs]
190.626: [Full GC (Ergonomics)  31899K->31899K(33792K), 0.0837462 secs]
190.710: [Full GC (Ergonomics)  31900K->31900K(33792K), 0.0848102 secs]
190.795: [Full GC (Ergonomics)  31902K->31902K(33792K), 0.0846450 secs]
190.880: [Full GC (Ergonomics)  31903K->31903K(33792K), 0.0854280 secs]
190.965: [Full GC (Ergonomics)  31905K->31905K(33792K), 0.0855867 secs]
191.052: [Full GC (Ergonomics)  31906K->31906K(33792K), 0.0844036 secs]
